Archive member included because of file (symbol)

c:/program files (x86)/gnu tools arm embedded/4.9 2015q2/bin/../lib/gcc/arm-none-eabi/4.9.3/armv6-m\libgcc.a(_udivsi3.o)
                              ./src/hal_lib.o (__aeabi_uidiv)
c:/program files (x86)/gnu tools arm embedded/4.9 2015q2/bin/../lib/gcc/arm-none-eabi/4.9.3/armv6-m\libgcc.a(_dvmd_tls.o)
                              c:/program files (x86)/gnu tools arm embedded/4.9 2015q2/bin/../lib/gcc/arm-none-eabi/4.9.3/armv6-m\libgcc.a(_udivsi3.o) (__aeabi_idiv0)
c:/program files (x86)/gnu tools arm embedded/4.9 2015q2/bin/../lib/gcc/arm-none-eabi/4.9.3/../../../../arm-none-eabi/lib/armv6-m\libg_nano.a(lib_a-errno.o)
                              ./system/src/newlib/_sbrk.o (__errno)
c:/program files (x86)/gnu tools arm embedded/4.9 2015q2/bin/../lib/gcc/arm-none-eabi/4.9.3/../../../../arm-none-eabi/lib/armv6-m\libg_nano.a(lib_a-exit.o)
                              c:/program files (x86)/gnu tools arm embedded/4.9 2015q2/bin/../lib/gcc/arm-none-eabi/4.9.3/../../../../arm-none-eabi/lib/armv6-m/crt0.o (exit)
c:/program files (x86)/gnu tools arm embedded/4.9 2015q2/bin/../lib/gcc/arm-none-eabi/4.9.3/../../../../arm-none-eabi/lib/armv6-m\libg_nano.a(lib_a-impure.o)
                              c:/program files (x86)/gnu tools arm embedded/4.9 2015q2/bin/../lib/gcc/arm-none-eabi/4.9.3/../../../../arm-none-eabi/lib/armv6-m\libg_nano.a(lib_a-exit.o) (_global_impure_ptr)
c:/program files (x86)/gnu tools arm embedded/4.9 2015q2/bin/../lib/gcc/arm-none-eabi/4.9.3/../../../../arm-none-eabi/lib/armv6-m\libg_nano.a(lib_a-init.o)
                              c:/program files (x86)/gnu tools arm embedded/4.9 2015q2/bin/../lib/gcc/arm-none-eabi/4.9.3/../../../../arm-none-eabi/lib/armv6-m/crt0.o (__libc_init_array)
c:/program files (x86)/gnu tools arm embedded/4.9 2015q2/bin/../lib/gcc/arm-none-eabi/4.9.3/../../../../arm-none-eabi/lib/armv6-m\libg_nano.a(lib_a-memcpy.o)
                              ./src/USARTInTask_task.o (memcpy)
c:/program files (x86)/gnu tools arm embedded/4.9 2015q2/bin/../lib/gcc/arm-none-eabi/4.9.3/../../../../arm-none-eabi/lib/armv6-m\libg_nano.a(lib_a-memset.o)
                              c:/program files (x86)/gnu tools arm embedded/4.9 2015q2/bin/../lib/gcc/arm-none-eabi/4.9.3/../../../../arm-none-eabi/lib/armv6-m/crt0.o (memset)
c:/program files (x86)/gnu tools arm embedded/4.9 2015q2/bin/../lib/gcc/arm-none-eabi/4.9.3/../../../../arm-none-eabi/lib/armv6-m\libg_nano.a(lib_a-sprintf.o)
                              ./src/USARTOutTask_task.o (sprintf)
c:/program files (x86)/gnu tools arm embedded/4.9 2015q2/bin/../lib/gcc/arm-none-eabi/4.9.3/../../../../arm-none-eabi/lib/armv6-m\libg_nano.a(lib_a-strlen.o)
                              ./src/USARTInTask_task.o (strlen)
c:/program files (x86)/gnu tools arm embedded/4.9 2015q2/bin/../lib/gcc/arm-none-eabi/4.9.3/../../../../arm-none-eabi/lib/armv6-m\libg_nano.a(lib_a-strncmp.o)
                              ./src/USARTInTask_task.o (strncmp)
c:/program files (x86)/gnu tools arm embedded/4.9 2015q2/bin/../lib/gcc/arm-none-eabi/4.9.3/../../../../arm-none-eabi/lib/armv6-m\libg_nano.a(lib_a-nano-svfprintf.o)
                              c:/program files (x86)/gnu tools arm embedded/4.9 2015q2/bin/../lib/gcc/arm-none-eabi/4.9.3/../../../../arm-none-eabi/lib/armv6-m\libg_nano.a(lib_a-sprintf.o) (_svfprintf_r)
c:/program files (x86)/gnu tools arm embedded/4.9 2015q2/bin/../lib/gcc/arm-none-eabi/4.9.3/../../../../arm-none-eabi/lib/armv6-m\libg_nano.a(lib_a-nano-vfprintf_i.o)
                              c:/program files (x86)/gnu tools arm embedded/4.9 2015q2/bin/../lib/gcc/arm-none-eabi/4.9.3/../../../../arm-none-eabi/lib/armv6-m\libg_nano.a(lib_a-nano-svfprintf.o) (_printf_i)
c:/program files (x86)/gnu tools arm embedded/4.9 2015q2/bin/../lib/gcc/arm-none-eabi/4.9.3/../../../../arm-none-eabi/lib/armv6-m\libg_nano.a(lib_a-memchr.o)
                              c:/program files (x86)/gnu tools arm embedded/4.9 2015q2/bin/../lib/gcc/arm-none-eabi/4.9.3/../../../../arm-none-eabi/lib/armv6-m\libg_nano.a(lib_a-nano-svfprintf.o) (memchr)
c:/program files (x86)/gnu tools arm embedded/4.9 2015q2/bin/../lib/gcc/arm-none-eabi/4.9.3/../../../../arm-none-eabi/lib/armv6-m\libg_nano.a(lib_a-memmove.o)
                              c:/program files (x86)/gnu tools arm embedded/4.9 2015q2/bin/../lib/gcc/arm-none-eabi/4.9.3/../../../../arm-none-eabi/lib/armv6-m\libg_nano.a(lib_a-nano-svfprintf.o) (memmove)
c:/program files (x86)/gnu tools arm embedded/4.9 2015q2/bin/../lib/gcc/arm-none-eabi/4.9.3/../../../../arm-none-eabi/lib/armv6-m\libg_nano.a(lib_a-nano-freer.o)
                              c:/program files (x86)/gnu tools arm embedded/4.9 2015q2/bin/../lib/gcc/arm-none-eabi/4.9.3/../../../../arm-none-eabi/lib/armv6-m\libg_nano.a(lib_a-nano-svfprintf.o) (_free_r)
[...]
Memory Configuration

Name             Origin             Length             Attributes
RAM              0x20000000         0x00002000         xrw
CCMRAM           0x00000000         0x00000000         xrw
FLASH            0x08000000         0x00010000         xr
FLASHB1          0x00000000         0x00000000         xr
EXTMEMB0         0x00000000         0x00000000         xr
EXTMEMB1         0x00000000         0x00000000         xr
EXTMEMB2         0x00000000         0x00000000         xr
EXTMEMB3         0x00000000         0x00000000         xr
MEMORY_ARRAY     0x00000000         0x00000000         xrw
*default*        0x00000000         0xffffffff

Linker script and memory map

LOAD c:/program files (x86)/gnu tools arm embedded/4.9 2015q2/bin/../lib/gcc/arm-none-eabi/4.9.3/armv6-m/crti.o
LOAD c:/program files (x86)/gnu tools arm embedded/4.9 2015q2/bin/../lib/gcc/arm-none-eabi/4.9.3/armv6-m/crtbegin.o
LOAD c:/program files (x86)/gnu tools arm embedded/4.9 2015q2/bin/../lib/gcc/arm-none-eabi/4.9.3/../../../../arm-none-eabi/lib/armv6-m/crt0.o
LOAD ./system/src/newlib/_cxx.o
LOAD ./system/src/newlib/_exit.o
LOAD ./system/src/newlib/_sbrk.o
LOAD ./system/src/newlib/_startup.o
LOAD ./system/src/newlib/_syscalls.o
LOAD ./system/src/newlib/assert.o
LOAD ./system/src/diag/Trace.o
LOAD ./system/src/diag/trace_impl.o
LOAD ./src/USARTInTask_task.o
LOAD ./src/USARTOutTask_task.o
LOAD ./src/_write.o
LOAD ./src/bossTask_task.o
LOAD ./src/freertos.o
LOAD ./src/genericMessaging_lib.o
LOAD ./src/hal_lib.o
LOAD ./src/main.o
LOAD ./src/stm32f0xx_hal_msp.o
LOAD ./src/stm32f0xx_it.o
LOAD ./src/strings_res.o
LOAD ./src/userTasks_task.o
LOAD ./lib/Middlewares/Third_Party/FreeRTOS/Source/portable/MemMang/heap_4.o
LOAD ./lib/Middlewares/Third_Party/FreeRTOS/Source/portable/GCC/ARM_CM0/port.o
LOAD ./lib/Middlewares/Third_Party/FreeRTOS/Source/CMSIS_RTOS/cmsis_os.o
LOAD ./lib/Middlewares/Third_Party/FreeRTOS/Source/croutine.o
LOAD ./lib/Middlewares/Third_Party/FreeRTOS/Source/event_groups.o
LOAD ./lib/Middlewares/Third_Party/FreeRTOS/Source/list.o
LOAD ./lib/Middlewares/Third_Party/FreeRTOS/Source/queue.o
LOAD ./lib/Middlewares/Third_Party/FreeRTOS/Source/tasks.o
LOAD ./lib/Middlewares/Third_Party/FreeRTOS/Source/timers.o
LOAD ./lib/Drivers/STM32F0xx_HAL_Driver/Src/stm32f0xx_hal.o
LOAD ./lib/Drivers/STM32F0xx_HAL_Driver/Src/stm32f0xx_hal_adc.o
LOAD ./lib/Drivers/STM32F0xx_HAL_Driver/Src/stm32f0xx_hal_adc_ex.o
LOAD ./lib/Drivers/STM32F0xx_HAL_Driver/Src/stm32f0xx_hal_cortex.o
LOAD ./lib/Drivers/STM32F0xx_HAL_Driver/Src/stm32f0xx_hal_dma.o
LOAD ./lib/Drivers/STM32F0xx_HAL_Driver/Src/stm32f0xx_hal_flash.o
LOAD ./lib/Drivers/STM32F0xx_HAL_Driver/Src/stm32f0xx_hal_flash_ex.o
LOAD ./lib/Drivers/STM32F0xx_HAL_Driver/Src/stm32f0xx_hal_gpio.o
LOAD ./lib/Drivers/STM32F0xx_HAL_Driver/Src/stm32f0xx_hal_pwr.o
LOAD ./lib/Drivers/STM32F0xx_HAL_Driver/Src/stm32f0xx_hal_pwr_ex.o
LOAD ./lib/Drivers/STM32F0xx_HAL_Driver/Src/stm32f0xx_hal_rcc.o
LOAD ./lib/Drivers/STM32F0xx_HAL_Driver/Src/stm32f0xx_hal_rcc_ex.o
LOAD ./lib/Drivers/STM32F0xx_HAL_Driver/Src/stm32f0xx_hal_spi.o
LOAD ./lib/Drivers/STM32F0xx_HAL_Driver/Src/stm32f0xx_hal_spi_ex.o
LOAD ./lib/Drivers/STM32F0xx_HAL_Driver/Src/stm32f0xx_hal_tim.o
LOAD ./lib/Drivers/STM32F0xx_HAL_Driver/Src/stm32f0xx_hal_tim_ex.o
LOAD ./lib/Drivers/STM32F0xx_HAL_Driver/Src/stm32f0xx_hal_uart.o
LOAD ./lib/Drivers/STM32F0xx_HAL_Driver/Src/stm32f0xx_hal_uart_ex.o
LOAD ./lib/Drivers/CMSIS/Device/ST/STM32F0xx/Source/Templates/startup_stm32f0xx.o
LOAD ./lib/Drivers/CMSIS/Device/ST/STM32F0xx/Source/Templates/system_stm32f0xx.o
LOAD c:/program files (x86)/gnu tools arm embedded/4.9 2015q2/bin/../lib/gcc/arm-none-eabi/4.9.3/../../../../arm-none-eabi/lib/armv6-m\libstdc++_nano.a
LOAD c:/program files (x86)/gnu tools arm embedded/4.9 2015q2/bin/../lib/gcc/arm-none-eabi/4.9.3/../../../../arm-none-eabi/lib/armv6-m\libm.a
START GROUP
LOAD c:/program files (x86)/gnu tools arm embedded/4.9 2015q2/bin/../lib/gcc/arm-none-eabi/4.9.3/armv6-m\libgcc.a
LOAD c:/program files (x86)/gnu tools arm embedded/4.9 2015q2/bin/../lib/gcc/arm-none-eabi/4.9.3/../../../../arm-none-eabi/lib/armv6-m\libg_nano.a
LOAD c:/program files (x86)/gnu tools arm embedded/4.9 2015q2/bin/../lib/gcc/arm-none-eabi/4.9.3/../../../../arm-none-eabi/lib/armv6-m\libc_nano.a
END GROUP
START GROUP
LOAD c:/program files (x86)/gnu tools arm embedded/4.9 2015q2/bin/../lib/gcc/arm-none-eabi/4.9.3/armv6-m\libgcc.a
LOAD c:/program files (x86)/gnu tools arm embedded/4.9 2015q2/bin/../lib/gcc/arm-none-eabi/4.9.3/../../../../arm-none-eabi/lib/armv6-m\libc_nano.a
END GROUP
LOAD c:/program files (x86)/gnu tools arm embedded/4.9 2015q2/bin/../lib/gcc/arm-none-eabi/4.9.3/armv6-m/crtend.o
LOAD c:/program files (x86)/gnu tools arm embedded/4.9 2015q2/bin/../lib/gcc/arm-none-eabi/4.9.3/armv6-m/crtn.o
                0x20002000                __stack = (ORIGIN (RAM) + 0x2000)
                0x20002000                _estack = __stack
                0x00000400                __Main_Stack_Size = 0x400
                0x00000400                PROVIDE (_Main_Stack_Size, __Main_Stack_Size)
                0x20001c00                __Main_Stack_Limit = (__stack - __Main_Stack_Size)
                0x20001c00                PROVIDE (_Main_Stack_Limit, __Main_Stack_Limit)
                0x00000100                _Minimum_Stack_Size = 0x100
                0x200018c4                PROVIDE (_Heap_Begin, _end_noinit)
                0x20001c00                PROVIDE (_Heap_Limit, (__stack - __Main_Stack_Size))

.isr_vector     0x08000000       0xc4
                0x08000000                . = ALIGN (0x4)
 *(.isr_vector)
 .isr_vector    0x08000000       0xc4 ./lib/Drivers/CMSIS/Device/ST/STM32F0xx/Source/Templates/startup_stm32f0xx.o
                0x08000000                g_pfnVectors
 *(.cfmconfig)
 *(.after_vectors .after_vectors.*)
                0x080000c4                . = ALIGN (0x4)

.inits          0x080000c4       0x20
                0x080000c4                . = ALIGN (0x4)
 *(.init)
 .init          0x080000c4        0x4 c:/program files (x86)/gnu tools arm embedded/4.9 2015q2/bin/../lib/gcc/arm-none-eabi/4.9.3/armv6-m/crti.o
                0x080000c4                _init
 .init          0x080000c8        0x8 c:/program files (x86)/gnu tools arm embedded/4.9 2015q2/bin/../lib/gcc/arm-none-eabi/4.9.3/armv6-m/crtn.o
 *(.fini)
 .fini          0x080000d0        0x4 c:/program files (x86)/gnu tools arm embedded/4.9 2015q2/bin/../lib/gcc/arm-none-eabi/4.9.3/armv6-m/crti.o
                0x080000d0                _fini
 .fini          0x080000d4        0x8 c:/program files (x86)/gnu tools arm embedded/4.9 2015q2/bin/../lib/gcc/arm-none-eabi/4.9.3/armv6-m/crtn.o
                0x080000dc                . = ALIGN (0x4)
                0x080000dc                PROVIDE (__preinit_array_start, .)
 *(.preinit_array_sysinit .preinit_array_sysinit.*)
 *(.preinit_array_platform .preinit_array_platform.*)
 *(.preinit_array .preinit_array.*)
                0x080000dc                PROVIDE (__preinit_array_end, .)
                0x080000dc                . = ALIGN (0x4)
                0x080000dc                PROVIDE (__init_array_start, .)
 *(SORT(.init_array.*))
 *(.init_array)
 .init_array    0x080000dc        0x4 c:/program files (x86)/gnu tools arm embedded/4.9 2015q2/bin/../lib/gcc/arm-none-eabi/4.9.3/armv6-m/crtbegin.o
                0x080000e0                PROVIDE (__init_array_end, .)
                0x080000e0                . = ALIGN (0x4)
                0x080000e0                PROVIDE (__fini_array_start, .)
 *(SORT(.fini_array.*))
 *(.fini_array)
 .fini_array    0x080000e0        0x4 c:/program files (x86)/gnu tools arm embedded/4.9 2015q2/bin/../lib/gcc/arm-none-eabi/4.9.3/armv6-m/crtbegin.o
                0x080000e4                PROVIDE (__fini_array_end, .)
                0x080000e4                . = ALIGN (0x4)

.flashtext      0x080000e4        0x0
                0x080000e4                . = ALIGN (0x4)
 *(.flashtext .flashtext.*)
                0x080000e4                . = ALIGN (0x4)

.text           0x080000e4     0x4d00
                0x080000e4                . = ALIGN (0x4)
 *(.text .text.*)
 .text          0x080000e4       0x60 c:/program files (x86)/gnu tools arm embedded/4.9 2015q2/bin/../lib/gcc/arm-none-eabi/4.9.3/armv6-m/crtbegin.o
 .text          0x08000144       0x78 c:/program files (x86)/gnu tools arm embedded/4.9 2015q2/bin/../lib/gcc/arm-none-eabi/4.9.3/../../../../arm-none-eabi/lib/armv6-m/crt0.o
                0x08000144                _start
                0x08000144                _mainCRTStartup
 .text._exit    0x080001bc        0x4 ./system/src/newlib/_exit.o
                0x080001bc                _exit
 .text._sbrk    0x080001c0       0x44 ./system/src/newlib/_sbrk.o
                0x080001c0                _sbrk
 .text.fetchString
                0x08000204       0x3c ./src/USARTInTask_task.o
 .text.interpretUSBString
                0x08000240      0x134 ./src/USARTInTask_task.o
 .text.interpretWifiString
                0x08000374       0xec ./src/USARTInTask_task.o
 .text.StartUSARTInTask
                0x08000460       0x28 ./src/USARTInTask_task.o
                0x08000460                StartUSARTInTask
 .text.interpretCommand
                0x08000488      0x114 ./src/USARTOutTask_task.o
 .text.StartUSARTOutTask
                0x0800059c       0x2c ./src/USARTOutTask_task.o
                0x0800059c                StartUSARTOutTask
 .text.proc_wifiATTest
                0x080005c8       0xb0 ./src/bossTask_task.o
 .text.proc_wifiInit
                0x08000678      0x130 ./src/bossTask_task.o
 .text.proc_wifiConnectAP
                0x080007a8       0xd4 ./src/bossTask_task.o
 .text.proc_wifiStartServer
                0x0800087c       0xd8 ./src/bossTask_task.o
 .text.interpretCommand
                0x08000954      0x144 ./src/bossTask_task.o
 .text.StartBossTask
                0x08000a98       0x44 ./src/bossTask_task.o
                0x08000a98                StartBossTask
 .text.vApplicationIdleHook
                0x08000adc        0x4 ./src/freertos.o
                0x08000adc                vApplicationIdleHook
 .text.vApplicationMallocFailedHook
                0x08000ae0        0x4 ./src/freertos.o
                0x08000ae0                vApplicationMallocFailedHook
 .text.sendCommand
                0x08000ae4       0x44 ./src/genericMessaging_lib.o
                0x08000ae4                sendCommand
 .text.fetchMessage
                0x08000b28       0x3c ./src/genericMessaging_lib.o
                0x08000b28                fetchMessage
 .text.decodeCommand
                0x08000b64       0x10 ./src/genericMessaging_lib.o
                0x08000b64                decodeCommand
 .text.inHandlerMode
                0x08000b74        0xc ./src/hal_lib.o
 .text.cHAL_UART_Transmit_IT
                0x08000b80       0x80 ./src/hal_lib.o
                0x08000b80                cHAL_UART_Transmit_IT
 .text.SystemClock_Config
                0x08000c00       0x60 ./src/hal_lib.o
                0x08000c00                SystemClock_Config
 .text.MX_TIM1_Init
                0x08000c60       0x78 ./src/hal_lib.o
                0x08000c60                MX_TIM1_Init
 .text.MX_TIM2_Init
                0x08000cd8       0x4c ./src/hal_lib.o
                0x08000cd8                MX_TIM2_Init
 .text.MX_TIM15_Init
                0x08000d24       0x78 ./src/hal_lib.o
                0x08000d24                MX_TIM15_Init
 .text.MX_USART1_UART_Init
                0x08000d9c       0x30 ./src/hal_lib.o
                0x08000d9c                MX_USART1_UART_Init
 .text.MX_USART2_UART_Init
                0x08000dcc       0x30 ./src/hal_lib.o
                0x08000dcc                MX_USART2_UART_Init
 .text.MX_DMA_Init
                0x08000dfc       0x30 ./src/hal_lib.o
                0x08000dfc                MX_DMA_Init
 .text.MX_GPIO_Init
                0x08000e2c       0xb4 ./src/hal_lib.o
                0x08000e2c                MX_GPIO_Init
 .text.cHAL_UART_TermReceive_IT
                0x08000ee0       0xb8 ./src/hal_lib.o
                0x08000ee0                cHAL_UART_TermReceive_IT
 .text.cHAL_USART_sTransmit_IT
                0x08000f98       0x34 ./src/hal_lib.o
                0x08000f98                cHAL_USART_sTransmit_IT
 .text.HAL_UART_RxCpltCallback
                0x08000fcc       0x58 ./src/hal_lib.o
                0x08000fcc                HAL_UART_RxCpltCallback
 .text.cUART_TermReceive_IT
                0x08001024       0xa4 ./src/hal_lib.o
                0x08001024                cUART_TermReceive_IT
 .text.HAL_UART_TxCpltCallback
                0x080010c8       0x18 ./src/hal_lib.o
                0x080010c8                HAL_UART_TxCpltCallback
 .text.HAL_UART_ErrorCallback
                0x080010e0       0x14 ./src/hal_lib.o
                0x080010e0                HAL_UART_ErrorCallback
 .text.cHAL_UART_IRQTermHandler
                0x080010f4       0xf4 ./src/hal_lib.o
                0x080010f4                cHAL_UART_IRQTermHandler
 .text.main     0x080011e8       0xfc ./src/main.o
                0x080011e8                main
 .text.HAL_MspInit
                0x080012e4       0x28 ./src/stm32f0xx_hal_msp.o
                0x080012e4                HAL_MspInit
 .text.HAL_TIM_PWM_MspInit
                0x0800130c       0xc0 ./src/stm32f0xx_hal_msp.o
                0x0800130c                HAL_TIM_PWM_MspInit
 .text.HAL_UART_MspInit
                0x080013cc       0xa8 ./src/stm32f0xx_hal_msp.o
                0x080013cc                HAL_UART_MspInit
 .text.SysTick_Handler
                0x08001474        0xc ./src/stm32f0xx_it.o
                0x08001474                SysTick_Handler
 .text.DMA1_Channel1_IRQHandler
                0x08001480       0x10 ./src/stm32f0xx_it.o
                0x08001480                DMA1_Channel1_IRQHandler
 .text.USART1_IRQHandler
                0x08001490       0x10 ./src/stm32f0xx_it.o
                0x08001490                USART1_IRQHandler
 .text.USART2_IRQHandler
                0x080014a0       0x10 ./src/stm32f0xx_it.o
                0x080014a0                USART2_IRQHandler
 .text.prvHeapInit
                0x080014b0       0x68 ./lib/Middlewares/Third_Party/FreeRTOS/Source/portable/MemMang/heap_4.o
 .text.prvInsertBlockIntoFreeList
                0x08001518       0x54 ./lib/Middlewares/Third_Party/FreeRTOS/Source/portable/MemMang/heap_4.o
 .text.pvPortMalloc
                0x0800156c       0xd8 ./lib/Middlewares/Third_Party/FreeRTOS/Source/portable/MemMang/heap_4.o
                0x0800156c                pvPortMalloc
 .text.vPortFree
                0x08001644       0x5c ./lib/Middlewares/Third_Party/FreeRTOS/Source/portable/MemMang/heap_4.o
                0x08001644                vPortFree
 .text.prvTaskExitError
                0x080016a0       0x14 ./lib/Middlewares/Third_Party/FreeRTOS/Source/portable/GCC/ARM_CM0/port.o
 .text.vPortStartFirstTask
                0x080016b4       0x20 ./lib/Middlewares/Third_Party/FreeRTOS/Source/portable/GCC/ARM_CM0/port.o
 .text.prvSetupTimerInterrupt
                0x080016d4       0x28 ./lib/Middlewares/Third_Party/FreeRTOS/Source/portable/GCC/ARM_CM0/port.o
 .text.pxPortInitialiseStack
                0x080016fc       0x20 ./lib/Middlewares/Third_Party/FreeRTOS/Source/portable/GCC/ARM_CM0/port.o
                0x080016fc                pxPortInitialiseStack
 .text.SVC_Handler
                0x0800171c        0x4 ./lib/Middlewares/Third_Party/FreeRTOS/Source/portable/GCC/ARM_CM0/port.o
                0x0800171c                SVC_Handler
 .text.xPortStartScheduler
                0x08001720       0x34 ./lib/Middlewares/Third_Party/FreeRTOS/Source/portable/GCC/ARM_CM0/port.o
                0x08001720                xPortStartScheduler
 .text.vPortYield
                0x08001754       0x18 ./lib/Middlewares/Third_Party/FreeRTOS/Source/portable/GCC/ARM_CM0/port.o
                0x08001754                vPortYield
 .text.vPortEnterCritical
                0x0800176c       0x18 ./lib/Middlewares/Third_Party/FreeRTOS/Source/portable/GCC/ARM_CM0/port.o
                0x0800176c                vPortEnterCritical
 .text.vPortExitCritical
                0x08001784       0x20 ./lib/Middlewares/Third_Party/FreeRTOS/Source/portable/GCC/ARM_CM0/port.o
                0x08001784                vPortExitCritical
 .text.ulSetInterruptMaskFromISR
                0x080017a4        0xc ./lib/Middlewares/Third_Party/FreeRTOS/Source/portable/GCC/ARM_CM0/port.o
                0x080017a4                ulSetInterruptMaskFromISR
 .text.vClearInterruptMaskFromISR
                0x080017b0        0x8 ./lib/Middlewares/Third_Party/FreeRTOS/Source/portable/GCC/ARM_CM0/port.o
                0x080017b0                vClearInterruptMaskFromISR
 .text.PendSV_Handler
                0x080017b8       0x44 ./lib/Middlewares/Third_Party/FreeRTOS/Source/portable/GCC/ARM_CM0/port.o
                0x080017b8                PendSV_Handler
 .text.xPortSysTickHandler
                0x080017fc       0x24 ./lib/Middlewares/Third_Party/FreeRTOS/Source/portable/GCC/ARM_CM0/port.o
                0x080017fc                xPortSysTickHandler
 .text.makeFreeRtosPriority
                0x08001820        0xc ./lib/Middlewares/Third_Party/FreeRTOS/Source/CMSIS_RTOS/cmsis_os.o
 .text.inHandlerMode
                0x0800182c        0xc ./lib/Middlewares/Third_Party/FreeRTOS/Source/CMSIS_RTOS/cmsis_os.o
 .text.osKernelStart
                0x08001838        0xc ./lib/Middlewares/Third_Party/FreeRTOS/Source/CMSIS_RTOS/cmsis_os.o
                0x08001838                osKernelStart
 .text.osThreadCreate
                0x08001844       0x3c ./lib/Middlewares/Third_Party/FreeRTOS/Source/CMSIS_RTOS/cmsis_os.o
                0x08001844                osThreadCreate
 .text.osDelay  0x08001880       0x10 ./lib/Middlewares/Third_Party/FreeRTOS/Source/CMSIS_RTOS/cmsis_os.o
                0x08001880                osDelay
 .text.osPoolCreate
                0x08001890       0x70 ./lib/Middlewares/Third_Party/FreeRTOS/Source/CMSIS_RTOS/cmsis_os.o
                0x08001890                osPoolCreate
 .text.osPoolAlloc
                0x08001900       0x68 ./lib/Middlewares/Third_Party/FreeRTOS/Source/CMSIS_RTOS/cmsis_os.o
                0x08001900                osPoolAlloc
 .text.osPoolFree
                0x08001968       0x50 ./lib/Middlewares/Third_Party/FreeRTOS/Source/CMSIS_RTOS/cmsis_os.o
                0x08001968                osPoolFree
 .text.osMessageCreate
                0x080019b8       0x10 ./lib/Middlewares/Third_Party/FreeRTOS/Source/CMSIS_RTOS/cmsis_os.o
                0x080019b8                osMessageCreate
 .text.osMessagePut
                0x080019c8       0x64 ./lib/Middlewares/Third_Party/FreeRTOS/Source/CMSIS_RTOS/cmsis_os.o
                0x080019c8                osMessagePut
 .text.osMessageGet
                0x08001a2c       0x98 ./lib/Middlewares/Third_Party/FreeRTOS/Source/CMSIS_RTOS/cmsis_os.o
                0x08001a2c                osMessageGet
 .text.osSystickHandler
                0x08001ac4       0x10 ./lib/Middlewares/Third_Party/FreeRTOS/Source/CMSIS_RTOS/cmsis_os.o
                0x08001ac4                osSystickHandler
 .text.vListInitialise
                0x08001ad4       0x18 ./lib/Middlewares/Third_Party/FreeRTOS/Source/list.o
                0x08001ad4                vListInitialise
 .text.vListInitialiseItem
                0x08001aec        0x8 ./lib/Middlewares/Third_Party/FreeRTOS/Source/list.o
                0x08001aec                vListInitialiseItem
 .text.vListInsertEnd
                0x08001af4       0x18 ./lib/Middlewares/Third_Party/FreeRTOS/Source/list.o
                0x08001af4                vListInsertEnd
 .text.vListInsert
                0x08001b0c       0x30 ./lib/Middlewares/Third_Party/FreeRTOS/Source/list.o
                0x08001b0c                vListInsert
 .text.uxListRemove
                0x08001b3c       0x24 ./lib/Middlewares/Third_Party/FreeRTOS/Source/list.o
                0x08001b3c                uxListRemove
 .text.prvIsQueueFull
                0x08001b60       0x20 ./lib/Middlewares/Third_Party/FreeRTOS/Source/queue.o
 .text.prvIsQueueEmpty
                0x08001b80       0x1c ./lib/Middlewares/Third_Party/FreeRTOS/Source/queue.o
 .text.prvCopyDataToQueue
                0x08001b9c       0x88 ./lib/Middlewares/Third_Party/FreeRTOS/Source/queue.o
 .text.prvCopyDataFromQueue
                0x08001c24       0x24 ./lib/Middlewares/Third_Party/FreeRTOS/Source/queue.o
 .text.prvUnlockQueue
                0x08001c48       0x6c ./lib/Middlewares/Third_Party/FreeRTOS/Source/queue.o
 .text.xQueueGenericReset
                0x08001cb4       0x6c ./lib/Middlewares/Third_Party/FreeRTOS/Source/queue.o
                0x08001cb4                xQueueGenericReset
 .text.xQueueGenericCreate
                0x08001d20       0x54 ./lib/Middlewares/Third_Party/FreeRTOS/Source/queue.o
                0x08001d20                xQueueGenericCreate
 .text.xQueueGenericSend
                0x08001d74      0x13c ./lib/Middlewares/Third_Party/FreeRTOS/Source/queue.o
                0x08001d74                xQueueGenericSend
 .text.xQueueGenericSendFromISR
                0x08001eb0       0xb0 ./lib/Middlewares/Third_Party/FreeRTOS/Source/queue.o
                0x08001eb0                xQueueGenericSendFromISR
 .text.xQueueGenericReceive
                0x08001f60      0x158 ./lib/Middlewares/Third_Party/FreeRTOS/Source/queue.o
                0x08001f60                xQueueGenericReceive
 .text.xQueueReceiveFromISR
                0x080020b8       0x8c ./lib/Middlewares/Third_Party/FreeRTOS/Source/queue.o
                0x080020b8                xQueueReceiveFromISR
 .text.prvResetNextTaskUnblockTime
                0x08002144       0x38 ./lib/Middlewares/Third_Party/FreeRTOS/Source/tasks.o
 .text.prvDeleteTCB
                0x0800217c       0x14 ./lib/Middlewares/Third_Party/FreeRTOS/Source/tasks.o
 .text.prvAllocateTCBAndStack
                0x08002190       0x44 ./lib/Middlewares/Third_Party/FreeRTOS/Source/tasks.o
 .text.prvInitialiseTCBVariables
                0x080021d4       0x54 ./lib/Middlewares/Third_Party/FreeRTOS/Source/tasks.o
 .text.prvInitialiseTaskLists
                0x08002228       0x64 ./lib/Middlewares/Third_Party/FreeRTOS/Source/tasks.o
 .text.prvAddCurrentTaskToDelayedList
                0x0800228c       0x54 ./lib/Middlewares/Third_Party/FreeRTOS/Source/tasks.o
 .text.xTaskGenericCreate
                0x080022e0      0x108 ./lib/Middlewares/Third_Party/FreeRTOS/Source/tasks.o
                0x080022e0                xTaskGenericCreate
 .text.vTaskStartScheduler
                0x080023e8       0x4c ./lib/Middlewares/Third_Party/FreeRTOS/Source/tasks.o
                0x080023e8                vTaskStartScheduler
 .text.vTaskSuspendAll
                0x08002434       0x10 ./lib/Middlewares/Third_Party/FreeRTOS/Source/tasks.o
                0x08002434                vTaskSuspendAll
 .text.xTaskIncrementTick
                0x08002444      0x124 ./lib/Middlewares/Third_Party/FreeRTOS/Source/tasks.o
                0x08002444                xTaskIncrementTick
 .text.xTaskResumeAll
                0x08002568       0xe0 ./lib/Middlewares/Third_Party/FreeRTOS/Source/tasks.o
                0x08002568                xTaskResumeAll
 .text.vTaskDelay
                0x08002648       0x4c ./lib/Middlewares/Third_Party/FreeRTOS/Source/tasks.o
                0x08002648                vTaskDelay
 .text.prvCheckTasksWaitingTermination
                0x08002694       0x54 ./lib/Middlewares/Third_Party/FreeRTOS/Source/tasks.o
 .text.prvIdleTask
                0x080026e8       0x1c ./lib/Middlewares/Third_Party/FreeRTOS/Source/tasks.o
 .text.vTaskSwitchContext
                0x08002704       0x94 ./lib/Middlewares/Third_Party/FreeRTOS/Source/tasks.o
                0x08002704                vTaskSwitchContext
 .text.vTaskPlaceOnEventList
                0x08002798       0x48 ./lib/Middlewares/Third_Party/FreeRTOS/Source/tasks.o
                0x08002798                vTaskPlaceOnEventList
 .text.xTaskRemoveFromEventList
                0x080027e0       0x84 ./lib/Middlewares/Third_Party/FreeRTOS/Source/tasks.o
                0x080027e0                xTaskRemoveFromEventList
 .text.vTaskSetTimeOutState
                0x08002864       0x20 ./lib/Middlewares/Third_Party/FreeRTOS/Source/tasks.o
                0x08002864                vTaskSetTimeOutState
 .text.xTaskCheckForTimeOut
                0x08002884       0x68 ./lib/Middlewares/Third_Party/FreeRTOS/Source/tasks.o
                0x08002884                xTaskCheckForTimeOut
 .text.vTaskMissedYield
                0x080028ec        0xc ./lib/Middlewares/Third_Party/FreeRTOS/Source/tasks.o
                0x080028ec                vTaskMissedYield
 .text.xTaskGetSchedulerState
                0x080028f8       0x24 ./lib/Middlewares/Third_Party/FreeRTOS/Source/tasks.o
                0x080028f8                xTaskGetSchedulerState
 .text.vTaskPriorityInherit
                0x0800291c       0x88 ./lib/Middlewares/Third_Party/FreeRTOS/Source/tasks.o
                0x0800291c                vTaskPriorityInherit
 .text.xTaskPriorityDisinherit
                0x080029a4       0x78 ./lib/Middlewares/Third_Party/FreeRTOS/Source/tasks.o
                0x080029a4                xTaskPriorityDisinherit
 .text.pvTaskIncrementMutexHeldCount
                0x08002a1c       0x1c ./lib/Middlewares/Third_Party/FreeRTOS/Source/tasks.o
                0x08002a1c                pvTaskIncrementMutexHeldCount
 .text.HAL_InitTick
                0x08002a38       0x24 ./lib/Drivers/STM32F0xx_HAL_Driver/Src/stm32f0xx_hal.o
                0x08002a38                HAL_InitTick
 .text.HAL_Init
                0x08002a5c       0x20 ./lib/Drivers/STM32F0xx_HAL_Driver/Src/stm32f0xx_hal.o
                0x08002a5c                HAL_Init
 .text.HAL_IncTick
                0x08002a7c       0x10 ./lib/Drivers/STM32F0xx_HAL_Driver/Src/stm32f0xx_hal.o
                0x08002a7c                HAL_IncTick
 .text.HAL_GetTick
                0x08002a8c        0xc ./lib/Drivers/STM32F0xx_HAL_Driver/Src/stm32f0xx_hal.o
                0x08002a8c                HAL_GetTick
 .text.HAL_NVIC_SetPriority
                0x08002a98       0x64 ./lib/Drivers/STM32F0xx_HAL_Driver/Src/stm32f0xx_hal_cortex.o
                0x08002a98                HAL_NVIC_SetPriority
 .text.HAL_NVIC_EnableIRQ
                0x08002afc       0x14 ./lib/Drivers/STM32F0xx_HAL_Driver/Src/stm32f0xx_hal_cortex.o
                0x08002afc                HAL_NVIC_EnableIRQ
 .text.HAL_SYSTICK_Config
                0x08002b10       0x38 ./lib/Drivers/STM32F0xx_HAL_Driver/Src/stm32f0xx_hal_cortex.o
                0x08002b10                HAL_SYSTICK_Config
 .text.HAL_SYSTICK_CLKSourceConfig
                0x08002b48       0x20 ./lib/Drivers/STM32F0xx_HAL_Driver/Src/stm32f0xx_hal_cortex.o
                0x08002b48                HAL_SYSTICK_CLKSourceConfig
 .text.HAL_DMA_IRQHandler
                0x08002b68      0x1e8 ./lib/Drivers/STM32F0xx_HAL_Driver/Src/stm32f0xx_hal_dma.o
                0x08002b68                HAL_DMA_IRQHandler
 .text.HAL_GPIO_Init
                0x08002d50      0x190 ./lib/Drivers/STM32F0xx_HAL_Driver/Src/stm32f0xx_hal_gpio.o
                0x08002d50                HAL_GPIO_Init
 .text.HAL_GPIO_WritePin
                0x08002ee0        0xc ./lib/Drivers/STM32F0xx_HAL_Driver/Src/stm32f0xx_hal_gpio.o
                0x08002ee0                HAL_GPIO_WritePin
 .text.HAL_RCC_OscConfig
                0x08002eec      0x4cc ./lib/Drivers/STM32F0xx_HAL_Driver/Src/stm32f0xx_hal_rcc.o
                0x08002eec                HAL_RCC_OscConfig
 .text.HAL_RCC_ClockConfig
                0x080033b8      0x200 ./lib/Drivers/STM32F0xx_HAL_Driver/Src/stm32f0xx_hal_rcc.o
                0x080033b8                HAL_RCC_ClockConfig
 .text.HAL_RCC_GetSysClockFreq
                0x080035b8       0x68 ./lib/Drivers/STM32F0xx_HAL_Driver/Src/stm32f0xx_hal_rcc.o
                0x080035b8                HAL_RCC_GetSysClockFreq
 .text.HAL_RCC_GetHCLKFreq
                0x08003620       0x28 ./lib/Drivers/STM32F0xx_HAL_Driver/Src/stm32f0xx_hal_rcc.o
                0x08003620                HAL_RCC_GetHCLKFreq
 .text.HAL_RCC_GetPCLK1Freq
                0x08003648       0x20 ./lib/Drivers/STM32F0xx_HAL_Driver/Src/stm32f0xx_hal_rcc.o
                0x08003648                HAL_RCC_GetPCLK1Freq
 .text.HAL_RCCEx_PeriphCLKConfig
                0x08003668      0x104 ./lib/Drivers/STM32F0xx_HAL_Driver/Src/stm32f0xx_hal_rcc_ex.o
                0x08003668                HAL_RCCEx_PeriphCLKConfig
 .text.TIM_OC1_SetConfig
                0x0800376c       0x88 ./lib/Drivers/STM32F0xx_HAL_Driver/Src/stm32f0xx_hal_tim.o
 .text.TIM_OC3_SetConfig
                0x080037f4       0x90 ./lib/Drivers/STM32F0xx_HAL_Driver/Src/stm32f0xx_hal_tim.o
 .text.TIM_OC4_SetConfig
                0x08003884       0x74 ./lib/Drivers/STM32F0xx_HAL_Driver/Src/stm32f0xx_hal_tim.o
 .text.TIM_Base_SetConfig
                0x080038f8       0x9c ./lib/Drivers/STM32F0xx_HAL_Driver/Src/stm32f0xx_hal_tim.o
                0x080038f8                TIM_Base_SetConfig
 .text.HAL_TIM_PWM_Init
                0x08003994       0x34 ./lib/Drivers/STM32F0xx_HAL_Driver/Src/stm32f0xx_hal_tim.o
                0x08003994                HAL_TIM_PWM_Init
 .text.TIM_OC2_SetConfig
                0x080039c8       0x84 ./lib/Drivers/STM32F0xx_HAL_Driver/Src/stm32f0xx_hal_tim.o
                0x080039c8                TIM_OC2_SetConfig
 .text.HAL_TIM_PWM_ConfigChannel
                0x08003a4c       0xf0 ./lib/Drivers/STM32F0xx_HAL_Driver/Src/stm32f0xx_hal_tim.o
                0x08003a4c                HAL_TIM_PWM_ConfigChannel
 .text.HAL_TIMEx_MasterConfigSynchronization
                0x08003b3c       0x4c ./lib/Drivers/STM32F0xx_HAL_Driver/Src/stm32f0xx_hal_tim_ex.o
                0x08003b3c                HAL_TIMEx_MasterConfigSynchronization
 .text.HAL_TIMEx_ConfigBreakDeadTime
                0x08003b88       0x44 ./lib/Drivers/STM32F0xx_HAL_Driver/Src/stm32f0xx_hal_tim_ex.o
                0x08003b88                HAL_TIMEx_ConfigBreakDeadTime
 .text.UART_SetConfig
                0x08003bcc      0x180 ./lib/Drivers/STM32F0xx_HAL_Driver/Src/stm32f0xx_hal_uart.o
                0x08003bcc                UART_SetConfig
 .text.UART_AdvFeatureConfig
                0x08003d4c       0xe0 ./lib/Drivers/STM32F0xx_HAL_Driver/Src/stm32f0xx_hal_uart.o
                0x08003d4c                UART_AdvFeatureConfig
 .text.UART_WaitOnFlagUntilTimeout
                0x08003e2c       0xd4 ./lib/Drivers/STM32F0xx_HAL_Driver/Src/stm32f0xx_hal_uart.o
                0x08003e2c                UART_WaitOnFlagUntilTimeout
 .text.UART_CheckIdleState
                0x08003f00       0x60 ./lib/Drivers/STM32F0xx_HAL_Driver/Src/stm32f0xx_hal_uart.o
                0x08003f00                UART_CheckIdleState
 .text.HAL_UART_Init
                0x08003f60       0x70 ./lib/Drivers/STM32F0xx_HAL_Driver/Src/stm32f0xx_hal_uart.o
                0x08003f60                HAL_UART_Init
 .text.UART_Transmit_IT
                0x08003fd0       0x70 ./lib/Drivers/STM32F0xx_HAL_Driver/Src/stm32f0xx_hal_uart.o
                0x08003fd0                UART_Transmit_IT
 .text.UART_EndTransmit_IT
                0x08004040       0x34 ./lib/Drivers/STM32F0xx_HAL_Driver/Src/stm32f0xx_hal_uart.o
                0x08004040                UART_EndTransmit_IT
 .text.HAL_UARTEx_WakeupCallback
                0x08004074        0x4 ./lib/Drivers/STM32F0xx_HAL_Driver/Src/stm32f0xx_hal_uart_ex.o
                0x08004074                HAL_UARTEx_WakeupCallback
 .text.Default_Handler
                0x08004078        0x4 ./lib/Drivers/CMSIS/Device/ST/STM32F0xx/Source/Templates/startup_stm32f0xx.o
                0x08004078                TIM1_CC_IRQHandler
                0x08004078                HardFault_Handler
                0x08004078                ADC1_COMP_IRQHandler
                0x08004078                PVD_IRQHandler
                0x08004078                NMI_Handler
                0x08004078                I2C1_IRQHandler
                0x08004078                SPI1_IRQHandler
                0x08004078                TIM6_DAC_IRQHandler
                0x08004078                USART3_4_IRQHandler
                0x08004078                EXTI2_3_IRQHandler
                0x08004078                I2C2_IRQHandler
                0x08004078                TIM17_IRQHandler
                0x08004078                RTC_IRQHandler
                0x08004078                TIM16_IRQHandler
                0x08004078                TIM3_IRQHandler
                0x08004078                EXTI4_15_IRQHandler
                0x08004078                RCC_IRQHandler
                0x08004078                Default_Handler
                0x08004078                CEC_IRQHandler
                0x08004078                TIM14_IRQHandler
                0x08004078                DMA1_Channel4_5_IRQHandler
                0x08004078                TIM7_IRQHandler
                0x08004078                TIM15_IRQHandler
                0x08004078                EXTI0_1_IRQHandler
                0x08004078                USB_IRQHandler
                0x08004078                SPI2_IRQHandler
                0x08004078                TS_IRQHandler
                0x08004078                WWDG_IRQHandler
                0x08004078                TIM2_IRQHandler
                0x08004078                DMA1_Channel2_3_IRQHandler
                0x08004078                FLASH_IRQHandler
                0x08004078                TIM1_BRK_UP_TRG_COM_IRQHandler
 .text.Reset_Handler
                0x0800407c       0x40 ./lib/Drivers/CMSIS/Device/ST/STM32F0xx/Source/Templates/startup_stm32f0xx.o
                0x0800407c                Reset_Handler
 .text.SystemInit
                0x080040bc       0x60 ./lib/Drivers/CMSIS/Device/ST/STM32F0xx/Source/Templates/system_stm32f0xx.o
                0x080040bc                SystemInit
 .text          0x0800411c      0x120 c:/program files (x86)/gnu tools arm embedded/4.9 2015q2/bin/../lib/gcc/arm-none-eabi/4.9.3/armv6-m\libgcc.a(_udivsi3.o)
                0x0800411c                __aeabi_uidiv
                0x0800411c                __udivsi3
                0x08004228                __aeabi_uidivmod
 .text          0x0800423c        0x4 c:/program files (x86)/gnu tools arm embedded/4.9 2015q2/bin/../lib/gcc/arm-none-eabi/4.9.3/armv6-m\libgcc.a(_dvmd_tls.o)
                0x0800423c                __aeabi_idiv0
                0x0800423c                __aeabi_ldiv0
 .text.__errno  0x08004240        0xc c:/program files (x86)/gnu tools arm embedded/4.9 2015q2/bin/../lib/gcc/arm-none-eabi/4.9.3/../../../../arm-none-eabi/lib/armv6-m\libg_nano.a(lib_a-errno.o)
                0x08004240                __errno
 .text.exit     0x0800424c       0x2c c:/program files (x86)/gnu tools arm embedded/4.9 2015q2/bin/../lib/gcc/arm-none-eabi/4.9.3/../../../../arm-none-eabi/lib/armv6-m\libg_nano.a(lib_a-exit.o)
                0x0800424c                exit
 .text.__libc_init_array
                0x08004278       0x4c c:/program files (x86)/gnu tools arm embedded/4.9 2015q2/bin/../lib/gcc/arm-none-eabi/4.9.3/../../../../arm-none-eabi/lib/armv6-m\libg_nano.a(lib_a-init.o)
                0x08004278                __libc_init_array
 .text.memcpy   0x080042c4       0x12 c:/program files (x86)/gnu tools arm embedded/4.9 2015q2/bin/../lib/gcc/arm-none-eabi/4.9.3/../../../../arm-none-eabi/lib/armv6-m\libg_nano.a(lib_a-memcpy.o)
                0x080042c4                memcpy
 .text.memset   0x080042d6       0x10 c:/program files (x86)/gnu tools arm embedded/4.9 2015q2/bin/../lib/gcc/arm-none-eabi/4.9.3/../../../../arm-none-eabi/lib/armv6-m\libg_nano.a(lib_a-memset.o)
                0x080042d6                memset
 *fill*         0x080042e6        0x2 
 .text.sprintf  0x080042e8       0x44 c:/program files (x86)/gnu tools arm embedded/4.9 2015q2/bin/../lib/gcc/arm-none-eabi/4.9.3/../../../../arm-none-eabi/lib/armv6-m\libg_nano.a(lib_a-sprintf.o)
                0x080042e8                siprintf
                0x080042e8                sprintf
 .text.strlen   0x0800432c        0xe c:/program files (x86)/gnu tools arm embedded/4.9 2015q2/bin/../lib/gcc/arm-none-eabi/4.9.3/../../../../arm-none-eabi/lib/armv6-m\libg_nano.a(lib_a-strlen.o)
                0x0800432c                strlen
 .text.strncmp  0x0800433a       0x28 c:/program files (x86)/gnu tools arm embedded/4.9 2015q2/bin/../lib/gcc/arm-none-eabi/4.9.3/../../../../arm-none-eabi/lib/armv6-m\libg_nano.a(lib_a-strncmp.o)
                0x0800433a                strncmp
 *fill*         0x08004362        0x2 
 .text.__ssputs_r
                0x08004364       0xc0 c:/program files (x86)/gnu tools arm embedded/4.9 2015q2/bin/../lib/gcc/arm-none-eabi/4.9.3/../../../../arm-none-eabi/lib/armv6-m\libg_nano.a(lib_a-nano-svfprintf.o)
                0x08004364                __ssputs_r
 .text._svfprintf_r
                0x08004424      0x1ec c:/program files (x86)/gnu tools arm embedded/4.9 2015q2/bin/../lib/gcc/arm-none-eabi/4.9.3/../../../../arm-none-eabi/lib/armv6-m\libg_nano.a(lib_a-nano-svfprintf.o)
                0x08004424                _svfiprintf_r
                0x08004424                _svfprintf_r
 .text._printf_common
                0x08004610       0xdc c:/program files (x86)/gnu tools arm embedded/4.9 2015q2/bin/../lib/gcc/arm-none-eabi/4.9.3/../../../../arm-none-eabi/lib/armv6-m\libg_nano.a(lib_a-nano-vfprintf_i.o)
                0x08004610                _printf_common
 .text._printf_i
                0x080046ec      0x230 c:/program files (x86)/gnu tools arm embedded/4.9 2015q2/bin/../lib/gcc/arm-none-eabi/4.9.3/../../../../arm-none-eabi/lib/armv6-m\libg_nano.a(lib_a-nano-vfprintf_i.o)
                0x080046ec                _printf_i
 .text.memchr   0x0800491c       0x16 c:/program files (x86)/gnu tools arm embedded/4.9 2015q2/bin/../lib/gcc/arm-none-eabi/4.9.3/../../../../arm-none-eabi/lib/armv6-m\libg_nano.a(lib_a-memchr.o)
                0x0800491c                memchr
 .text.memmove  0x08004932       0x28 c:/program files (x86)/gnu tools arm embedded/4.9 2015q2/bin/../lib/gcc/arm-none-eabi/4.9.3/../../../../arm-none-eabi/lib/armv6-m\libg_nano.a(lib_a-memmove.o)
                0x08004932                memmove
 *fill*         0x0800495a        0x2 
 .text._free_r  0x0800495c       0x8c c:/program files (x86)/gnu tools arm embedded/4.9 2015q2/bin/../lib/gcc/arm-none-eabi/4.9.3/../../../../arm-none-eabi/lib/armv6-m\libg_nano.a(lib_a-nano-freer.o)
                0x0800495c                _free_r
 .text._malloc_r
                0x080049e8       0xb0 c:/program files (x86)/gnu tools arm embedded/4.9 2015q2/bin/../lib/gcc/arm-none-eabi/4.9.3/../../../../arm-none-eabi/lib/armv6-m\libg_nano.a(lib_a-nano-mallocr.o)
                0x080049e8                _malloc_r
 .text._realloc_r
                0x08004a98       0x4c c:/program files (x86)/gnu tools arm embedded/4.9 2015q2/bin/../lib/gcc/arm-none-eabi/4.9.3/../../../../arm-none-eabi/lib/armv6-m\libg_nano.a(lib_a-nano-reallocr.o)
                0x08004a98                _realloc_r
 .text._sbrk_r  0x08004ae4       0x24 c:/program files (x86)/gnu tools arm embedded/4.9 2015q2/bin/../lib/gcc/arm-none-eabi/4.9.3/../../../../arm-none-eabi/lib/armv6-m\libg_nano.a(lib_a-sbrkr.o)
                0x08004ae4                _sbrk_r
 .text._malloc_usable_size_r
                0x08004b08       0x16 c:/program files (x86)/gnu tools arm embedded/4.9 2015q2/bin/../lib/gcc/arm-none-eabi/4.9.3/../../../../arm-none-eabi/lib/armv6-m\libg_nano.a(lib_a-nano-msizer.o)
                0x08004b08                _malloc_usable_size_r
 *(.rodata .rodata.*)
 *fill*         0x08004b1e        0x2 
 .rodata.interpretCommand
                0x08004b20       0x18 ./src/USARTOutTask_task.o
 .rodata.str1.4
                0x08004b38       0x28 ./src/USARTOutTask_task.o
 .rodata.proc_wifiInit
                0x08004b60       0x18 ./src/bossTask_task.o
 .rodata        0x08004b78       0x3c ./src/main.o
 .rodata.os_pool_def_strBufMPool
                0x08004bb4        0xc ./src/main.o
                0x08004bb4                os_pool_def_strBufMPool
 .rodata.os_messageQ_def_msgQUSARTOut
                0x08004bc0        0x8 ./src/main.o
                0x08004bc0                os_messageQ_def_msgQUSARTOut
 .rodata.os_messageQ_def_msgQBoss
                0x08004bc8        0x8 ./src/main.o
                0x08004bc8                os_messageQ_def_msgQBoss
 .rodata.os_messageQ_def_msgQUSARTIn
                0x08004bd0        0x8 ./src/main.o
                0x08004bd0                os_messageQ_def_msgQUSARTIn
 .rodata.os_pool_def_genericMPool
                0x08004bd8        0xc ./src/main.o
                0x08004bd8                os_pool_def_genericMPool
 .rodata.str1.4
                0x08004be4       0x25 ./src/main.o
 *fill*         0x08004c09        0x3 
 .rodata.txString_ATE0
                0x08004c0c        0x7 ./src/strings_res.o
                0x08004c0c                txString_ATE0
 *fill*         0x08004c13        0x1 
 .rodata.rxString_fail
                0x08004c14        0x7 ./src/strings_res.o
                0x08004c14                rxString_fail
 *fill*         0x08004c1b        0x1 
 .rodata.txString_ATCommandTest
                0x08004c1c        0x5 ./src/strings_res.o
                0x08004c1c                txString_ATCommandTest
 *fill*         0x08004c21        0x3 
 .rodata.rxString_commStateManual
                0x08004c24        0x9 ./src/strings_res.o
                0x08004c24                rxString_commStateManual
 *fill*         0x08004c2d        0x3 
 .rodata.txString_stationMode3
                0x08004c30        0xe ./src/strings_res.o
                0x08004c30                txString_stationMode3
 *fill*         0x08004c3e        0x2 
 .rodata.txString_commStateAuto
                0x08004c40        0xa ./src/strings_res.o
                0x08004c40                txString_commStateAuto
 *fill*         0x08004c4a        0x2 
 .rodata.rxString_wifiStartServer
                0x08004c4c        0xf ./src/strings_res.o
                0x08004c4c                rxString_wifiStartServer
 *fill*         0x08004c5b        0x1 
 .rodata.txString_commStateManual
                0x08004c5c        0xc ./src/strings_res.o
                0x08004c5c                txString_commStateManual
 .rodata.rxString_wifiConnectAp
                0x08004c68        0xd ./src/strings_res.o
                0x08004c68                rxString_wifiConnectAp
 *fill*         0x08004c75        0x3 
 .rodata.txString_wifiServerStarted
                0x08004c78       0x17 ./src/strings_res.o
                0x08004c78                txString_wifiServerStarted
 *fill*         0x08004c8f        0x1 
 .rodata.rxString_ATCommandTest
                0x08004c90        0xa ./src/strings_res.o
                0x08004c90                rxString_ATCommandTest
 *fill*         0x08004c9a        0x2 
 .rodata.txString_wifiInitialised
                0x08004c9c       0x14 ./src/strings_res.o
                0x08004c9c                txString_wifiInitialised
 .rodata.rxString_noChange
                0x08004cb0        0xc ./src/strings_res.o
                0x08004cb0                rxString_noChange
 .rodata.txString_connectAPCommand
                0x08004cbc        0xa ./src/strings_res.o
                0x08004cbc                txString_connectAPCommand
 *fill*         0x08004cc6        0x2 
 .rodata.txString_multiConnect1
                0x08004cc8        0xe ./src/strings_res.o
                0x08004cc8                txString_multiConnect1
 *fill*         0x08004cd6        0x2 
 .rodata.txString_wifiInitError
                0x08004cd8       0x12 ./src/strings_res.o
                0x08004cd8                txString_wifiInitError
 *fill*         0x08004cea        0x2 
 .rodata.rxString_commStateAuto
                0x08004cec        0x7 ./src/strings_res.o
                0x08004cec                rxString_commStateAuto
 *fill*         0x08004cf3        0x1 
 .rodata.txString_startServer
                0x08004cf4       0x16 ./src/strings_res.o
                0x08004cf4                txString_startServer
 *fill*         0x08004d0a        0x2 
 .rodata.rxString_wifiInit
                0x08004d0c        0xc ./src/strings_res.o
                0x08004d0c                rxString_wifiInit
 .rodata.rxString_OK
                0x08004d18        0x5 ./src/strings_res.o
                0x08004d18                rxString_OK
 *fill*         0x08004d1d        0x3 
 .rodata.rxString_noSuchFunction
                0x08004d20        0xe ./src/strings_res.o
                0x08004d20                rxString_noSuchFunction
 *fill*         0x08004d2e        0x2 
 .rodata.txString_wifiConnected
                0x08004d30       0x12 ./src/strings_res.o
                0x08004d30                txString_wifiConnected
 *fill*         0x08004d42        0x2 
 .rodata.txString_ATCommandTestError
                0x08004d44       0x10 ./src/strings_res.o
                0x08004d44                txString_ATCommandTestError
 .rodata.txString_OKReceived
                0x08004d54        0xf ./src/strings_res.o
                0x08004d54                txString_OKReceived
 *fill*         0x08004d63        0x1 
 .rodata.rxString_error
                0x08004d64        0x8 ./src/strings_res.o
                0x08004d64                rxString_error
 .rodata.str1.4
                0x08004d6c        0x8 ./lib/Middlewares/Third_Party/FreeRTOS/Source/tasks.o
                                  0x5 (size before relaxing)
 .rodata        0x08004d74       0x20 ./lib/Drivers/STM32F0xx_HAL_Driver/Src/stm32f0xx_hal_rcc.o
 .rodata.aAPBAHBPrescTable
                0x08004d94       0x10 ./lib/Drivers/STM32F0xx_HAL_Driver/Src/stm32f0xx_hal_rcc.o
                0x08004d94                aAPBAHBPrescTable
 .rodata.str1.1
                0x08004da4        0x2 c:/program files (x86)/gnu tools arm embedded/4.9 2015q2/bin/../lib/gcc/arm-none-eabi/4.9.3/../../../../arm-none-eabi/lib/armv6-m\libg_nano.a(lib_a-impure.o)
 *fill*         0x08004da6        0x2 
 .rodata._global_impure_ptr
                0x08004da8        0x4 c:/program files (x86)/gnu tools arm embedded/4.9 2015q2/bin/../lib/gcc/arm-none-eabi/4.9.3/../../../../arm-none-eabi/lib/armv6-m\libg_nano.a(lib_a-impure.o)
                0x08004da8                _global_impure_ptr
 .rodata.str1.1
                0x08004dac       0x11 c:/program files (x86)/gnu tools arm embedded/4.9 2015q2/bin/../lib/gcc/arm-none-eabi/4.9.3/../../../../arm-none-eabi/lib/armv6-m\libg_nano.a(lib_a-nano-svfprintf.o)
 .rodata.str1.1
                0x08004dbd       0x22 c:/program files (x86)/gnu tools arm embedded/4.9 2015q2/bin/../lib/gcc/arm-none-eabi/4.9.3/../../../../arm-none-eabi/lib/armv6-m\libg_nano.a(lib_a-nano-vfprintf_i.o)
 *(vtable)
 *(.eh_frame*)
 *fill*         0x08004ddf        0x1 
 .eh_frame      0x08004de0        0x0 c:/program files (x86)/gnu tools arm embedded/4.9 2015q2/bin/../lib/gcc/arm-none-eabi/4.9.3/armv6-m/crtbegin.o
 .eh_frame      0x08004de0        0x4 c:/program files (x86)/gnu tools arm embedded/4.9 2015q2/bin/../lib/gcc/arm-none-eabi/4.9.3/armv6-m/crtend.o
 *(.glue_7)
 .glue_7        0x00000000        0x0 linker stubs
 *(.glue_7t)
 .glue_7t       0x00000000        0x0 linker stubs

.vfp11_veneer   0x08004de4        0x0
 .vfp11_veneer  0x00000000        0x0 linker stubs

.v4_bx          0x08004de4        0x0
 .v4_bx         0x00000000        0x0 linker stubs

.iplt           0x08004de4        0x0
 .iplt          0x00000000        0x0 c:/program files (x86)/gnu tools arm embedded/4.9 2015q2/bin/../lib/gcc/arm-none-eabi/4.9.3/armv6-m/crtbegin.o

.ARM.extab
 *(.ARM.extab* .gnu.linkonce.armextab.*)
                0x08004de4                __exidx_start = .

.ARM.exidx      0x08004de4        0x8
 *(.ARM.exidx* .gnu.linkonce.armexidx.*)
 .ARM.exidx     0x08004de4        0x8 c:/program files (x86)/gnu tools arm embedded/4.9 2015q2/bin/../lib/gcc/arm-none-eabi/4.9.3/../../../../arm-none-eabi/lib/armv6-m/crt0.o
                0x08004dec                __exidx_end = .

.rel.dyn        0x08004dec        0x0
 .rel.iplt      0x00000000        0x0 c:/program files (x86)/gnu tools arm embedded/4.9 2015q2/bin/../lib/gcc/arm-none-eabi/4.9.3/armv6-m/crtbegin.o
                0x08004dec                . = ALIGN (0x4)
                0x08004dec                _etext = .
                0x08004dec                __etext = .
                0x08004dec                _sidata = _etext

.data           0x20000000       0x70 load address 0x08004dec
                0x20000000                . = ALIGN (0x4)
                0x20000000                _sdata = .
                0x20000000                __data_start__ = .
 *(.data_begin .data_begin.*)
 *(.data .data.*)
 .data.uxCriticalNesting
                0x20000000        0x4 ./lib/Middlewares/Third_Party/FreeRTOS/Source/portable/GCC/ARM_CM0/port.o
 .data.xNextTaskUnblockTime
                0x20000004        0x4 ./lib/Middlewares/Third_Party/FreeRTOS/Source/tasks.o
 .data.SystemCoreClock
                0x20000008        0x4 ./lib/Drivers/CMSIS/Device/ST/STM32F0xx/Source/Templates/system_stm32f0xx.o
                0x20000008                SystemCoreClock
 .data.impure_data
                0x2000000c       0x60 c:/program files (x86)/gnu tools arm embedded/4.9 2015q2/bin/../lib/gcc/arm-none-eabi/4.9.3/../../../../arm-none-eabi/lib/armv6-m\libg_nano.a(lib_a-impure.o)
 .data._impure_ptr
                0x2000006c        0x4 c:/program files (x86)/gnu tools arm embedded/4.9 2015q2/bin/../lib/gcc/arm-none-eabi/4.9.3/../../../../arm-none-eabi/lib/armv6-m\libg_nano.a(lib_a-impure.o)
                0x2000006c                _impure_ptr
 *(.data_end .data_end.*)
                0x20000070                . = ALIGN (0x4)
                0x20000070                _edata = .
                0x20000070                __data_end__ = .

.jcr            0x20000070        0x0 load address 0x08004e5c
 .jcr           0x20000070        0x0 c:/program files (x86)/gnu tools arm embedded/4.9 2015q2/bin/../lib/gcc/arm-none-eabi/4.9.3/armv6-m/crtbegin.o

.igot.plt       0x20000070        0x0 load address 0x08004e5c
 .igot.plt      0x00000000        0x0 c:/program files (x86)/gnu tools arm embedded/4.9 2015q2/bin/../lib/gcc/arm-none-eabi/4.9.3/armv6-m/crtbegin.o

.bss            0x20000070     0x1854 load address 0x08004e5c
                0x20000070                . = ALIGN (0x4)
                0x20000070                __bss_start__ = .
                0x20000070                _sbss = .
 *(.bss_begin .bss_begin.*)
 *(.bss .bss.*)
 .bss           0x20000070       0x1c c:/program files (x86)/gnu tools arm embedded/4.9 2015q2/bin/../lib/gcc/arm-none-eabi/4.9.3/armv6-m/crtbegin.o
 .bss.current_heap_end.3862
                0x2000008c        0x4 ./system/src/newlib/_sbrk.o
 .bss.step.7406
                0x20000090        0x1 ./src/bossTask_task.o
 .bss.step.7420
                0x20000091        0x1 ./src/bossTask_task.o
 .bss.step.7382
                0x20000092        0x1 ./src/bossTask_task.o
 *fill*         0x20000093        0x1 
 .bss.step.7390
                0x20000094        0x4 ./src/bossTask_task.o
 .bss.xFreeBytesRemaining
                0x20000098        0x4 ./lib/Middlewares/Third_Party/FreeRTOS/Source/portable/MemMang/heap_4.o
 .bss.pxEnd     0x2000009c        0x4 ./lib/Middlewares/Third_Party/FreeRTOS/Source/portable/MemMang/heap_4.o
 .bss.xStart    0x200000a0        0x8 ./lib/Middlewares/Third_Party/FreeRTOS/Source/portable/MemMang/heap_4.o
 .bss.ucHeap    0x200000a8     0x1400 ./lib/Middlewares/Third_Party/FreeRTOS/Source/portable/MemMang/heap_4.o
 .bss.xBlockAllocatedBit
                0x200014a8        0x4 ./lib/Middlewares/Third_Party/FreeRTOS/Source/portable/MemMang/heap_4.o
 .bss.xMinimumEverFreeBytesRemaining
                0x200014ac        0x4 ./lib/Middlewares/Third_Party/FreeRTOS/Source/portable/MemMang/heap_4.o
 .bss.pxDelayedTaskList
                0x200014b0        0x4 ./lib/Middlewares/Third_Party/FreeRTOS/Source/tasks.o
 .bss.xSchedulerRunning
                0x200014b4        0x4 ./lib/Middlewares/Third_Party/FreeRTOS/Source/tasks.o
 .bss.uxTasksDeleted
                0x200014b8        0x4 ./lib/Middlewares/Third_Party/FreeRTOS/Source/tasks.o
 .bss.xTasksWaitingTermination
                0x200014bc       0x14 ./lib/Middlewares/Third_Party/FreeRTOS/Source/tasks.o
 .bss.xDelayedTaskList2
                0x200014d0       0x14 ./lib/Middlewares/Third_Party/FreeRTOS/Source/tasks.o
 .bss.uxPendedTicks
                0x200014e4        0x4 ./lib/Middlewares/Third_Party/FreeRTOS/Source/tasks.o
 .bss.pxReadyTasksLists
                0x200014e8       0x50 ./lib/Middlewares/Third_Party/FreeRTOS/Source/tasks.o
 .bss.uxSchedulerSuspended
                0x20001538        0x4 ./lib/Middlewares/Third_Party/FreeRTOS/Source/tasks.o
 .bss.uxCurrentNumberOfTasks
                0x2000153c        0x4 ./lib/Middlewares/Third_Party/FreeRTOS/Source/tasks.o
 .bss.pxCurrentTCB
                0x20001540        0x4 ./lib/Middlewares/Third_Party/FreeRTOS/Source/tasks.o
                0x20001540                pxCurrentTCB
 .bss.xPendingReadyList
                0x20001544       0x14 ./lib/Middlewares/Third_Party/FreeRTOS/Source/tasks.o
 .bss.xNumOfOverflows
                0x20001558        0x4 ./lib/Middlewares/Third_Party/FreeRTOS/Source/tasks.o
 .bss.xTickCount
                0x2000155c        0x4 ./lib/Middlewares/Third_Party/FreeRTOS/Source/tasks.o
 .bss.pxOverflowDelayedTaskList
                0x20001560        0x4 ./lib/Middlewares/Third_Party/FreeRTOS/Source/tasks.o
 .bss.uxTaskNumber
                0x20001564        0x4 ./lib/Middlewares/Third_Party/FreeRTOS/Source/tasks.o
 .bss.xDelayedTaskList1
                0x20001568       0x14 ./lib/Middlewares/Third_Party/FreeRTOS/Source/tasks.o
 .bss.xSuspendedTaskList
                0x2000157c       0x14 ./lib/Middlewares/Third_Party/FreeRTOS/Source/tasks.o
 .bss.uxTopReadyPriority
                0x20001590        0x4 ./lib/Middlewares/Third_Party/FreeRTOS/Source/tasks.o
 .bss.xYieldPending
                0x20001594        0x4 ./lib/Middlewares/Third_Party/FreeRTOS/Source/tasks.o
 .bss.uwTick    0x20001598        0x4 ./lib/Drivers/STM32F0xx_HAL_Driver/Src/stm32f0xx_hal.o
 .bss.__malloc_sbrk_start
                0x2000159c        0x4 c:/program files (x86)/gnu tools arm embedded/4.9 2015q2/bin/../lib/gcc/arm-none-eabi/4.9.3/../../../../arm-none-eabi/lib/armv6-m\libg_nano.a(lib_a-nano-mallocr.o)
                0x2000159c                __malloc_sbrk_start
 .bss.__malloc_free_list
                0x200015a0        0x4 c:/program files (x86)/gnu tools arm embedded/4.9 2015q2/bin/../lib/gcc/arm-none-eabi/4.9.3/../../../../arm-none-eabi/lib/armv6-m\libg_nano.a(lib_a-nano-mallocr.o)
                0x200015a0                __malloc_free_list
 *(COMMON)
 COMMON         0x200015a4        0x4 ./system/src/newlib/_syscalls.o
                0x200015a4                errno
 COMMON         0x200015a8        0x8 ./src/USARTInTask_task.o
                0x200015a8                strBufMPool
                0x200015ac                genericMPool
 COMMON         0x200015b0      0x2f4 ./src/hal_lib.o
                0x200015b0                htim15
                0x200015ec                hdma_usart1_tx
                0x20001624                hdma_usart2_tx
                0x2000165c                huart1
                0x200016d0                htim1
                0x2000170c                hspi1
                0x20001770                htim2
                0x200017ac                huart2
                0x20001820                hdma_adc
                0x20001858                hadc
 COMMON         0x200018a4       0x20 ./src/userTasks_task.o
                0x200018a4                USARTOutTaskHandle
                0x200018a8                USARTInBufferTaskHandle
                0x200018ac                msgQUSARTIn
                0x200018b0                msgQBoss
                0x200018b4                bossTaskHandle
                0x200018b8                globalFlags
                0x200018bc                USARTInTaskHandle
                0x200018c0                msgQUSARTOut
 *(.bss_end .bss_end.*)
                0x200018c4                . = ALIGN (0x4)
                0x200018c4                __bss_end__ = .
                0x200018c4                _ebss = .

.noinit         0x200018c4        0x0
                0x200018c4                . = ALIGN (0x4)
                0x200018c4                _noinit = .
 *(.noinit .noinit.*)
                0x200018c4                . = ALIGN (0x4)
                0x200018c4                _end_noinit = .
                0x200018c4                PROVIDE (end, _end_noinit)
                0x200018c4                PROVIDE (_end, _end_noinit)
                0x200018c4                PROVIDE (__end, _end_noinit)
                0x200018c4                PROVIDE (__end__, _end_noinit)

._check_stack   0x200018c4      0x100 load address 0x080066b0
                0x200018c4                . = ALIGN (0x4)
                0x200019c4                . = (. + _Minimum_Stack_Size)
 *fill*         0x200018c4      0x100 
                0x200019c4                . = ALIGN (0x4)

.bss_CCMRAM
 *(.bss.CCMRAM .bss.CCMRAM.*)

.b1text
 *(.b1text)
 *(.b1rodata)
 *(.b1rodata.*)

.eb0text
 *(.eb0text)
 *(.eb0rodata)
 *(.eb0rodata.*)

.eb1text
 *(.eb1text)
 *(.eb1rodata)
 *(.eb1rodata.*)

.eb2text
 *(.eb2text)
 *(.eb2rodata)
 *(.eb2rodata.*)

.eb3text
 *(.eb3text)
 *(.eb3rodata)
 *(.eb3rodata.*)

.stab
 *(.stab)

.stabstr
 *(.stabstr)

.stab.excl
 *(.stab.excl)

.stab.exclstr
 *(.stab.exclstr)

.stab.index
 *(.stab.index)

.stab.indexstr
 *(.stab.indexstr)

.comment        0x00000000       0x70
 *(.comment)
 .comment       0x00000000       0x70 ./system/src/newlib/_exit.o
                                 0x71 (size before relaxing)
 .comment       0x00000000       0x71 ./system/src/newlib/_sbrk.o
 .comment       0x00000000       0x71 ./system/src/newlib/_syscalls.o
 .comment       0x00000000       0x71 ./src/USARTInTask_task.o
 .comment       0x00000000       0x71 ./src/USARTOutTask_task.o
 .comment       0x00000000       0x71 ./src/bossTask_task.o
 .comment       0x00000000       0x71 ./src/freertos.o
 .comment       0x00000000       0x71 ./src/genericMessaging_lib.o
 .comment       0x00000000       0x71 ./src/hal_lib.o
 .comment       0x00000000       0x71 ./src/main.o
 .comment       0x00000000       0x71 ./src/stm32f0xx_hal_msp.o
 .comment       0x00000000       0x71 ./src/stm32f0xx_it.o
 .comment       0x00000000       0x71 ./src/strings_res.o
 .comment       0x00000000       0x71 ./src/userTasks_task.o
 .comment       0x00000000       0x71 ./lib/Middlewares/Third_Party/FreeRTOS/Source/portable/MemMang/heap_4.o
 .comment       0x00000000       0x71 ./lib/Middlewares/Third_Party/FreeRTOS/Source/portable/GCC/ARM_CM0/port.o
 .comment       0x00000000       0x71 ./lib/Middlewares/Third_Party/FreeRTOS/Source/CMSIS_RTOS/cmsis_os.o
 .comment       0x00000000       0x71 ./lib/Middlewares/Third_Party/FreeRTOS/Source/list.o
 .comment       0x00000000       0x71 ./lib/Middlewares/Third_Party/FreeRTOS/Source/queue.o
 .comment       0x00000000       0x71 ./lib/Middlewares/Third_Party/FreeRTOS/Source/tasks.o
 .comment       0x00000000       0x71 ./lib/Drivers/STM32F0xx_HAL_Driver/Src/stm32f0xx_hal.o
 .comment       0x00000000       0x71 ./lib/Drivers/STM32F0xx_HAL_Driver/Src/stm32f0xx_hal_cortex.o
 .comment       0x00000000       0x71 ./lib/Drivers/STM32F0xx_HAL_Driver/Src/stm32f0xx_hal_dma.o
 .comment       0x00000000       0x71 ./lib/Drivers/STM32F0xx_HAL_Driver/Src/stm32f0xx_hal_gpio.o
 .comment       0x00000000       0x71 ./lib/Drivers/STM32F0xx_HAL_Driver/Src/stm32f0xx_hal_rcc.o
 .comment       0x00000000       0x71 ./lib/Drivers/STM32F0xx_HAL_Driver/Src/stm32f0xx_hal_rcc_ex.o
 .comment       0x00000000       0x71 ./lib/Drivers/STM32F0xx_HAL_Driver/Src/stm32f0xx_hal_tim.o
 .comment       0x00000000       0x71 ./lib/Drivers/STM32F0xx_HAL_Driver/Src/stm32f0xx_hal_tim_ex.o
 .comment       0x00000000       0x71 ./lib/Drivers/STM32F0xx_HAL_Driver/Src/stm32f0xx_hal_uart.o
 .comment       0x00000000       0x71 ./lib/Drivers/STM32F0xx_HAL_Driver/Src/stm32f0xx_hal_uart_ex.o
 .comment       0x00000000       0x71 ./lib/Drivers/CMSIS/Device/ST/STM32F0xx/Source/Templates/startup_stm32f0xx.o
 .comment       0x00000000       0x71 ./lib/Drivers/CMSIS/Device/ST/STM32F0xx/Source/Templates/system_stm32f0xx.o

.ARM.attributes
                0x00000000       0x28
 .ARM.attributes
                0x00000000       0x1e c:/program files (x86)/gnu tools arm embedded/4.9 2015q2/bin/../lib/gcc/arm-none-eabi/4.9.3/armv6-m/crti.o
 .ARM.attributes
                0x0000001e       0x2c c:/program files (x86)/gnu tools arm embedded/4.9 2015q2/bin/../lib/gcc/arm-none-eabi/4.9.3/armv6-m/crtbegin.o
 .ARM.attributes
                0x0000004a       0x1b c:/program files (x86)/gnu tools arm embedded/4.9 2015q2/bin/../lib/gcc/arm-none-eabi/4.9.3/../../../../arm-none-eabi/lib/armv6-m/crt0.o
 .ARM.attributes
                0x00000065       0x31 ./system/src/newlib/_exit.o
 .ARM.attributes
                0x00000096       0x31 ./system/src/newlib/_sbrk.o
 .ARM.attributes
                0x000000c7       0x31 ./system/src/newlib/_syscalls.o
 .ARM.attributes
                0x000000f8       0x31 ./src/USARTInTask_task.o
 .ARM.attributes
                0x00000129       0x31 ./src/USARTOutTask_task.o
 .ARM.attributes
                0x0000015a       0x31 ./src/bossTask_task.o
 .ARM.attributes
                0x0000018b       0x31 ./src/freertos.o
 .ARM.attributes
                0x000001bc       0x31 ./src/genericMessaging_lib.o
 .ARM.attributes
                0x000001ed       0x31 ./src/hal_lib.o
 .ARM.attributes
                0x0000021e       0x31 ./src/main.o
 .ARM.attributes
                0x0000024f       0x31 ./src/stm32f0xx_hal_msp.o
 .ARM.attributes
                0x00000280       0x31 ./src/stm32f0xx_it.o
 .ARM.attributes
                0x000002b1       0x31 ./src/strings_res.o
 .ARM.attributes
                0x000002e2       0x31 ./src/userTasks_task.o
 .ARM.attributes
                0x00000313       0x31 ./lib/Middlewares/Third_Party/FreeRTOS/Source/portable/MemMang/heap_4.o
 .ARM.attributes
                0x00000344       0x31 ./lib/Middlewares/Third_Party/FreeRTOS/Source/portable/GCC/ARM_CM0/port.o
 .ARM.attributes
                0x00000375       0x31 ./lib/Middlewares/Third_Party/FreeRTOS/Source/CMSIS_RTOS/cmsis_os.o
 .ARM.attributes
                0x000003a6       0x31 ./lib/Middlewares/Third_Party/FreeRTOS/Source/list.o
 .ARM.attributes
                0x000003d7       0x31 ./lib/Middlewares/Third_Party/FreeRTOS/Source/queue.o
 .ARM.attributes
                0x00000408       0x31 ./lib/Middlewares/Third_Party/FreeRTOS/Source/tasks.o
 .ARM.attributes
                0x00000439       0x31 ./lib/Drivers/STM32F0xx_HAL_Driver/Src/stm32f0xx_hal.o
 .ARM.attributes
                0x0000046a       0x31 ./lib/Drivers/STM32F0xx_HAL_Driver/Src/stm32f0xx_hal_cortex.o
 .ARM.attributes
                0x0000049b       0x31 ./lib/Drivers/STM32F0xx_HAL_Driver/Src/stm32f0xx_hal_dma.o
 .ARM.attributes
                0x000004cc       0x31 ./lib/Drivers/STM32F0xx_HAL_Driver/Src/stm32f0xx_hal_gpio.o
 .ARM.attributes
                0x000004fd       0x31 ./lib/Drivers/STM32F0xx_HAL_Driver/Src/stm32f0xx_hal_rcc.o
 .ARM.attributes
                0x0000052e       0x31 ./lib/Drivers/STM32F0xx_HAL_Driver/Src/stm32f0xx_hal_rcc_ex.o
 .ARM.attributes
                0x0000055f       0x31 ./lib/Drivers/STM32F0xx_HAL_Driver/Src/stm32f0xx_hal_tim.o
 .ARM.attributes
                0x00000590       0x31 ./lib/Drivers/STM32F0xx_HAL_Driver/Src/stm32f0xx_hal_tim_ex.o
 .ARM.attributes
                0x000005c1       0x31 ./lib/Drivers/STM32F0xx_HAL_Driver/Src/stm32f0xx_hal_uart.o
 .ARM.attributes
                0x000005f2       0x31 ./lib/Drivers/STM32F0xx_HAL_Driver/Src/stm32f0xx_hal_uart_ex.o
 .ARM.attributes
                0x00000623       0x31 ./lib/Drivers/CMSIS/Device/ST/STM32F0xx/Source/Templates/startup_stm32f0xx.o
 .ARM.attributes
                0x00000654       0x31 ./lib/Drivers/CMSIS/Device/ST/STM32F0xx/Source/Templates/system_stm32f0xx.o
 .ARM.attributes
                0x00000685       0x1e c:/program files (x86)/gnu tools arm embedded/4.9 2015q2/bin/../lib/gcc/arm-none-eabi/4.9.3/armv6-m\libgcc.a(_udivsi3.o)
 .ARM.attributes
                0x000006a3       0x1e c:/program files (x86)/gnu tools arm embedded/4.9 2015q2/bin/../lib/gcc/arm-none-eabi/4.9.3/armv6-m\libgcc.a(_dvmd_tls.o)
 .ARM.attributes
                0x000006c1       0x2c c:/program files (x86)/gnu tools arm embedded/4.9 2015q2/bin/../lib/gcc/arm-none-eabi/4.9.3/../../../../arm-none-eabi/lib/armv6-m\libg_nano.a(lib_a-errno.o)
 .ARM.attributes
                0x000006ed       0x2c c:/program files (x86)/gnu tools arm embedded/4.9 2015q2/bin/../lib/gcc/arm-none-eabi/4.9.3/../../../../arm-none-eabi/lib/armv6-m\libg_nano.a(lib_a-exit.o)
 .ARM.attributes
                0x00000719       0x2c c:/program files (x86)/gnu tools arm embedded/4.9 2015q2/bin/../lib/gcc/arm-none-eabi/4.9.3/../../../../arm-none-eabi/lib/armv6-m\libg_nano.a(lib_a-impure.o)
 .ARM.attributes
                0x00000745       0x2c c:/program files (x86)/gnu tools arm embedded/4.9 2015q2/bin/../lib/gcc/arm-none-eabi/4.9.3/../../../../arm-none-eabi/lib/armv6-m\libg_nano.a(lib_a-init.o)
 .ARM.attributes
                0x00000771       0x2c c:/program files (x86)/gnu tools arm embedded/4.9 2015q2/bin/../lib/gcc/arm-none-eabi/4.9.3/../../../../arm-none-eabi/lib/armv6-m\libg_nano.a(lib_a-memcpy.o)
 .ARM.attributes
                0x0000079d       0x2c c:/program files (x86)/gnu tools arm embedded/4.9 2015q2/bin/../lib/gcc/arm-none-eabi/4.9.3/../../../../arm-none-eabi/lib/armv6-m\libg_nano.a(lib_a-memset.o)
 .ARM.attributes
                0x000007c9       0x2c c:/program files (x86)/gnu tools arm embedded/4.9 2015q2/bin/../lib/gcc/arm-none-eabi/4.9.3/../../../../arm-none-eabi/lib/armv6-m\libg_nano.a(lib_a-sprintf.o)
 .ARM.attributes
                0x000007f5       0x2c c:/program files (x86)/gnu tools arm embedded/4.9 2015q2/bin/../lib/gcc/arm-none-eabi/4.9.3/../../../../arm-none-eabi/lib/armv6-m\libg_nano.a(lib_a-strlen.o)
 .ARM.attributes
                0x00000821       0x2c c:/program files (x86)/gnu tools arm embedded/4.9 2015q2/bin/../lib/gcc/arm-none-eabi/4.9.3/../../../../arm-none-eabi/lib/armv6-m\libg_nano.a(lib_a-strncmp.o)
 .ARM.attributes
                0x0000084d       0x2c c:/program files (x86)/gnu tools arm embedded/4.9 2015q2/bin/../lib/gcc/arm-none-eabi/4.9.3/../../../../arm-none-eabi/lib/armv6-m\libg_nano.a(lib_a-nano-svfprintf.o)
 .ARM.attributes
                0x00000879       0x2c c:/program files (x86)/gnu tools arm embedded/4.9 2015q2/bin/../lib/gcc/arm-none-eabi/4.9.3/../../../../arm-none-eabi/lib/armv6-m\libg_nano.a(lib_a-nano-vfprintf_i.o)
 .ARM.attributes
                0x000008a5       0x2c c:/program files (x86)/gnu tools arm embedded/4.9 2015q2/bin/../lib/gcc/arm-none-eabi/4.9.3/../../../../arm-none-eabi/lib/armv6-m\libg_nano.a(lib_a-memchr.o)
 .ARM.attributes
                0x000008d1       0x2c c:/program files (x86)/gnu tools arm embedded/4.9 2015q2/bin/../lib/gcc/arm-none-eabi/4.9.3/../../../../arm-none-eabi/lib/armv6-m\libg_nano.a(lib_a-memmove.o)
 .ARM.attributes
                0x000008fd       0x2c c:/program files (x86)/gnu tools arm embedded/4.9 2015q2/bin/../lib/gcc/arm-none-eabi/4.9.3/../../../../arm-none-eabi/lib/armv6-m\libg_nano.a(lib_a-nano-freer.o)
 .ARM.attributes
                0x00000929       0x2c c:/program files (x86)/gnu tools arm embedded/4.9 2015q2/bin/../lib/gcc/arm-none-eabi/4.9.3/../../../../arm-none-eabi/lib/armv6-m\libg_nano.a(lib_a-nano-mallocr.o)
 .ARM.attributes
                0x00000955       0x2c c:/program files (x86)/gnu tools arm embedded/4.9 2015q2/bin/../lib/gcc/arm-none-eabi/4.9.3/../../../../arm-none-eabi/lib/armv6-m\libg_nano.a(lib_a-nano-reallocr.o)
 .ARM.attributes
                0x00000981       0x2c c:/program files (x86)/gnu tools arm embedded/4.9 2015q2/bin/../lib/gcc/arm-none-eabi/4.9.3/../../../../arm-none-eabi/lib/armv6-m\libg_nano.a(lib_a-sbrkr.o)
 .ARM.attributes
                0x000009ad       0x2c c:/program files (x86)/gnu tools arm embedded/4.9 2015q2/bin/../lib/gcc/arm-none-eabi/4.9.3/../../../../arm-none-eabi/lib/armv6-m\libg_nano.a(lib_a-nano-msizer.o)
 .ARM.attributes
                0x000009d9       0x2c c:/program files (x86)/gnu tools arm embedded/4.9 2015q2/bin/../lib/gcc/arm-none-eabi/4.9.3/armv6-m/crtend.o
 .ARM.attributes
                0x00000a05       0x1e c:/program files (x86)/gnu tools arm embedded/4.9 2015q2/bin/../lib/gcc/arm-none-eabi/4.9.3/armv6-m/crtn.o

.debug
 *(.debug)

.line
 *(.line)

.debug_srcinfo
 *(.debug_srcinfo)

.debug_sfnames
 *(.debug_sfnames)

.debug_aranges  0x00000000     0x11c0
 *(.debug_aranges)
 .debug_aranges
                0x00000000       0x28 ./system/src/newlib/_exit.o
 .debug_aranges
                0x00000028       0x20 ./system/src/newlib/_sbrk.o
 .debug_aranges
                0x00000048       0x30 ./system/src/newlib/_syscalls.o
 .debug_aranges
                0x00000078       0x38 ./src/USARTInTask_task.o
 .debug_aranges
                0x000000b0       0x28 ./src/USARTOutTask_task.o
 .debug_aranges
                0x000000d8       0x48 ./src/bossTask_task.o
 .debug_aranges
                0x00000120       0x28 ./src/freertos.o
 .debug_aranges
                0x00000148       0x40 ./src/genericMessaging_lib.o
 .debug_aranges
                0x00000188       0xb0 ./src/hal_lib.o
 .debug_aranges
                0x00000238       0x20 ./src/main.o
 .debug_aranges
                0x00000258       0x60 ./src/stm32f0xx_hal_msp.o
 .debug_aranges
                0x000002b8       0x38 ./src/stm32f0xx_it.o
 .debug_aranges
                0x000002f0       0x18 ./src/strings_res.o
 .debug_aranges
                0x00000308       0x18 ./src/userTasks_task.o
 .debug_aranges
                0x00000320       0x50 ./lib/Middlewares/Third_Party/FreeRTOS/Source/portable/MemMang/heap_4.o
 .debug_aranges
                0x00000370       0x88 ./lib/Middlewares/Third_Party/FreeRTOS/Source/portable/GCC/ARM_CM0/port.o
 .debug_aranges
                0x000003f8      0x1b0 ./lib/Middlewares/Third_Party/FreeRTOS/Source/CMSIS_RTOS/cmsis_os.o
 .debug_aranges
                0x000005a8       0x40 ./lib/Middlewares/Third_Party/FreeRTOS/Source/list.o
 .debug_aranges
                0x000005e8       0xf8 ./lib/Middlewares/Third_Party/FreeRTOS/Source/queue.o
 .debug_aranges
                0x000006e0      0x1a8 ./lib/Middlewares/Third_Party/FreeRTOS/Source/tasks.o
 .debug_aranges
                0x00000888       0xa0 ./lib/Drivers/STM32F0xx_HAL_Driver/Src/stm32f0xx_hal.o
 .debug_aranges
                0x00000928       0x78 ./lib/Drivers/STM32F0xx_HAL_Driver/Src/stm32f0xx_hal_cortex.o
 .debug_aranges
                0x000009a0       0x68 ./lib/Drivers/STM32F0xx_HAL_Driver/Src/stm32f0xx_hal_dma.o
 .debug_aranges
                0x00000a08       0x58 ./lib/Drivers/STM32F0xx_HAL_Driver/Src/stm32f0xx_hal_gpio.o
 .debug_aranges
                0x00000a60       0x80 ./lib/Drivers/STM32F0xx_HAL_Driver/Src/stm32f0xx_hal_rcc.o
 .debug_aranges
                0x00000ae0       0x30 ./lib/Drivers/STM32F0xx_HAL_Driver/Src/stm32f0xx_hal_rcc_ex.o
 .debug_aranges
                0x00000b10      0x368 ./lib/Drivers/STM32F0xx_HAL_Driver/Src/stm32f0xx_hal_tim.o
 .debug_aranges
                0x00000e78      0x140 ./lib/Drivers/STM32F0xx_HAL_Driver/Src/stm32f0xx_hal_tim_ex.o
 .debug_aranges
                0x00000fb8      0x150 ./lib/Drivers/STM32F0xx_HAL_Driver/Src/stm32f0xx_hal_uart.o
 .debug_aranges
                0x00001108       0x68 ./lib/Drivers/STM32F0xx_HAL_Driver/Src/stm32f0xx_hal_uart_ex.o
 .debug_aranges
                0x00001170       0x28 ./lib/Drivers/CMSIS/Device/ST/STM32F0xx/Source/Templates/startup_stm32f0xx.o
 .debug_aranges
                0x00001198       0x28 ./lib/Drivers/CMSIS/Device/ST/STM32F0xx/Source/Templates/system_stm32f0xx.o

.debug_pubnames
 *(.debug_pubnames)

.debug_info     0x00000000    0x159c6
 *(.debug_info .gnu.linkonce.wi.*)
 .debug_info    0x00000000       0xee ./system/src/newlib/_exit.o
 .debug_info    0x000000ee      0x125 ./system/src/newlib/_sbrk.o
 .debug_info    0x00000213      0x1a9 ./system/src/newlib/_syscalls.o
 .debug_info    0x000003bc      0xe82 ./src/USARTInTask_task.o
 .debug_info    0x0000123e      0xafc ./src/USARTOutTask_task.o
 .debug_info    0x00001d3a      0xfe4 ./src/bossTask_task.o
 .debug_info    0x00002d1e       0xa7 ./src/freertos.o
 .debug_info    0x00002dc5      0x772 ./src/genericMessaging_lib.o
 .debug_info    0x00003537     0x1f99 ./src/hal_lib.o
 .debug_info    0x000054d0      0x69c ./src/main.o
 .debug_info    0x00005b6c     0x1437 ./src/stm32f0xx_hal_msp.o
 .debug_info    0x00006fa3      0x650 ./src/stm32f0xx_it.o
 .debug_info    0x000075f3      0x3ba ./src/strings_res.o
 .debug_info    0x000079ad      0x25e ./src/userTasks_task.o
 .debug_info    0x00007c0b      0x397 ./lib/Middlewares/Third_Party/FreeRTOS/Source/portable/MemMang/heap_4.o
 .debug_info    0x00007fa2      0x2a5 ./lib/Middlewares/Third_Party/FreeRTOS/Source/portable/GCC/ARM_CM0/port.o
 .debug_info    0x00008247     0x1c3a ./lib/Middlewares/Third_Party/FreeRTOS/Source/CMSIS_RTOS/cmsis_os.o
 .debug_info    0x00009e81      0x29a ./lib/Middlewares/Third_Party/FreeRTOS/Source/list.o
 .debug_info    0x0000a11b     0x1395 ./lib/Middlewares/Third_Party/FreeRTOS/Source/queue.o
 .debug_info    0x0000b4b0     0x1f58 ./lib/Middlewares/Third_Party/FreeRTOS/Source/tasks.o
 .debug_info    0x0000d408      0x5cf ./lib/Drivers/STM32F0xx_HAL_Driver/Src/stm32f0xx_hal.o
 .debug_info    0x0000d9d7      0x76c ./lib/Drivers/STM32F0xx_HAL_Driver/Src/stm32f0xx_hal_cortex.o
 .debug_info    0x0000e143      0x60a ./lib/Drivers/STM32F0xx_HAL_Driver/Src/stm32f0xx_hal_dma.o
 .debug_info    0x0000e74d      0x5d5 ./lib/Drivers/STM32F0xx_HAL_Driver/Src/stm32f0xx_hal_gpio.o
 .debug_info    0x0000ed22      0x9be ./lib/Drivers/STM32F0xx_HAL_Driver/Src/stm32f0xx_hal_rcc.o
 .debug_info    0x0000f6e0      0x37e ./lib/Drivers/STM32F0xx_HAL_Driver/Src/stm32f0xx_hal_rcc_ex.o
 .debug_info    0x0000fa5e     0x2db0 ./lib/Drivers/STM32F0xx_HAL_Driver/Src/stm32f0xx_hal_tim.o
 .debug_info    0x0001280e     0x1235 ./lib/Drivers/STM32F0xx_HAL_Driver/Src/stm32f0xx_hal_tim_ex.o
 .debug_info    0x00013a43     0x123e ./lib/Drivers/STM32F0xx_HAL_Driver/Src/stm32f0xx_hal_uart.o
 .debug_info    0x00014c81      0xa25 ./lib/Drivers/STM32F0xx_HAL_Driver/Src/stm32f0xx_hal_uart_ex.o
 .debug_info    0x000156a6      0x11f ./lib/Drivers/CMSIS/Device/ST/STM32F0xx/Source/Templates/startup_stm32f0xx.o
 .debug_info    0x000157c5      0x201 ./lib/Drivers/CMSIS/Device/ST/STM32F0xx/Source/Templates/system_stm32f0xx.o

.debug_abbrev   0x00000000     0x369f
 *(.debug_abbrev)
 .debug_abbrev  0x00000000       0xb7 ./system/src/newlib/_exit.o
 .debug_abbrev  0x000000b7       0xbb ./system/src/newlib/_sbrk.o
 .debug_abbrev  0x00000172       0xe7 ./system/src/newlib/_syscalls.o
 .debug_abbrev  0x00000259      0x23c ./src/USARTInTask_task.o
 .debug_abbrev  0x00000495      0x21d ./src/USARTOutTask_task.o
 .debug_abbrev  0x000006b2      0x278 ./src/bossTask_task.o
 .debug_abbrev  0x0000092a       0x45 ./src/freertos.o
 .debug_abbrev  0x0000096f      0x1f5 ./src/genericMessaging_lib.o
 .debug_abbrev  0x00000b64      0x324 ./src/hal_lib.o
 .debug_abbrev  0x00000e88      0x176 ./src/main.o
 .debug_abbrev  0x00000ffe      0x20f ./src/stm32f0xx_hal_msp.o
 .debug_abbrev  0x0000120d      0x156 ./src/stm32f0xx_it.o
 .debug_abbrev  0x00001363       0x60 ./src/strings_res.o
 .debug_abbrev  0x000013c3       0x9f ./src/userTasks_task.o
 .debug_abbrev  0x00001462      0x1cc ./lib/Middlewares/Third_Party/FreeRTOS/Source/portable/MemMang/heap_4.o
 .debug_abbrev  0x0000162e      0x197 ./lib/Middlewares/Third_Party/FreeRTOS/Source/portable/GCC/ARM_CM0/port.o
 .debug_abbrev  0x000017c5      0x35b ./lib/Middlewares/Third_Party/FreeRTOS/Source/CMSIS_RTOS/cmsis_os.o
 .debug_abbrev  0x00001b20       0xdf ./lib/Middlewares/Third_Party/FreeRTOS/Source/list.o
 .debug_abbrev  0x00001bff      0x259 ./lib/Middlewares/Third_Party/FreeRTOS/Source/queue.o
 .debug_abbrev  0x00001e58      0x291 ./lib/Middlewares/Third_Party/FreeRTOS/Source/tasks.o
 .debug_abbrev  0x000020e9      0x208 ./lib/Drivers/STM32F0xx_HAL_Driver/Src/stm32f0xx_hal.o
 .debug_abbrev  0x000022f1      0x21d ./lib/Drivers/STM32F0xx_HAL_Driver/Src/stm32f0xx_hal_cortex.o
 .debug_abbrev  0x0000250e      0x1b8 ./lib/Drivers/STM32F0xx_HAL_Driver/Src/stm32f0xx_hal_dma.o
 .debug_abbrev  0x000026c6      0x1d2 ./lib/Drivers/STM32F0xx_HAL_Driver/Src/stm32f0xx_hal_gpio.o
 .debug_abbrev  0x00002898      0x260 ./lib/Drivers/STM32F0xx_HAL_Driver/Src/stm32f0xx_hal_rcc.o
 .debug_abbrev  0x00002af8      0x176 ./lib/Drivers/STM32F0xx_HAL_Driver/Src/stm32f0xx_hal_rcc_ex.o
 .debug_abbrev  0x00002c6e      0x24c ./lib/Drivers/STM32F0xx_HAL_Driver/Src/stm32f0xx_hal_tim.o
 .debug_abbrev  0x00002eba      0x22a ./lib/Drivers/STM32F0xx_HAL_Driver/Src/stm32f0xx_hal_tim_ex.o
 .debug_abbrev  0x000030e4      0x1ef ./lib/Drivers/STM32F0xx_HAL_Driver/Src/stm32f0xx_hal_uart.o
 .debug_abbrev  0x000032d3      0x206 ./lib/Drivers/STM32F0xx_HAL_Driver/Src/stm32f0xx_hal_uart_ex.o
 .debug_abbrev  0x000034d9       0xd3 ./lib/Drivers/CMSIS/Device/ST/STM32F0xx/Source/Templates/startup_stm32f0xx.o
 .debug_abbrev  0x000035ac       0xf3 ./lib/Drivers/CMSIS/Device/ST/STM32F0xx/Source/Templates/system_stm32f0xx.o

.debug_line     0x00000000     0xedc6
 *(.debug_line)
 .debug_line    0x00000000      0x2cd ./system/src/newlib/_exit.o
 .debug_line    0x000002cd      0x270 ./system/src/newlib/_sbrk.o
 .debug_line    0x0000053d      0x3ab ./system/src/newlib/_syscalls.o
 .debug_line    0x000008e8      0x82a ./src/USARTInTask_task.o
 .debug_line    0x00001112      0x7f6 ./src/USARTOutTask_task.o
 .debug_line    0x00001908      0x910 ./src/bossTask_task.o
 .debug_line    0x00002218      0x1f1 ./src/freertos.o
 .debug_line    0x00002409      0x81b ./src/genericMessaging_lib.o
 .debug_line    0x00002c24      0xade ./src/hal_lib.o
 .debug_line    0x00003702      0x7e5 ./src/main.o
 .debug_line    0x00003ee7      0x6cc ./src/stm32f0xx_hal_msp.o
 .debug_line    0x000045b3      0x7ba ./src/stm32f0xx_it.o
 .debug_line    0x00004d6d      0x5dc ./src/strings_res.o
 .debug_line    0x00005349      0x7b9 ./src/userTasks_task.o
 .debug_line    0x00005b02      0x4c4 ./lib/Middlewares/Third_Party/FreeRTOS/Source/portable/MemMang/heap_4.o
 .debug_line    0x00005fc6      0x2ef ./lib/Middlewares/Third_Party/FreeRTOS/Source/portable/GCC/ARM_CM0/port.o
 .debug_line    0x000062b5      0x990 ./lib/Middlewares/Third_Party/FreeRTOS/Source/CMSIS_RTOS/cmsis_os.o
 .debug_line    0x00006c45      0x40c ./lib/Middlewares/Third_Party/FreeRTOS/Source/list.o
 .debug_line    0x00007051      0x91a ./lib/Middlewares/Third_Party/FreeRTOS/Source/queue.o
 .debug_line    0x0000796b      0xcfd ./lib/Middlewares/Third_Party/FreeRTOS/Source/tasks.o
 .debug_line    0x00008668      0x72b ./lib/Drivers/STM32F0xx_HAL_Driver/Src/stm32f0xx_hal.o
 .debug_line    0x00008d93      0x749 ./lib/Drivers/STM32F0xx_HAL_Driver/Src/stm32f0xx_hal_cortex.o
 .debug_line    0x000094dc      0x923 ./lib/Drivers/STM32F0xx_HAL_Driver/Src/stm32f0xx_hal_dma.o
 .debug_line    0x00009dff      0x731 ./lib/Drivers/STM32F0xx_HAL_Driver/Src/stm32f0xx_hal_gpio.o
 .debug_line    0x0000a530      0x8cb ./lib/Drivers/STM32F0xx_HAL_Driver/Src/stm32f0xx_hal_rcc.o
 .debug_line    0x0000adfb      0x6d4 ./lib/Drivers/STM32F0xx_HAL_Driver/Src/stm32f0xx_hal_rcc_ex.o
 .debug_line    0x0000b4cf     0x1669 ./lib/Drivers/STM32F0xx_HAL_Driver/Src/stm32f0xx_hal_tim.o
 .debug_line    0x0000cb38      0xb89 ./lib/Drivers/STM32F0xx_HAL_Driver/Src/stm32f0xx_hal_tim_ex.o
 .debug_line    0x0000d6c1      0xca6 ./lib/Drivers/STM32F0xx_HAL_Driver/Src/stm32f0xx_hal_uart.o
 .debug_line    0x0000e367      0x7d3 ./lib/Drivers/STM32F0xx_HAL_Driver/Src/stm32f0xx_hal_uart_ex.o
 .debug_line    0x0000eb3a       0xb0 ./lib/Drivers/CMSIS/Device/ST/STM32F0xx/Source/Templates/startup_stm32f0xx.o
 .debug_line    0x0000ebea      0x1dc ./lib/Drivers/CMSIS/Device/ST/STM32F0xx/Source/Templates/system_stm32f0xx.o

.debug_frame    0x00000000     0x3010
 *(.debug_frame)
 .debug_frame   0x00000000       0x38 ./system/src/newlib/_exit.o
 .debug_frame   0x00000038       0x28 ./system/src/newlib/_sbrk.o
 .debug_frame   0x00000060       0x50 ./system/src/newlib/_syscalls.o
 .debug_frame   0x000000b0       0x78 ./src/USARTInTask_task.o
 .debug_frame   0x00000128       0x4c ./src/USARTOutTask_task.o
 .debug_frame   0x00000174       0xa8 ./src/bossTask_task.o
 .debug_frame   0x0000021c       0x30 ./src/freertos.o
 .debug_frame   0x0000024c       0xa4 ./src/genericMessaging_lib.o
 .debug_frame   0x000002f0      0x200 ./src/hal_lib.o
 .debug_frame   0x000004f0       0x30 ./src/main.o
 .debug_frame   0x00000520       0xf0 ./src/stm32f0xx_hal_msp.o
 .debug_frame   0x00000610       0x70 ./src/stm32f0xx_it.o
 .debug_frame   0x00000680       0xa0 ./lib/Middlewares/Third_Party/FreeRTOS/Source/portable/MemMang/heap_4.o
 .debug_frame   0x00000720      0x110 ./lib/Middlewares/Third_Party/FreeRTOS/Source/portable/GCC/ARM_CM0/port.o
 .debug_frame   0x00000830      0x4e0 ./lib/Middlewares/Third_Party/FreeRTOS/Source/CMSIS_RTOS/cmsis_os.o
 .debug_frame   0x00000d10       0x6c ./lib/Middlewares/Third_Party/FreeRTOS/Source/list.o
 .debug_frame   0x00000d7c      0x2c0 ./lib/Middlewares/Third_Party/FreeRTOS/Source/queue.o
 .debug_frame   0x0000103c      0x4dc ./lib/Middlewares/Third_Party/FreeRTOS/Source/tasks.o
 .debug_frame   0x00001518      0x144 ./lib/Drivers/STM32F0xx_HAL_Driver/Src/stm32f0xx_hal.o
 .debug_frame   0x0000165c       0xe4 ./lib/Drivers/STM32F0xx_HAL_Driver/Src/stm32f0xx_hal_cortex.o
 .debug_frame   0x00001740      0x104 ./lib/Drivers/STM32F0xx_HAL_Driver/Src/stm32f0xx_hal_dma.o
 .debug_frame   0x00001844       0xd0 ./lib/Drivers/STM32F0xx_HAL_Driver/Src/stm32f0xx_hal_gpio.o
 .debug_frame   0x00001914      0x130 ./lib/Drivers/STM32F0xx_HAL_Driver/Src/stm32f0xx_hal_rcc.o
 .debug_frame   0x00001a44       0x54 ./lib/Drivers/STM32F0xx_HAL_Driver/Src/stm32f0xx_hal_rcc_ex.o
 .debug_frame   0x00001a98      0x998 ./lib/Drivers/STM32F0xx_HAL_Driver/Src/stm32f0xx_hal_tim.o
 .debug_frame   0x00002430      0x388 ./lib/Drivers/STM32F0xx_HAL_Driver/Src/stm32f0xx_hal_tim_ex.o
 .debug_frame   0x000027b8      0x380 ./lib/Drivers/STM32F0xx_HAL_Driver/Src/stm32f0xx_hal_uart.o
 .debug_frame   0x00002b38      0x114 ./lib/Drivers/STM32F0xx_HAL_Driver/Src/stm32f0xx_hal_uart_ex.o
 .debug_frame   0x00002c4c       0x30 ./lib/Drivers/CMSIS/Device/ST/STM32F0xx/Source/Templates/startup_stm32f0xx.o
 .debug_frame   0x00002c7c       0x38 ./lib/Drivers/CMSIS/Device/ST/STM32F0xx/Source/Templates/system_stm32f0xx.o
 .debug_frame   0x00002cb4       0x20 c:/program files (x86)/gnu tools arm embedded/4.9 2015q2/bin/../lib/gcc/arm-none-eabi/4.9.3/armv6-m\libgcc.a(_udivsi3.o)
 .debug_frame   0x00002cd4       0x20 c:/program files (x86)/gnu tools arm embedded/4.9 2015q2/bin/../lib/gcc/arm-none-eabi/4.9.3/../../../../arm-none-eabi/lib/armv6-m\libg_nano.a(lib_a-errno.o)
 .debug_frame   0x00002cf4       0x28 c:/program files (x86)/gnu tools arm embedded/4.9 2015q2/bin/../lib/gcc/arm-none-eabi/4.9.3/../../../../arm-none-eabi/lib/armv6-m\libg_nano.a(lib_a-exit.o)
 .debug_frame   0x00002d1c       0x2c c:/program files (x86)/gnu tools arm embedded/4.9 2015q2/bin/../lib/gcc/arm-none-eabi/4.9.3/../../../../arm-none-eabi/lib/armv6-m\libg_nano.a(lib_a-init.o)
 .debug_frame   0x00002d48       0x28 c:/program files (x86)/gnu tools arm embedded/4.9 2015q2/bin/../lib/gcc/arm-none-eabi/4.9.3/../../../../arm-none-eabi/lib/armv6-m\libg_nano.a(lib_a-memcpy.o)
 .debug_frame   0x00002d70       0x20 c:/program files (x86)/gnu tools arm embedded/4.9 2015q2/bin/../lib/gcc/arm-none-eabi/4.9.3/../../../../arm-none-eabi/lib/armv6-m\libg_nano.a(lib_a-memset.o)
 .debug_frame   0x00002d90       0x50 c:/program files (x86)/gnu tools arm embedded/4.9 2015q2/bin/../lib/gcc/arm-none-eabi/4.9.3/../../../../arm-none-eabi/lib/armv6-m\libg_nano.a(lib_a-sprintf.o)
 .debug_frame   0x00002de0       0x20 c:/program files (x86)/gnu tools arm embedded/4.9 2015q2/bin/../lib/gcc/arm-none-eabi/4.9.3/../../../../arm-none-eabi/lib/armv6-m\libg_nano.a(lib_a-strlen.o)
 .debug_frame   0x00002e00       0x2c c:/program files (x86)/gnu tools arm embedded/4.9 2015q2/bin/../lib/gcc/arm-none-eabi/4.9.3/../../../../arm-none-eabi/lib/armv6-m\libg_nano.a(lib_a-strncmp.o)
 .debug_frame   0x00002e2c       0x74 c:/program files (x86)/gnu tools arm embedded/4.9 2015q2/bin/../lib/gcc/arm-none-eabi/4.9.3/../../../../arm-none-eabi/lib/armv6-m\libg_nano.a(lib_a-nano-svfprintf.o)
 .debug_frame   0x00002ea0       0x54 c:/program files (x86)/gnu tools arm embedded/4.9 2015q2/bin/../lib/gcc/arm-none-eabi/4.9.3/../../../../arm-none-eabi/lib/armv6-m\libg_nano.a(lib_a-nano-vfprintf_i.o)
 .debug_frame   0x00002ef4       0x20 c:/program files (x86)/gnu tools arm embedded/4.9 2015q2/bin/../lib/gcc/arm-none-eabi/4.9.3/../../../../arm-none-eabi/lib/armv6-m\libg_nano.a(lib_a-memchr.o)
 .debug_frame   0x00002f14       0x28 c:/program files (x86)/gnu tools arm embedded/4.9 2015q2/bin/../lib/gcc/arm-none-eabi/4.9.3/../../../../arm-none-eabi/lib/armv6-m\libg_nano.a(lib_a-memmove.o)
 .debug_frame   0x00002f3c       0x2c c:/program files (x86)/gnu tools arm embedded/4.9 2015q2/bin/../lib/gcc/arm-none-eabi/4.9.3/../../../../arm-none-eabi/lib/armv6-m\libg_nano.a(lib_a-nano-freer.o)
 .debug_frame   0x00002f68       0x2c c:/program files (x86)/gnu tools arm embedded/4.9 2015q2/bin/../lib/gcc/arm-none-eabi/4.9.3/../../../../arm-none-eabi/lib/armv6-m\libg_nano.a(lib_a-nano-mallocr.o)
 .debug_frame   0x00002f94       0x30 c:/program files (x86)/gnu tools arm embedded/4.9 2015q2/bin/../lib/gcc/arm-none-eabi/4.9.3/../../../../arm-none-eabi/lib/armv6-m\libg_nano.a(lib_a-nano-reallocr.o)
 .debug_frame   0x00002fc4       0x2c c:/program files (x86)/gnu tools arm embedded/4.9 2015q2/bin/../lib/gcc/arm-none-eabi/4.9.3/../../../../arm-none-eabi/lib/armv6-m\libg_nano.a(lib_a-sbrkr.o)
 .debug_frame   0x00002ff0       0x20 c:/program files (x86)/gnu tools arm embedded/4.9 2015q2/bin/../lib/gcc/arm-none-eabi/4.9.3/../../../../arm-none-eabi/lib/armv6-m\libg_nano.a(lib_a-nano-msizer.o)

.debug_str      0x00000000    0x5a8d3
 *(.debug_str)
 .debug_str     0x00000000     0x5ba4 ./system/src/newlib/_exit.o
                               0x5d0e (size before relaxing)
 .debug_str     0x00005ba4      0x4de ./system/src/newlib/_sbrk.o
                               0x4480 (size before relaxing)
 .debug_str     0x00006082     0x1186 ./system/src/newlib/_syscalls.o
                               0x647a (size before relaxing)
 .debug_str     0x00007208    0x4dae4 ./src/USARTInTask_task.o
                              0x52b14 (size before relaxing)
 .debug_str     0x00054cec      0x1a1 ./src/USARTOutTask_task.o
                              0x52835 (size before relaxing)
 .debug_str     0x00054e8d      0x181 ./src/bossTask_task.o
                              0x52b15 (size before relaxing)
 .debug_str     0x0005500e       0x44 ./src/freertos.o
                               0x5f49 (size before relaxing)
 .debug_str     0x00055052       0xec ./src/genericMessaging_lib.o
                              0x5248f (size before relaxing)
 .debug_str     0x0005513e      0xd26 ./src/hal_lib.o
                              0x53489 (size before relaxing)
 .debug_str     0x00055e64      0x28b ./src/main.o
                              0x52548 (size before relaxing)
 .debug_str     0x000560ef      0x107 ./src/stm32f0xx_hal_msp.o
                              0x4dea5 (size before relaxing)
 .debug_str     0x000561f6       0xa5 ./src/stm32f0xx_it.o
                              0x523d8 (size before relaxing)
 .debug_str     0x0005629b       0x44 ./src/strings_res.o
                              0x4d3ee (size before relaxing)
 .debug_str     0x000562df       0x30 ./src/userTasks_task.o
                              0x5215f (size before relaxing)
 .debug_str     0x0005630f      0x2b9 ./lib/Middlewares/Third_Party/FreeRTOS/Source/portable/MemMang/heap_4.o
                               0x859b (size before relaxing)
 .debug_str     0x000565c8      0x4ed ./lib/Middlewares/Third_Party/FreeRTOS/Source/portable/GCC/ARM_CM0/port.o
                               0x644c (size before relaxing)
 .debug_str     0x00056ab5      0x716 ./lib/Middlewares/Third_Party/FreeRTOS/Source/CMSIS_RTOS/cmsis_os.o
                               0xad5d (size before relaxing)
 .debug_str     0x000571cb      0x141 ./lib/Middlewares/Third_Party/FreeRTOS/Source/list.o
                               0x7e70 (size before relaxing)
 .debug_str     0x0005730c      0x6d6 ./lib/Middlewares/Third_Party/FreeRTOS/Source/queue.o
                               0x96e0 (size before relaxing)
 .debug_str     0x000579e2      0xd58 ./lib/Middlewares/Third_Party/FreeRTOS/Source/tasks.o
                               0x9dbe (size before relaxing)
 .debug_str     0x0005873a      0x294 ./lib/Drivers/STM32F0xx_HAL_Driver/Src/stm32f0xx_hal.o
                              0x4d763 (size before relaxing)
 .debug_str     0x000589ce      0x16e ./lib/Drivers/STM32F0xx_HAL_Driver/Src/stm32f0xx_hal_cortex.o
                              0x4d623 (size before relaxing)
 .debug_str     0x00058b3c      0x144 ./lib/Drivers/STM32F0xx_HAL_Driver/Src/stm32f0xx_hal_dma.o
                              0x4d533 (size before relaxing)
 .debug_str     0x00058c80      0x216 ./lib/Drivers/STM32F0xx_HAL_Driver/Src/stm32f0xx_hal_gpio.o
                              0x4d52c (size before relaxing)
 .debug_str     0x00058e96      0x1e1 ./lib/Drivers/STM32F0xx_HAL_Driver/Src/stm32f0xx_hal_rcc.o
                              0x4d66d (size before relaxing)
 .debug_str     0x00059077       0xea ./lib/Drivers/STM32F0xx_HAL_Driver/Src/stm32f0xx_hal_rcc_ex.o
                              0x4d412 (size before relaxing)
 .debug_str     0x00059161      0xc50 ./lib/Drivers/STM32F0xx_HAL_Driver/Src/stm32f0xx_hal_tim.o
                              0x4e322 (size before relaxing)
 .debug_str     0x00059db1      0x3da ./lib/Drivers/STM32F0xx_HAL_Driver/Src/stm32f0xx_hal_tim_ex.o
                              0x4dbd8 (size before relaxing)
 .debug_str     0x0005a18b      0x44c ./lib/Drivers/STM32F0xx_HAL_Driver/Src/stm32f0xx_hal_uart.o
                              0x4dc3d (size before relaxing)
 .debug_str     0x0005a5d7      0x18f ./lib/Drivers/STM32F0xx_HAL_Driver/Src/stm32f0xx_hal_uart_ex.o
                              0x4d8c7 (size before relaxing)
 .debug_str     0x0005a766       0xeb ./lib/Drivers/CMSIS/Device/ST/STM32F0xx/Source/Templates/startup_stm32f0xx.o
                               0x24bf (size before relaxing)
 .debug_str     0x0005a851       0x82 ./lib/Drivers/CMSIS/Device/ST/STM32F0xx/Source/Templates/system_stm32f0xx.o
                              0x1b22e (size before relaxing)

.debug_loc      0x00000000     0xb921
 *(.debug_loc)
 .debug_loc     0x00000000       0x7b ./system/src/newlib/_sbrk.o
 .debug_loc     0x0000007b       0x63 ./system/src/newlib/_syscalls.o
 .debug_loc     0x000000de      0x123 ./src/USARTInTask_task.o
 .debug_loc     0x00000201       0x73 ./src/USARTOutTask_task.o
 .debug_loc     0x00000274      0x3ad ./src/bossTask_task.o
 .debug_loc     0x00000621      0x338 ./src/genericMessaging_lib.o
 .debug_loc     0x00000959      0x4b0 ./src/hal_lib.o
 .debug_loc     0x00000e09      0x1b4 ./src/stm32f0xx_hal_msp.o
 .debug_loc     0x00000fbd      0x287 ./lib/Middlewares/Third_Party/FreeRTOS/Source/portable/MemMang/heap_4.o
 .debug_loc     0x00001244       0xa6 ./lib/Middlewares/Third_Party/FreeRTOS/Source/portable/GCC/ARM_CM0/port.o
 .debug_loc     0x000012ea     0x1048 ./lib/Middlewares/Third_Party/FreeRTOS/Source/CMSIS_RTOS/cmsis_os.o
 .debug_loc     0x00002332       0x65 ./lib/Middlewares/Third_Party/FreeRTOS/Source/list.o
 .debug_loc     0x00002397     0x11c1 ./lib/Middlewares/Third_Party/FreeRTOS/Source/queue.o
 .debug_loc     0x00003558     0x1560 ./lib/Middlewares/Third_Party/FreeRTOS/Source/tasks.o
 .debug_loc     0x00004ab8       0x6a ./lib/Drivers/STM32F0xx_HAL_Driver/Src/stm32f0xx_hal.o
 .debug_loc     0x00004b22      0x268 ./lib/Drivers/STM32F0xx_HAL_Driver/Src/stm32f0xx_hal_cortex.o
 .debug_loc     0x00004d8a      0x4a0 ./lib/Drivers/STM32F0xx_HAL_Driver/Src/stm32f0xx_hal_dma.o
 .debug_loc     0x0000522a      0x28f ./lib/Drivers/STM32F0xx_HAL_Driver/Src/stm32f0xx_hal_gpio.o
 .debug_loc     0x000054b9      0x58a ./lib/Drivers/STM32F0xx_HAL_Driver/Src/stm32f0xx_hal_rcc.o
 .debug_loc     0x00005a43      0x390 ./lib/Drivers/STM32F0xx_HAL_Driver/Src/stm32f0xx_hal_rcc_ex.o
 .debug_loc     0x00005dd3     0x36d5 ./lib/Drivers/STM32F0xx_HAL_Driver/Src/stm32f0xx_hal_tim.o
 .debug_loc     0x000094a8      0xfa5 ./lib/Drivers/STM32F0xx_HAL_Driver/Src/stm32f0xx_hal_tim_ex.o
 .debug_loc     0x0000a44d      0xffa ./lib/Drivers/STM32F0xx_HAL_Driver/Src/stm32f0xx_hal_uart.o
 .debug_loc     0x0000b447      0x393 ./lib/Drivers/STM32F0xx_HAL_Driver/Src/stm32f0xx_hal_uart_ex.o
 .debug_loc     0x0000b7da       0x49 ./lib/Drivers/CMSIS/Device/ST/STM32F0xx/Source/Templates/startup_stm32f0xx.o
 .debug_loc     0x0000b823       0xfe ./lib/Drivers/CMSIS/Device/ST/STM32F0xx/Source/Templates/system_stm32f0xx.o

.debug_macinfo
 *(.debug_macinfo)

.debug_weaknames
 *(.debug_weaknames)

.debug_funcnames
 *(.debug_funcnames)

.debug_typenames
 *(.debug_typenames)

.debug_varnames
 *(.debug_varnames)
OUTPUT(EEE3061WDesignProjectCode-rtos.elf elf32-littlearm)

.debug_ranges   0x00000000      0xfe0
 .debug_ranges  0x00000000       0x18 ./system/src/newlib/_exit.o
 .debug_ranges  0x00000018       0x10 ./system/src/newlib/_sbrk.o
 .debug_ranges  0x00000028       0x20 ./system/src/newlib/_syscalls.o
 .debug_ranges  0x00000048       0x28 ./src/USARTInTask_task.o
 .debug_ranges  0x00000070       0x18 ./src/USARTOutTask_task.o
 .debug_ranges  0x00000088       0x38 ./src/bossTask_task.o
 .debug_ranges  0x000000c0       0x18 ./src/freertos.o