Archive member included because of file (symbol)

c:/program files (x86)/gnu tools arm embedded/4.9 2015q2/bin/../lib/gcc/arm-none-eabi/4.9.3/armv6-m\libgcc.a(_udivsi3.o)
                              ./src/main.o (__aeabi_uidiv)
c:/program files (x86)/gnu tools arm embedded/4.9 2015q2/bin/../lib/gcc/arm-none-eabi/4.9.3/armv6-m\libgcc.a(_dvmd_tls.o)
                              c:/program files (x86)/gnu tools arm embedded/4.9 2015q2/bin/../lib/gcc/arm-none-eabi/4.9.3/armv6-m\libgcc.a(_udivsi3.o) (__aeabi_idiv0)
c:/program files (x86)/gnu tools arm embedded/4.9 2015q2/bin/../lib/gcc/arm-none-eabi/4.9.3/../../../../arm-none-eabi/lib/armv6-m\libg_nano.a(lib_a-errno.o)
                              ./system/src/newlib/_sbrk.o (__errno)
c:/program files (x86)/gnu tools arm embedded/4.9 2015q2/bin/../lib/gcc/arm-none-eabi/4.9.3/../../../../arm-none-eabi/lib/armv6-m\libg_nano.a(lib_a-impure.o)
                              c:/program files (x86)/gnu tools arm embedded/4.9 2015q2/bin/../lib/gcc/arm-none-eabi/4.9.3/../../../../arm-none-eabi/lib/armv6-m\libg_nano.a(lib_a-errno.o) (_impure_ptr)
c:/program files (x86)/gnu tools arm embedded/4.9 2015q2/bin/../lib/gcc/arm-none-eabi/4.9.3/../../../../arm-none-eabi/lib/armv6-m\libg_nano.a(lib_a-memcpy.o)
                              ./lib/Middlewares/Third_Party/FreeRTOS/Source/queue.o (memcpy)
c:/program files (x86)/gnu tools arm embedded/4.9 2015q2/bin/../lib/gcc/arm-none-eabi/4.9.3/../../../../arm-none-eabi/lib/armv6-m\libg_nano.a(lib_a-memset.o)
                              ./lib/Middlewares/Third_Party/FreeRTOS/Source/CMSIS_RTOS/cmsis_os.o (memset)

Allocating common symbols
Common symbol       size              file

defaultTaskHandle   0x4               ./src/main.o
errno               0x4               ./system/src/newlib/_syscalls.o
htim15              0x3c              ./src/main.o
xQueueRegistry      0x40              ./lib/Middlewares/Third_Party/FreeRTOS/Source/queue.o
pFlash              0x20              ./lib/Drivers/STM32F0xx_HAL_Driver/Src/stm32f0xx_hal_flash.o
huart1              0x70              ./src/main.o
htim1               0x3c              ./src/main.o
hspi1               0x64              ./src/main.o
htim2               0x3c              ./src/main.o
huart2              0x70              ./src/main.o
hdma_adc            0x38              ./src/main.o
hadc                0x4c              ./src/main.o

Discarded input sections

 .group         0x00000000        0x8 ./system/src/newlib/_cxx.o
 .group         0x00000000        0x8 ./system/src/newlib/_cxx.o
 .group         0x00000000        0x8 ./system/src/newlib/_cxx.o
 .group         0x00000000        0x8 ./system/src/newlib/_cxx.o
 .group         0x00000000        0x8 ./system/src/newlib/_cxx.o
 .group         0x00000000        0x8 ./system/src/newlib/_cxx.o
 .group         0x00000000        0x8 ./system/src/newlib/_cxx.o
 .group         0x00000000        0x8 ./system/src/newlib/_cxx.o
 .group         0x00000000        0x8 ./system/src/newlib/_cxx.o
 .group         0x00000000        0x8 ./system/src/newlib/_cxx.o
 .group         0x00000000        0x8 ./system/src/newlib/_cxx.o
 .group         0x00000000        0x8 ./system/src/newlib/_cxx.o
 .group         0x00000000        0x8 ./system/src/newlib/_cxx.o
 .group         0x00000000        0x8 ./system/src/newlib/_cxx.o
 .group         0x00000000        0x8 ./system/src/newlib/_cxx.o
 .group         0x00000000        0x8 ./system/src/newlib/_cxx.o
 .group         0x00000000        0x8 ./system/src/newlib/_cxx.o
 .group         0x00000000        0x8 ./system/src/newlib/_cxx.o
 .group         0x00000000        0x8 ./system/src/newlib/_cxx.o
 .group         0x00000000        0x8 ./system/src/newlib/_cxx.o
 .group         0x00000000        0x8 ./system/src/newlib/_cxx.o
 .group         0x00000000        0x8 ./system/src/newlib/_cxx.o
 .group         0x00000000        0x8 ./system/src/newlib/_cxx.o
 .group         0x00000000        0x8 ./system/src/newlib/_cxx.o
 .group         0x00000000        0x8 ./system/src/newlib/_cxx.o
 .group         0x00000000        0x8 ./system/src/newlib/_cxx.o
 .text          0x00000000        0x0 ./system/src/newlib/_cxx.o
 .data          0x00000000        0x0 ./system/src/newlib/_cxx.o
 .bss           0x00000000        0x0 ./system/src/newlib/_cxx.o
 .text._ZN9__gnu_cxx27__verbose_terminate_handlerEv
                0x00000000        0x8 ./system/src/newlib/_cxx.o
 .text.__cxa_pure_virtual
                0x00000000        0x8 ./system/src/newlib/_cxx.o
 .debug_info    0x00000000      0x597 ./system/src/newlib/_cxx.o
 .debug_abbrev  0x00000000      0x1a7 ./system/src/newlib/_cxx.o
 .debug_aranges
                0x00000000       0x28 ./system/src/newlib/_cxx.o
 .debug_ranges  0x00000000       0x18 ./system/src/newlib/_cxx.o
 .debug_macro   0x00000000      0x164 ./system/src/newlib/_cxx.o
 .debug_macro   0x00000000      0x89e ./system/src/newlib/_cxx.o
[...]
Memory Configuration

Name             Origin             Length             Attributes
RAM              0x20000000         0x00002000         xrw
CCMRAM           0x00000000         0x00000000         xrw
FLASH            0x08000000         0x00010000         xr
FLASHB1          0x00000000         0x00000000         xr
EXTMEMB0         0x00000000         0x00000000         xr
EXTMEMB1         0x00000000         0x00000000         xr
EXTMEMB2         0x00000000         0x00000000         xr
EXTMEMB3         0x00000000         0x00000000         xr
MEMORY_ARRAY     0x00000000         0x00000000         xrw
*default*        0x00000000         0xffffffff

Linker script and memory map

LOAD ./system/src/newlib/_cxx.o
LOAD ./system/src/newlib/_exit.o
LOAD ./system/src/newlib/_sbrk.o
LOAD ./system/src/newlib/_startup.o
LOAD ./system/src/newlib/_syscalls.o
LOAD ./system/src/diag/Trace.o
LOAD ./system/src/diag/trace_impl.o
LOAD ./system/src/cortexm/_initialize_hardware.o
LOAD ./system/src/cortexm/_reset_hardware.o
LOAD ./system/src/cortexm/exception_handlers.o
LOAD ./src/_write.o
LOAD ./src/freertos.o
LOAD ./src/main.o
LOAD ./src/stm32f0xx_hal_msp.o
LOAD ./src/stm32f0xx_it.o
LOAD ./lib/Middlewares/Third_Party/FreeRTOS/Source/portable/MemMang/heap_4.o
LOAD ./lib/Middlewares/Third_Party/FreeRTOS/Source/portable/GCC/ARM_CM0/port.o
LOAD ./lib/Middlewares/Third_Party/FreeRTOS/Source/CMSIS_RTOS/cmsis_os.o
LOAD ./lib/Middlewares/Third_Party/FreeRTOS/Source/croutine.o
LOAD ./lib/Middlewares/Third_Party/FreeRTOS/Source/event_groups.o
LOAD ./lib/Middlewares/Third_Party/FreeRTOS/Source/list.o
LOAD ./lib/Middlewares/Third_Party/FreeRTOS/Source/queue.o
LOAD ./lib/Middlewares/Third_Party/FreeRTOS/Source/tasks.o
LOAD ./lib/Middlewares/Third_Party/FreeRTOS/Source/timers.o
LOAD ./lib/Drivers/STM32F0xx_HAL_Driver/Src/stm32f0xx_hal.o
LOAD ./lib/Drivers/STM32F0xx_HAL_Driver/Src/stm32f0xx_hal_adc.o
LOAD ./lib/Drivers/STM32F0xx_HAL_Driver/Src/stm32f0xx_hal_adc_ex.o
LOAD ./lib/Drivers/STM32F0xx_HAL_Driver/Src/stm32f0xx_hal_cortex.o
LOAD ./lib/Drivers/STM32F0xx_HAL_Driver/Src/stm32f0xx_hal_dma.o
LOAD ./lib/Drivers/STM32F0xx_HAL_Driver/Src/stm32f0xx_hal_flash.o
LOAD ./lib/Drivers/STM32F0xx_HAL_Driver/Src/stm32f0xx_hal_flash_ex.o
LOAD ./lib/Drivers/STM32F0xx_HAL_Driver/Src/stm32f0xx_hal_gpio.o
LOAD ./lib/Drivers/STM32F0xx_HAL_Driver/Src/stm32f0xx_hal_pwr.o
LOAD ./lib/Drivers/STM32F0xx_HAL_Driver/Src/stm32f0xx_hal_pwr_ex.o
LOAD ./lib/Drivers/STM32F0xx_HAL_Driver/Src/stm32f0xx_hal_rcc.o
LOAD ./lib/Drivers/STM32F0xx_HAL_Driver/Src/stm32f0xx_hal_rcc_ex.o
LOAD ./lib/Drivers/STM32F0xx_HAL_Driver/Src/stm32f0xx_hal_spi.o
LOAD ./lib/Drivers/STM32F0xx_HAL_Driver/Src/stm32f0xx_hal_spi_ex.o
LOAD ./lib/Drivers/STM32F0xx_HAL_Driver/Src/stm32f0xx_hal_tim.o
LOAD ./lib/Drivers/STM32F0xx_HAL_Driver/Src/stm32f0xx_hal_tim_ex.o
LOAD ./lib/Drivers/STM32F0xx_HAL_Driver/Src/stm32f0xx_hal_uart.o
LOAD ./lib/Drivers/STM32F0xx_HAL_Driver/Src/stm32f0xx_hal_uart_ex.o
LOAD ./lib/Drivers/CMSIS/Device/ST/STM32F0xx/Source/Templates/system_stm32f0xx.o
LOAD c:/program files (x86)/gnu tools arm embedded/4.9 2015q2/bin/../lib/gcc/arm-none-eabi/4.9.3/../../../../arm-none-eabi/lib/armv6-m\libstdc++_nano.a
LOAD c:/program files (x86)/gnu tools arm embedded/4.9 2015q2/bin/../lib/gcc/arm-none-eabi/4.9.3/../../../../arm-none-eabi/lib/armv6-m\libm.a
START GROUP
LOAD c:/program files (x86)/gnu tools arm embedded/4.9 2015q2/bin/../lib/gcc/arm-none-eabi/4.9.3/armv6-m\libgcc.a
LOAD c:/program files (x86)/gnu tools arm embedded/4.9 2015q2/bin/../lib/gcc/arm-none-eabi/4.9.3/../../../../arm-none-eabi/lib/armv6-m\libg_nano.a
LOAD c:/program files (x86)/gnu tools arm embedded/4.9 2015q2/bin/../lib/gcc/arm-none-eabi/4.9.3/../../../../arm-none-eabi/lib/armv6-m\libc_nano.a
END GROUP
START GROUP
LOAD c:/program files (x86)/gnu tools arm embedded/4.9 2015q2/bin/../lib/gcc/arm-none-eabi/4.9.3/armv6-m\libgcc.a
LOAD c:/program files (x86)/gnu tools arm embedded/4.9 2015q2/bin/../lib/gcc/arm-none-eabi/4.9.3/../../../../arm-none-eabi/lib/armv6-m\libc_nano.a
END GROUP
                0x20002000                __stack = (ORIGIN (RAM) + 0x2000)
                0x20002000                _estack = __stack
                0x00000400                __Main_Stack_Size = 0x400
                0x00000400                PROVIDE (_Main_Stack_Size, __Main_Stack_Size)
                0x20001c00                __Main_Stack_Limit = (__stack - __Main_Stack_Size)
                0x20001c00                PROVIDE (_Main_Stack_Limit, __Main_Stack_Limit)
                0x00000100                _Minimum_Stack_Size = 0x100
                0x20000fbc                PROVIDE (_Heap_Begin, _end_noinit)
                0x20001c00                PROVIDE (_Heap_Limit, (__stack - __Main_Stack_Size))

.isr_vector     0x08000000      0x118
                0x08000000                . = ALIGN (0x4)
 *(.isr_vector)
 *(.cfmconfig)
 *(.after_vectors .after_vectors.*)
 .after_vectors
                0x08000000      0x118 ./system/src/newlib/_startup.o
                0x08000000                _start
                0x08000118                . = ALIGN (0x4)

.inits          0x08000118        0x0
                0x08000118                . = ALIGN (0x4)
 *(.init)
 *(.fini)
                0x08000118                . = ALIGN (0x4)
                0x08000118                PROVIDE (__preinit_array_start, .)
 *(.preinit_array_sysinit .preinit_array_sysinit.*)
 *(.preinit_array_platform .preinit_array_platform.*)
 *(.preinit_array .preinit_array.*)
                0x08000118                PROVIDE (__preinit_array_end, .)
                0x08000118                . = ALIGN (0x4)
                0x08000118                PROVIDE (__init_array_start, .)
 *(SORT(.init_array.*))
 *(.init_array)
                0x08000118                PROVIDE (__init_array_end, .)
                0x08000118                . = ALIGN (0x4)
                0x08000118                PROVIDE (__fini_array_start, .)
 *(SORT(.fini_array.*))
 *(.fini_array)
                0x08000118                PROVIDE (__fini_array_end, .)
                0x08000118                . = ALIGN (0x4)

.flashtext      0x08000118        0x0
                0x08000118                . = ALIGN (0x4)
 *(.flashtext .flashtext.*)
                0x08000118                . = ALIGN (0x4)

.text           0x08000118     0x3c88
                0x08000118                . = ALIGN (0x4)
 *(.text .text.*)
 .text._exit    0x08000118        0x4 ./system/src/newlib/_exit.o
                0x08000118                _exit
 .text.__initialize_args
                0x0800011c       0x10 ./system/src/newlib/_syscalls.o
                0x0800011c                __initialize_args
 .text.__initialize_hardware_early
                0x0800012c        0x8 ./system/src/cortexm/_initialize_hardware.o
                0x0800012c                __initialize_hardware_early
 .text.__initialize_hardware
                0x08000134        0x8 ./system/src/cortexm/_initialize_hardware.o
                0x08000134                __initialize_hardware
 .text.vApplicationIdleHook
                0x0800013c        0x4 ./src/freertos.o
                0x0800013c                vApplicationIdleHook
 .text.vApplicationMallocFailedHook
                0x08000140        0x4 ./src/freertos.o
                0x08000140                vApplicationMallocFailedHook
 .text.MX_GPIO_Init
                0x08000144       0xb4 ./src/main.o
 .text.MX_DMA_Init
                0x080001f8       0x30 ./src/main.o
 .text.MX_ADC_Init
                0x08000228       0x50 ./src/main.o
 .text.MX_SPI1_Init
                0x08000278       0x4c ./src/main.o
 .text.MX_TIM1_Init
                0x080002c4       0x8c ./src/main.o
 .text.MX_TIM2_Init
                0x08000350       0x4c ./src/main.o
 .text.MX_TIM15_Init
                0x0800039c       0x78 ./src/main.o
 .text.MX_USART1_UART_Init
                0x08000414       0x30 ./src/main.o
 .text.MX_USART2_UART_Init
                0x08000444       0x30 ./src/main.o
 .text.StartDefaultTask
                0x08000474        0xc ./src/main.o
                0x08000474                StartDefaultTask
 .text.SystemClock_Config
                0x08000480       0x60 ./src/main.o
                0x08000480                SystemClock_Config
 .text.main     0x080004e0       0x58 ./src/main.o
                0x080004e0                main
 .text.assert_failed
                0x08000538        0x4 ./src/main.o
                0x08000538                assert_failed
 .text.HAL_MspInit
                0x0800053c       0x28 ./src/stm32f0xx_hal_msp.o
                0x0800053c                HAL_MspInit
 .text.HAL_ADC_MspInit
                0x08000564       0x78 ./src/stm32f0xx_hal_msp.o
                0x08000564                HAL_ADC_MspInit
 .text.HAL_SPI_MspInit
                0x080005dc       0x48 ./src/stm32f0xx_hal_msp.o
                0x080005dc                HAL_SPI_MspInit
 .text.HAL_TIM_PWM_MspInit
                0x08000624       0xc0 ./src/stm32f0xx_hal_msp.o
                0x08000624                HAL_TIM_PWM_MspInit
 .text.HAL_UART_MspInit
                0x080006e4       0xa8 ./src/stm32f0xx_hal_msp.o
                0x080006e4                HAL_UART_MspInit
 .text.prvHeapInit
                0x0800078c       0x68 ./lib/Middlewares/Third_Party/FreeRTOS/Source/portable/MemMang/heap_4.o
 .text.prvInsertBlockIntoFreeList
                0x080007f4       0x54 ./lib/Middlewares/Third_Party/FreeRTOS/Source/portable/MemMang/heap_4.o
 .text.pvPortMalloc
                0x08000848       0xd8 ./lib/Middlewares/Third_Party/FreeRTOS/Source/portable/MemMang/heap_4.o
                0x08000848                pvPortMalloc
 .text.vPortFree
                0x08000920       0x5c ./lib/Middlewares/Third_Party/FreeRTOS/Source/portable/MemMang/heap_4.o
                0x08000920                vPortFree
 .text.prvTaskExitError
                0x0800097c       0x14 ./lib/Middlewares/Third_Party/FreeRTOS/Source/portable/GCC/ARM_CM0/port.o
 .text.vPortStartFirstTask
                0x08000990       0x20 ./lib/Middlewares/Third_Party/FreeRTOS/Source/portable/GCC/ARM_CM0/port.o
 .text.prvSetupTimerInterrupt
                0x080009b0       0x28 ./lib/Middlewares/Third_Party/FreeRTOS/Source/portable/GCC/ARM_CM0/port.o
 .text.pxPortInitialiseStack
                0x080009d8       0x20 ./lib/Middlewares/Third_Party/FreeRTOS/Source/portable/GCC/ARM_CM0/port.o
                0x080009d8                pxPortInitialiseStack
 .text.xPortStartScheduler
                0x080009f8       0x34 ./lib/Middlewares/Third_Party/FreeRTOS/Source/portable/GCC/ARM_CM0/port.o
                0x080009f8                xPortStartScheduler
 .text.vPortYield
                0x08000a2c       0x18 ./lib/Middlewares/Third_Party/FreeRTOS/Source/portable/GCC/ARM_CM0/port.o
                0x08000a2c                vPortYield
 .text.vPortEnterCritical
                0x08000a44       0x18 ./lib/Middlewares/Third_Party/FreeRTOS/Source/portable/GCC/ARM_CM0/port.o
                0x08000a44                vPortEnterCritical
 .text.vPortExitCritical
                0x08000a5c       0x20 ./lib/Middlewares/Third_Party/FreeRTOS/Source/portable/GCC/ARM_CM0/port.o
                0x08000a5c                vPortExitCritical
 .text.makeFreeRtosPriority
                0x08000a7c        0xc ./lib/Middlewares/Third_Party/FreeRTOS/Source/CMSIS_RTOS/cmsis_os.o
 .text.osKernelStart
                0x08000a88        0xc ./lib/Middlewares/Third_Party/FreeRTOS/Source/CMSIS_RTOS/cmsis_os.o
                0x08000a88                osKernelStart
 .text.osThreadCreate
                0x08000a94       0x3c ./lib/Middlewares/Third_Party/FreeRTOS/Source/CMSIS_RTOS/cmsis_os.o
                0x08000a94                osThreadCreate
 .text.osDelay  0x08000ad0       0x10 ./lib/Middlewares/Third_Party/FreeRTOS/Source/CMSIS_RTOS/cmsis_os.o
                0x08000ad0                osDelay
 .text.vListInitialise
                0x08000ae0       0x18 ./lib/Middlewares/Third_Party/FreeRTOS/Source/list.o
                0x08000ae0                vListInitialise
 .text.vListInitialiseItem
                0x08000af8        0x8 ./lib/Middlewares/Third_Party/FreeRTOS/Source/list.o
                0x08000af8                vListInitialiseItem
 .text.vListInsertEnd
                0x08000b00       0x18 ./lib/Middlewares/Third_Party/FreeRTOS/Source/list.o
                0x08000b00                vListInsertEnd
 .text.vListInsert
                0x08000b18       0x30 ./lib/Middlewares/Third_Party/FreeRTOS/Source/list.o
                0x08000b18                vListInsert
 .text.uxListRemove
                0x08000b48       0x24 ./lib/Middlewares/Third_Party/FreeRTOS/Source/list.o
                0x08000b48                uxListRemove
 .text.prvResetNextTaskUnblockTime
                0x08000b6c       0x38 ./lib/Middlewares/Third_Party/FreeRTOS/Source/tasks.o
 .text.prvDeleteTCB
                0x08000ba4       0x14 ./lib/Middlewares/Third_Party/FreeRTOS/Source/tasks.o
 .text.prvAllocateTCBAndStack
                0x08000bb8       0x44 ./lib/Middlewares/Third_Party/FreeRTOS/Source/tasks.o
 .text.prvInitialiseTCBVariables
                0x08000bfc       0x54 ./lib/Middlewares/Third_Party/FreeRTOS/Source/tasks.o
 .text.prvInitialiseTaskLists
                0x08000c50       0x64 ./lib/Middlewares/Third_Party/FreeRTOS/Source/tasks.o
 .text.prvAddCurrentTaskToDelayedList
                0x08000cb4       0x54 ./lib/Middlewares/Third_Party/FreeRTOS/Source/tasks.o
 .text.xTaskGenericCreate
                0x08000d08      0x108 ./lib/Middlewares/Third_Party/FreeRTOS/Source/tasks.o
                0x08000d08                xTaskGenericCreate
 .text.vTaskStartScheduler
                0x08000e10       0x4c ./lib/Middlewares/Third_Party/FreeRTOS/Source/tasks.o
                0x08000e10                vTaskStartScheduler
 .text.vTaskSuspendAll
                0x08000e5c       0x10 ./lib/Middlewares/Third_Party/FreeRTOS/Source/tasks.o
                0x08000e5c                vTaskSuspendAll
 .text.xTaskIncrementTick
                0x08000e6c      0x124 ./lib/Middlewares/Third_Party/FreeRTOS/Source/tasks.o
                0x08000e6c                xTaskIncrementTick
 .text.xTaskResumeAll
                0x08000f90       0xe0 ./lib/Middlewares/Third_Party/FreeRTOS/Source/tasks.o
                0x08000f90                xTaskResumeAll
 .text.vTaskDelay
                0x08001070       0x4c ./lib/Middlewares/Third_Party/FreeRTOS/Source/tasks.o
                0x08001070                vTaskDelay
 .text.prvCheckTasksWaitingTermination
                0x080010bc       0x54 ./lib/Middlewares/Third_Party/FreeRTOS/Source/tasks.o
 .text.prvIdleTask
                0x08001110       0x1c ./lib/Middlewares/Third_Party/FreeRTOS/Source/tasks.o
 .text.HAL_InitTick
                0x0800112c       0x24 ./lib/Drivers/STM32F0xx_HAL_Driver/Src/stm32f0xx_hal.o
                0x0800112c                HAL_InitTick
 .text.HAL_Init
                0x08001150       0x20 ./lib/Drivers/STM32F0xx_HAL_Driver/Src/stm32f0xx_hal.o
                0x08001150                HAL_Init
 .text.HAL_GetTick
                0x08001170        0xc ./lib/Drivers/STM32F0xx_HAL_Driver/Src/stm32f0xx_hal.o
                0x08001170                HAL_GetTick
 .text.HAL_ADC_Init
                0x0800117c      0x2bc ./lib/Drivers/STM32F0xx_HAL_Driver/Src/stm32f0xx_hal_adc.o
                0x0800117c                HAL_ADC_Init
 .text.HAL_ADC_ConfigChannel
                0x08001438      0x1ec ./lib/Drivers/STM32F0xx_HAL_Driver/Src/stm32f0xx_hal_adc.o
                0x08001438                HAL_ADC_ConfigChannel
 .text.HAL_NVIC_SetPriority
                0x08001624       0x78 ./lib/Drivers/STM32F0xx_HAL_Driver/Src/stm32f0xx_hal_cortex.o
                0x08001624                HAL_NVIC_SetPriority
 .text.HAL_NVIC_EnableIRQ
                0x0800169c       0x28 ./lib/Drivers/STM32F0xx_HAL_Driver/Src/stm32f0xx_hal_cortex.o
                0x0800169c                HAL_NVIC_EnableIRQ
 .text.HAL_SYSTICK_Config
                0x080016c4       0x38 ./lib/Drivers/STM32F0xx_HAL_Driver/Src/stm32f0xx_hal_cortex.o
                0x080016c4                HAL_SYSTICK_Config
 .text.HAL_SYSTICK_CLKSourceConfig
                0x080016fc       0x3c ./lib/Drivers/STM32F0xx_HAL_Driver/Src/stm32f0xx_hal_cortex.o
                0x080016fc                HAL_SYSTICK_CLKSourceConfig
 .text.HAL_DMA_Init
                0x08001738      0x14c ./lib/Drivers/STM32F0xx_HAL_Driver/Src/stm32f0xx_hal_dma.o
                0x08001738                HAL_DMA_Init
 .text.HAL_GPIO_Init
                0x08001884      0x270 ./lib/Drivers/STM32F0xx_HAL_Driver/Src/stm32f0xx_hal_gpio.o
                0x08001884                HAL_GPIO_Init
 .text.HAL_RCC_OscConfig
                0x08001af4      0x638 ./lib/Drivers/STM32F0xx_HAL_Driver/Src/stm32f0xx_hal_rcc.o
                0x08001af4                HAL_RCC_OscConfig
 .text.HAL_RCC_ClockConfig
                0x0800212c      0x2f0 ./lib/Drivers/STM32F0xx_HAL_Driver/Src/stm32f0xx_hal_rcc.o
                0x0800212c                HAL_RCC_ClockConfig
 .text.HAL_RCC_GetSysClockFreq
                0x0800241c       0x68 ./lib/Drivers/STM32F0xx_HAL_Driver/Src/stm32f0xx_hal_rcc.o
                0x0800241c                HAL_RCC_GetSysClockFreq
 .text.HAL_RCC_GetHCLKFreq
                0x08002484       0x28 ./lib/Drivers/STM32F0xx_HAL_Driver/Src/stm32f0xx_hal_rcc.o
                0x08002484                HAL_RCC_GetHCLKFreq
 .text.HAL_RCC_GetPCLK1Freq
                0x080024ac       0x20 ./lib/Drivers/STM32F0xx_HAL_Driver/Src/stm32f0xx_hal_rcc.o
                0x080024ac                HAL_RCC_GetPCLK1Freq
 .text.HAL_RCCEx_PeriphCLKConfig
                0x080024cc      0x150 ./lib/Drivers/STM32F0xx_HAL_Driver/Src/stm32f0xx_hal_rcc_ex.o
                0x080024cc                HAL_RCCEx_PeriphCLKConfig
 .text.HAL_SPI_Init
                0x0800261c      0x284 ./lib/Drivers/STM32F0xx_HAL_Driver/Src/stm32f0xx_hal_spi.o
                0x0800261c                HAL_SPI_Init
 .text.TIM_OC1_SetConfig
                0x080028a0       0xec ./lib/Drivers/STM32F0xx_HAL_Driver/Src/stm32f0xx_hal_tim.o
 .text.TIM_OC3_SetConfig
                0x0800298c      0x128 ./lib/Drivers/STM32F0xx_HAL_Driver/Src/stm32f0xx_hal_tim.o
 .text.TIM_OC4_SetConfig
                0x08002ab4       0xa4 ./lib/Drivers/STM32F0xx_HAL_Driver/Src/stm32f0xx_hal_tim.o
 .text.TIM_Base_SetConfig
                0x08002b58       0x9c ./lib/Drivers/STM32F0xx_HAL_Driver/Src/stm32f0xx_hal_tim.o
                0x08002b58                TIM_Base_SetConfig
 .text.HAL_TIM_PWM_Init
                0x08002bf4       0xd8 ./lib/Drivers/STM32F0xx_HAL_Driver/Src/stm32f0xx_hal_tim.o
                0x08002bf4                HAL_TIM_PWM_Init
 .text.TIM_OC2_SetConfig
                0x08002ccc      0x11c ./lib/Drivers/STM32F0xx_HAL_Driver/Src/stm32f0xx_hal_tim.o
                0x08002ccc                TIM_OC2_SetConfig
 .text.HAL_TIM_PWM_ConfigChannel
                0x08002de8      0x260 ./lib/Drivers/STM32F0xx_HAL_Driver/Src/stm32f0xx_hal_tim.o
                0x08002de8                HAL_TIM_PWM_ConfigChannel
 .text.HAL_TIMEx_MasterConfigSynchronization
                0x08003048       0xd8 ./lib/Drivers/STM32F0xx_HAL_Driver/Src/stm32f0xx_hal_tim_ex.o
                0x08003048                HAL_TIMEx_MasterConfigSynchronization
 .text.HAL_TIMEx_ConfigBreakDeadTime
                0x08003120      0x13c ./lib/Drivers/STM32F0xx_HAL_Driver/Src/stm32f0xx_hal_tim_ex.o
                0x08003120                HAL_TIMEx_ConfigBreakDeadTime
 .text.UART_SetConfig
                0x0800325c      0x270 ./lib/Drivers/STM32F0xx_HAL_Driver/Src/stm32f0xx_hal_uart.o
                0x0800325c                UART_SetConfig
 .text.UART_AdvFeatureConfig
                0x080034cc      0x1f8 ./lib/Drivers/STM32F0xx_HAL_Driver/Src/stm32f0xx_hal_uart.o
                0x080034cc                UART_AdvFeatureConfig
 .text.UART_WaitOnFlagUntilTimeout
                0x080036c4       0xd4 ./lib/Drivers/STM32F0xx_HAL_Driver/Src/stm32f0xx_hal_uart.o
                0x080036c4                UART_WaitOnFlagUntilTimeout
 .text.UART_CheckIdleState
                0x08003798       0x60 ./lib/Drivers/STM32F0xx_HAL_Driver/Src/stm32f0xx_hal_uart.o
                0x08003798                UART_CheckIdleState
 .text.HAL_UART_Init
                0x080037f8       0xb4 ./lib/Drivers/STM32F0xx_HAL_Driver/Src/stm32f0xx_hal_uart.o
                0x080037f8                HAL_UART_Init
 .text.SystemInit
                0x080038ac       0x60 ./lib/Drivers/CMSIS/Device/ST/STM32F0xx/Source/Templates/system_stm32f0xx.o
                0x080038ac                SystemInit
 .text.SystemCoreClockUpdate
                0x0800390c       0x88 ./lib/Drivers/CMSIS/Device/ST/STM32F0xx/Source/Templates/system_stm32f0xx.o
                0x0800390c                SystemCoreClockUpdate
 .text          0x08003994      0x120 c:/program files (x86)/gnu tools arm embedded/4.9 2015q2/bin/../lib/gcc/arm-none-eabi/4.9.3/armv6-m\libgcc.a(_udivsi3.o)
                0x08003994                __aeabi_uidiv
                0x08003994                __udivsi3
                0x08003aa0                __aeabi_uidivmod
 .text          0x08003ab4        0x4 c:/program files (x86)/gnu tools arm embedded/4.9 2015q2/bin/../lib/gcc/arm-none-eabi/4.9.3/armv6-m\libgcc.a(_dvmd_tls.o)
                0x08003ab4                __aeabi_idiv0
                0x08003ab4                __aeabi_ldiv0
 .text.memcpy   0x08003ab8       0x12 c:/program files (x86)/gnu tools arm embedded/4.9 2015q2/bin/../lib/gcc/arm-none-eabi/4.9.3/../../../../arm-none-eabi/lib/armv6-m\libg_nano.a(lib_a-memcpy.o)
                0x08003ab8                memcpy
 .text.memset   0x08003aca       0x10 c:/program files (x86)/gnu tools arm embedded/4.9 2015q2/bin/../lib/gcc/arm-none-eabi/4.9.3/../../../../arm-none-eabi/lib/armv6-m\libg_nano.a(lib_a-memset.o)
                0x08003aca                memset
 *(.rodata .rodata.*)
 *fill*         0x08003ada        0x2 
 .rodata        0x08003adc       0x14 ./src/main.o
 .rodata.str1.4
                0x08003af0        0xc ./src/main.o
 .rodata.str1.4
                0x08003afc        0x5 ./lib/Middlewares/Third_Party/FreeRTOS/Source/tasks.o
 *fill*         0x08003b01        0x3 
 .rodata.str1.4
                0x08003b04       0x3c ./lib/Drivers/STM32F0xx_HAL_Driver/Src/stm32f0xx_hal_adc.o
 .rodata.str1.4
                0x08003b40       0x3f ./lib/Drivers/STM32F0xx_HAL_Driver/Src/stm32f0xx_hal_cortex.o
 *fill*         0x08003b7f        0x1 
 .rodata.str1.4
                0x08003b80       0x3c ./lib/Drivers/STM32F0xx_HAL_Driver/Src/stm32f0xx_hal_dma.o
 .rodata.str1.4
                0x08003bbc       0x3d ./lib/Drivers/STM32F0xx_HAL_Driver/Src/stm32f0xx_hal_gpio.o
 *fill*         0x08003bf9        0x3 
 .rodata        0x08003bfc       0x20 ./lib/Drivers/STM32F0xx_HAL_Driver/Src/stm32f0xx_hal_rcc.o
 .rodata.str1.4
                0x08003c1c       0x3c ./lib/Drivers/STM32F0xx_HAL_Driver/Src/stm32f0xx_hal_rcc.o
 .rodata.aAPBAHBPrescTable
                0x08003c58       0x10 ./lib/Drivers/STM32F0xx_HAL_Driver/Src/stm32f0xx_hal_rcc.o
                0x08003c58                aAPBAHBPrescTable
 .rodata.str1.4
                0x08003c68       0x3f ./lib/Drivers/STM32F0xx_HAL_Driver/Src/stm32f0xx_hal_rcc_ex.o
 *fill*         0x08003ca7        0x1 
 .rodata.str1.4
                0x08003ca8       0x3c ./lib/Drivers/STM32F0xx_HAL_Driver/Src/stm32f0xx_hal_spi.o
 .rodata.str1.4
                0x08003ce4       0x3c ./lib/Drivers/STM32F0xx_HAL_Driver/Src/stm32f0xx_hal_tim.o
 .rodata.str1.4
                0x08003d20       0x3f ./lib/Drivers/STM32F0xx_HAL_Driver/Src/stm32f0xx_hal_tim_ex.o
 *fill*         0x08003d5f        0x1 
 .rodata.str1.4
                0x08003d60       0x40 ./lib/Drivers/STM32F0xx_HAL_Driver/Src/stm32f0xx_hal_uart.o
                                 0x3d (size before relaxing)
 *(vtable)
 *(.eh_frame*)
 *(.glue_7)
 .glue_7        0x00000000        0x0 linker stubs
 *(.glue_7t)
 .glue_7t       0x00000000        0x0 linker stubs

.vfp11_veneer   0x08003da0        0x0
 .vfp11_veneer  0x00000000        0x0 linker stubs

.v4_bx          0x08003da0        0x0
 .v4_bx         0x00000000        0x0 linker stubs

.iplt           0x08003da0        0x0
 .iplt          0x00000000        0x0 ./system/src/newlib/_cxx.o

.rel.dyn        0x08003da0        0x0
 .rel.iplt      0x00000000        0x0 ./system/src/newlib/_cxx.o

.ARM.extab
 *(.ARM.extab* .gnu.linkonce.armextab.*)
                0x08003da0                __exidx_start = .

.ARM.exidx
 *(.ARM.exidx* .gnu.linkonce.armexidx.*)
                0x08003da0                __exidx_end = .
                0x08003da0                . = ALIGN (0x4)
                0x08003da0                _etext = .
                0x08003da0                __etext = .
                0x08003da0                _sidata = _etext

.data           0x20000000       0x2c load address 0x08003da0
                0x20000000                . = ALIGN (0x4)
                0x20000000                _sdata = .
                0x20000000                __data_start__ = .
 *(.data_begin .data_begin.*)
 .data_begin    0x20000000        0x4 ./system/src/newlib/_startup.o
 *(.data .data.*)
 .data.argv.4157
                0x20000004        0x8 ./system/src/newlib/_syscalls.o
 .data.uxCriticalNesting
                0x2000000c        0x4 ./lib/Middlewares/Third_Party/FreeRTOS/Source/portable/GCC/ARM_CM0/port.o
 .data.xNextTaskUnblockTime
                0x20000010        0x4 ./lib/Middlewares/Third_Party/FreeRTOS/Source/tasks.o
 .data.AHBPrescTable
                0x20000014       0x10 ./lib/Drivers/CMSIS/Device/ST/STM32F0xx/Source/Templates/system_stm32f0xx.o
                0x20000014                AHBPrescTable
 .data.SystemCoreClock
                0x20000024        0x4 ./lib/Drivers/CMSIS/Device/ST/STM32F0xx/Source/Templates/system_stm32f0xx.o
                0x20000024                SystemCoreClock
 *(.data_end .data_end.*)
 .data_end      0x20000028        0x4 ./system/src/newlib/_startup.o
                0x2000002c                . = ALIGN (0x4)
                0x2000002c                _edata = .
                0x2000002c                __data_end__ = .

.igot.plt       0x2000002c        0x0 load address 0x08003dcc
 .igot.plt      0x00000000        0x0 ./system/src/newlib/_cxx.o

.bss            0x2000002c      0xf90 load address 0x08003dcc
                0x2000002c                . = ALIGN (0x4)
                0x2000002c                __bss_start__ = .
                0x2000002c                _sbss = .
 *(.bss_begin .bss_begin.*)
 .bss_begin     0x2000002c        0x4 ./system/src/newlib/_startup.o
 *(.bss .bss.*)
 .bss.name.4156
                0x20000030        0x1 ./system/src/newlib/_syscalls.o
 *fill*         0x20000031        0x3 
 .bss.xFreeBytesRemaining
                0x20000034        0x4 ./lib/Middlewares/Third_Party/FreeRTOS/Source/portable/MemMang/heap_4.o
 .bss.pxEnd     0x20000038        0x4 ./lib/Middlewares/Third_Party/FreeRTOS/Source/portable/MemMang/heap_4.o
 .bss.xStart    0x2000003c        0x8 ./lib/Middlewares/Third_Party/FreeRTOS/Source/portable/MemMang/heap_4.o
 .bss.ucHeap    0x20000044      0xc00 ./lib/Middlewares/Third_Party/FreeRTOS/Source/portable/MemMang/heap_4.o
 .bss.xBlockAllocatedBit
                0x20000c44        0x4 ./lib/Middlewares/Third_Party/FreeRTOS/Source/portable/MemMang/heap_4.o
 .bss.xMinimumEverFreeBytesRemaining
                0x20000c48        0x4 ./lib/Middlewares/Third_Party/FreeRTOS/Source/portable/MemMang/heap_4.o
 .bss.pxDelayedTaskList
                0x20000c4c        0x4 ./lib/Middlewares/Third_Party/FreeRTOS/Source/tasks.o
 .bss.xSchedulerRunning
                0x20000c50        0x4 ./lib/Middlewares/Third_Party/FreeRTOS/Source/tasks.o
 .bss.uxTasksDeleted
                0x20000c54        0x4 ./lib/Middlewares/Third_Party/FreeRTOS/Source/tasks.o
 .bss.xTasksWaitingTermination
                0x20000c58       0x14 ./lib/Middlewares/Third_Party/FreeRTOS/Source/tasks.o
 .bss.xDelayedTaskList2
                0x20000c6c       0x14 ./lib/Middlewares/Third_Party/FreeRTOS/Source/tasks.o
 .bss.uxPendedTicks
                0x20000c80        0x4 ./lib/Middlewares/Third_Party/FreeRTOS/Source/tasks.o
 .bss.pxReadyTasksLists
                0x20000c84       0x50 ./lib/Middlewares/Third_Party/FreeRTOS/Source/tasks.o
 .bss.uxSchedulerSuspended
                0x20000cd4        0x4 ./lib/Middlewares/Third_Party/FreeRTOS/Source/tasks.o
 .bss.uxCurrentNumberOfTasks
                0x20000cd8        0x4 ./lib/Middlewares/Third_Party/FreeRTOS/Source/tasks.o
 .bss.pxCurrentTCB
                0x20000cdc        0x4 ./lib/Middlewares/Third_Party/FreeRTOS/Source/tasks.o
                0x20000cdc                pxCurrentTCB
 .bss.xPendingReadyList
                0x20000ce0       0x14 ./lib/Middlewares/Third_Party/FreeRTOS/Source/tasks.o
 .bss.xNumOfOverflows
                0x20000cf4        0x4 ./lib/Middlewares/Third_Party/FreeRTOS/Source/tasks.o
 .bss.xTickCount
                0x20000cf8        0x4 ./lib/Middlewares/Third_Party/FreeRTOS/Source/tasks.o
 .bss.pxOverflowDelayedTaskList
                0x20000cfc        0x4 ./lib/Middlewares/Third_Party/FreeRTOS/Source/tasks.o
 .bss.uxTaskNumber
                0x20000d00        0x4 ./lib/Middlewares/Third_Party/FreeRTOS/Source/tasks.o
 .bss.xDelayedTaskList1
                0x20000d04       0x14 ./lib/Middlewares/Third_Party/FreeRTOS/Source/tasks.o
 .bss.xSuspendedTaskList
                0x20000d18       0x14 ./lib/Middlewares/Third_Party/FreeRTOS/Source/tasks.o
 .bss.uxTopReadyPriority
                0x20000d2c        0x4 ./lib/Middlewares/Third_Party/FreeRTOS/Source/tasks.o
 .bss.xYieldPending
                0x20000d30        0x4 ./lib/Middlewares/Third_Party/FreeRTOS/Source/tasks.o
 .bss.uwTick    0x20000d34        0x4 ./lib/Drivers/STM32F0xx_HAL_Driver/Src/stm32f0xx_hal.o
 *(COMMON)
 COMMON         0x20000d38      0x280 ./src/main.o
                0x20000d38                defaultTaskHandle
                0x20000d3c                htim15
                0x20000d78                huart1
                0x20000de8                htim1
                0x20000e24                hspi1
                0x20000e88                htim2
                0x20000ec4                huart2
                0x20000f34                hdma_adc
                0x20000f6c                hadc
 *(.bss_end .bss_end.*)
 .bss_end       0x20000fb8        0x4 ./system/src/newlib/_startup.o
                0x20000fbc                . = ALIGN (0x4)
                0x20000fbc                __bss_end__ = .
                0x20000fbc                _ebss = .

.noinit         0x20000fbc        0x0
                0x20000fbc                . = ALIGN (0x4)
                0x20000fbc                _noinit = .
 *(.noinit .noinit.*)
                0x20000fbc                . = ALIGN (0x4)
                0x20000fbc                _end_noinit = .
                0x20000fbc                PROVIDE (end, _end_noinit)
                0x20000fbc                PROVIDE (_end, _end_noinit)
                0x20000fbc                PROVIDE (__end, _end_noinit)
                0x20000fbc                PROVIDE (__end__, _end_noinit)

._check_stack   0x20000fbc      0x100 load address 0x08004d5c
                0x20000fbc                . = ALIGN (0x4)
                0x200010bc                . = (. + _Minimum_Stack_Size)
 *fill*         0x20000fbc      0x100 
                0x200010bc                . = ALIGN (0x4)

.bss_CCMRAM
 *(.bss.CCMRAM .bss.CCMRAM.*)

.b1text
 *(.b1text)
 *(.b1rodata)
 *(.b1rodata.*)

.eb0text
 *(.eb0text)
 *(.eb0rodata)
 *(.eb0rodata.*)

.eb1text
 *(.eb1text)
 *(.eb1rodata)
 *(.eb1rodata.*)

.eb2text
 *(.eb2text)
 *(.eb2rodata)
 *(.eb2rodata.*)

.eb3text
 *(.eb3text)
 *(.eb3rodata)
 *(.eb3rodata.*)

.stab
 *(.stab)

.stabstr
 *(.stabstr)

.stab.excl
 *(.stab.excl)

.stab.exclstr
 *(.stab.exclstr)

.stab.index
 *(.stab.index)

.stab.indexstr
 *(.stab.indexstr)

.comment        0x00000000       0x70
 *(.comment)
 .comment       0x00000000       0x70 ./system/src/newlib/_exit.o
                                 0x71 (size before relaxing)
 .comment       0x00000000       0x71 ./system/src/newlib/_startup.o
 .comment       0x00000000       0x71 ./system/src/newlib/_syscalls.o
 .comment       0x00000000       0x71 ./system/src/cortexm/_initialize_hardware.o
 .comment       0x00000000       0x71 ./src/freertos.o
 .comment       0x00000000       0x71 ./src/main.o
 .comment       0x00000000       0x71 ./src/stm32f0xx_hal_msp.o
 .comment       0x00000000       0x71 ./lib/Middlewares/Third_Party/FreeRTOS/Source/portable/MemMang/heap_4.o
 .comment       0x00000000       0x71 ./lib/Middlewares/Third_Party/FreeRTOS/Source/portable/GCC/ARM_CM0/port.o
 .comment       0x00000000       0x71 ./lib/Middlewares/Third_Party/FreeRTOS/Source/CMSIS_RTOS/cmsis_os.o
 .comment       0x00000000       0x71 ./lib/Middlewares/Third_Party/FreeRTOS/Source/list.o
 .comment       0x00000000       0x71 ./lib/Middlewares/Third_Party/FreeRTOS/Source/tasks.o
 .comment       0x00000000       0x71 ./lib/Drivers/STM32F0xx_HAL_Driver/Src/stm32f0xx_hal.o
 .comment       0x00000000       0x71 ./lib/Drivers/STM32F0xx_HAL_Driver/Src/stm32f0xx_hal_adc.o
 .comment       0x00000000       0x71 ./lib/Drivers/STM32F0xx_HAL_Driver/Src/stm32f0xx_hal_cortex.o
 .comment       0x00000000       0x71 ./lib/Drivers/STM32F0xx_HAL_Driver/Src/stm32f0xx_hal_dma.o
 .comment       0x00000000       0x71 ./lib/Drivers/STM32F0xx_HAL_Driver/Src/stm32f0xx_hal_gpio.o
 .comment       0x00000000       0x71 ./lib/Drivers/STM32F0xx_HAL_Driver/Src/stm32f0xx_hal_rcc.o
 .comment       0x00000000       0x71 ./lib/Drivers/STM32F0xx_HAL_Driver/Src/stm32f0xx_hal_rcc_ex.o
 .comment       0x00000000       0x71 ./lib/Drivers/STM32F0xx_HAL_Driver/Src/stm32f0xx_hal_spi.o
 .comment       0x00000000       0x71 ./lib/Drivers/STM32F0xx_HAL_Driver/Src/stm32f0xx_hal_tim.o
 .comment       0x00000000       0x71 ./lib/Drivers/STM32F0xx_HAL_Driver/Src/stm32f0xx_hal_tim_ex.o
 .comment       0x00000000       0x71 ./lib/Drivers/STM32F0xx_HAL_Driver/Src/stm32f0xx_hal_uart.o
 .comment       0x00000000       0x71 ./lib/Drivers/CMSIS/Device/ST/STM32F0xx/Source/Templates/system_stm32f0xx.o

.ARM.attributes
                0x00000000       0x31
 .ARM.attributes
                0x00000000       0x31 ./system/src/newlib/_exit.o
 .ARM.attributes
                0x00000031       0x31 ./system/src/newlib/_startup.o
 .ARM.attributes
                0x00000062       0x31 ./system/src/newlib/_syscalls.o
 .ARM.attributes
                0x00000093       0x31 ./system/src/cortexm/_initialize_hardware.o
 .ARM.attributes
                0x000000c4       0x31 ./src/freertos.o
 .ARM.attributes
                0x000000f5       0x31 ./src/main.o
 .ARM.attributes
                0x00000126       0x31 ./src/stm32f0xx_hal_msp.o
 .ARM.attributes
                0x00000157       0x31 ./lib/Middlewares/Third_Party/FreeRTOS/Source/portable/MemMang/heap_4.o
 .ARM.attributes
                0x00000188       0x31 ./lib/Middlewares/Third_Party/FreeRTOS/Source/portable/GCC/ARM_CM0/port.o
 .ARM.attributes
                0x000001b9       0x31 ./lib/Middlewares/Third_Party/FreeRTOS/Source/CMSIS_RTOS/cmsis_os.o
 .ARM.attributes
                0x000001ea       0x31 ./lib/Middlewares/Third_Party/FreeRTOS/Source/list.o
 .ARM.attributes
                0x0000021b       0x31 ./lib/Middlewares/Third_Party/FreeRTOS/Source/tasks.o
 .ARM.attributes
                0x0000024c       0x31 ./lib/Drivers/STM32F0xx_HAL_Driver/Src/stm32f0xx_hal.o
 .ARM.attributes
                0x0000027d       0x31 ./lib/Drivers/STM32F0xx_HAL_Driver/Src/stm32f0xx_hal_adc.o
 .ARM.attributes
                0x000002ae       0x31 ./lib/Drivers/STM32F0xx_HAL_Driver/Src/stm32f0xx_hal_cortex.o
 .ARM.attributes
                0x000002df       0x31 ./lib/Drivers/STM32F0xx_HAL_Driver/Src/stm32f0xx_hal_dma.o
 .ARM.attributes
                0x00000310       0x31 ./lib/Drivers/STM32F0xx_HAL_Driver/Src/stm32f0xx_hal_gpio.o
 .ARM.attributes
                0x00000341       0x31 ./lib/Drivers/STM32F0xx_HAL_Driver/Src/stm32f0xx_hal_rcc.o
 .ARM.attributes
                0x00000372       0x31 ./lib/Drivers/STM32F0xx_HAL_Driver/Src/stm32f0xx_hal_rcc_ex.o
 .ARM.attributes
                0x000003a3       0x31 ./lib/Drivers/STM32F0xx_HAL_Driver/Src/stm32f0xx_hal_spi.o
 .ARM.attributes
                0x000003d4       0x31 ./lib/Drivers/STM32F0xx_HAL_Driver/Src/stm32f0xx_hal_tim.o
 .ARM.attributes
                0x00000405       0x31 ./lib/Drivers/STM32F0xx_HAL_Driver/Src/stm32f0xx_hal_tim_ex.o
 .ARM.attributes
                0x00000436       0x31 ./lib/Drivers/STM32F0xx_HAL_Driver/Src/stm32f0xx_hal_uart.o
 .ARM.attributes
                0x00000467       0x31 ./lib/Drivers/CMSIS/Device/ST/STM32F0xx/Source/Templates/system_stm32f0xx.o
 .ARM.attributes
                0x00000498       0x1e c:/program files (x86)/gnu tools arm embedded/4.9 2015q2/bin/../lib/gcc/arm-none-eabi/4.9.3/armv6-m\libgcc.a(_udivsi3.o)
 .ARM.attributes
                0x000004b6       0x1e c:/program files (x86)/gnu tools arm embedded/4.9 2015q2/bin/../lib/gcc/arm-none-eabi/4.9.3/armv6-m\libgcc.a(_dvmd_tls.o)
 .ARM.attributes
                0x000004d4       0x2c c:/program files (x86)/gnu tools arm embedded/4.9 2015q2/bin/../lib/gcc/arm-none-eabi/4.9.3/../../../../arm-none-eabi/lib/armv6-m\libg_nano.a(lib_a-memcpy.o)
 .ARM.attributes
                0x00000500       0x2c c:/program files (x86)/gnu tools arm embedded/4.9 2015q2/bin/../lib/gcc/arm-none-eabi/4.9.3/../../../../arm-none-eabi/lib/armv6-m\libg_nano.a(lib_a-memset.o)

.debug
 *(.debug)

.line
 *(.line)

.debug_srcinfo
 *(.debug_srcinfo)

.debug_sfnames
 *(.debug_sfnames)

.debug_aranges  0x00000000     0x1190
 *(.debug_aranges)
 .debug_aranges
                0x00000000       0x28 ./system/src/newlib/_exit.o
 .debug_aranges
                0x00000028       0x40 ./system/src/newlib/_startup.o
 .debug_aranges
                0x00000068       0x30 ./system/src/newlib/_syscalls.o
 .debug_aranges
                0x00000098       0x28 ./system/src/cortexm/_initialize_hardware.o
 .debug_aranges
                0x000000c0       0x28 ./src/freertos.o
 .debug_aranges
                0x000000e8       0x80 ./src/main.o
 .debug_aranges
                0x00000168       0x60 ./src/stm32f0xx_hal_msp.o
 .debug_aranges
                0x000001c8       0x50 ./lib/Middlewares/Third_Party/FreeRTOS/Source/portable/MemMang/heap_4.o
 .debug_aranges
                0x00000218       0x88 ./lib/Middlewares/Third_Party/FreeRTOS/Source/portable/GCC/ARM_CM0/port.o
 .debug_aranges
                0x000002a0      0x1b0 ./lib/Middlewares/Third_Party/FreeRTOS/Source/CMSIS_RTOS/cmsis_os.o
 .debug_aranges
                0x00000450       0x40 ./lib/Middlewares/Third_Party/FreeRTOS/Source/list.o
 .debug_aranges
                0x00000490      0x1a8 ./lib/Middlewares/Third_Party/FreeRTOS/Source/tasks.o
 .debug_aranges
                0x00000638       0xa0 ./lib/Drivers/STM32F0xx_HAL_Driver/Src/stm32f0xx_hal.o
 .debug_aranges
                0x000006d8       0xf8 ./lib/Drivers/STM32F0xx_HAL_Driver/Src/stm32f0xx_hal_adc.o
 .debug_aranges
                0x000007d0       0x78 ./lib/Drivers/STM32F0xx_HAL_Driver/Src/stm32f0xx_hal_cortex.o
 .debug_aranges
                0x00000848       0x68 ./lib/Drivers/STM32F0xx_HAL_Driver/Src/stm32f0xx_hal_dma.o
 .debug_aranges
                0x000008b0       0x58 ./lib/Drivers/STM32F0xx_HAL_Driver/Src/stm32f0xx_hal_gpio.o
 .debug_aranges
                0x00000908       0x80 ./lib/Drivers/STM32F0xx_HAL_Driver/Src/stm32f0xx_hal_rcc.o
 .debug_aranges
                0x00000988       0x30 ./lib/Drivers/STM32F0xx_HAL_Driver/Src/stm32f0xx_hal_rcc_ex.o
 .debug_aranges
                0x000009b8      0x1b8 ./lib/Drivers/STM32F0xx_HAL_Driver/Src/stm32f0xx_hal_spi.o
 .debug_aranges
                0x00000b70      0x368 ./lib/Drivers/STM32F0xx_HAL_Driver/Src/stm32f0xx_hal_tim.o
 .debug_aranges
                0x00000ed8      0x140 ./lib/Drivers/STM32F0xx_HAL_Driver/Src/stm32f0xx_hal_tim_ex.o
 .debug_aranges
                0x00001018      0x150 ./lib/Drivers/STM32F0xx_HAL_Driver/Src/stm32f0xx_hal_uart.o
 .debug_aranges
                0x00001168       0x28 ./lib/Drivers/CMSIS/Device/ST/STM32F0xx/Source/Templates/system_stm32f0xx.o

.debug_pubnames
 *(.debug_pubnames)

.debug_info     0x00000000    0x14ba2
 *(.debug_info .gnu.linkonce.wi.*)
 .debug_info    0x00000000       0xee ./system/src/newlib/_exit.o
 .debug_info    0x000000ee      0x474 ./system/src/newlib/_startup.o
 .debug_info    0x00000562      0x1a9 ./system/src/newlib/_syscalls.o
 .debug_info    0x0000070b       0xc3 ./system/src/cortexm/_initialize_hardware.o
 .debug_info    0x000007ce       0xa7 ./src/freertos.o
 .debug_info    0x00000875     0x1bdc ./src/main.o
 .debug_info    0x00002451     0x1422 ./src/stm32f0xx_hal_msp.o
 .debug_info    0x00003873      0x397 ./lib/Middlewares/Third_Party/FreeRTOS/Source/portable/MemMang/heap_4.o
 .debug_info    0x00003c0a      0x2a5 ./lib/Middlewares/Third_Party/FreeRTOS/Source/portable/GCC/ARM_CM0/port.o
 .debug_info    0x00003eaf     0x1c3a ./lib/Middlewares/Third_Party/FreeRTOS/Source/CMSIS_RTOS/cmsis_os.o
 .debug_info    0x00005ae9      0x29a ./lib/Middlewares/Third_Party/FreeRTOS/Source/list.o
 .debug_info    0x00005d83     0x1f58 ./lib/Middlewares/Third_Party/FreeRTOS/Source/tasks.o
 .debug_info    0x00007cdb      0x5cf ./lib/Drivers/STM32F0xx_HAL_Driver/Src/stm32f0xx_hal.o
 .debug_info    0x000082aa     0x1294 ./lib/Drivers/STM32F0xx_HAL_Driver/Src/stm32f0xx_hal_adc.o
 .debug_info    0x0000953e      0x83d ./lib/Drivers/STM32F0xx_HAL_Driver/Src/stm32f0xx_hal_cortex.o
 .debug_info    0x00009d7b      0x767 ./lib/Drivers/STM32F0xx_HAL_Driver/Src/stm32f0xx_hal_dma.o
 .debug_info    0x0000a4e2      0x7b8 ./lib/Drivers/STM32F0xx_HAL_Driver/Src/stm32f0xx_hal_gpio.o
 .debug_info    0x0000ac9a      0xd03 ./lib/Drivers/STM32F0xx_HAL_Driver/Src/stm32f0xx_hal_rcc.o
 .debug_info    0x0000b99d      0x42b ./lib/Drivers/STM32F0xx_HAL_Driver/Src/stm32f0xx_hal_rcc_ex.o
 .debug_info    0x0000bdc8     0x1b54 ./lib/Drivers/STM32F0xx_HAL_Driver/Src/stm32f0xx_hal_spi.o
 .debug_info    0x0000d91c     0x434a ./lib/Drivers/STM32F0xx_HAL_Driver/Src/stm32f0xx_hal_tim.o
 .debug_info    0x00011c66     0x1830 ./lib/Drivers/STM32F0xx_HAL_Driver/Src/stm32f0xx_hal_tim_ex.o
 .debug_info    0x00013496     0x150b ./lib/Drivers/STM32F0xx_HAL_Driver/Src/stm32f0xx_hal_uart.o
 .debug_info    0x000149a1      0x201 ./lib/Drivers/CMSIS/Device/ST/STM32F0xx/Source/Templates/system_stm32f0xx.o

.debug_abbrev   0x00000000     0x2b60
 *(.debug_abbrev)
 .debug_abbrev  0x00000000       0xb7 ./system/src/newlib/_exit.o
 .debug_abbrev  0x000000b7      0x1e9 ./system/src/newlib/_startup.o
 .debug_abbrev  0x000002a0       0xe7 ./system/src/newlib/_syscalls.o
 .debug_abbrev  0x00000387       0x63 ./system/src/cortexm/_initialize_hardware.o
 .debug_abbrev  0x000003ea       0x45 ./src/freertos.o
 .debug_abbrev  0x0000042f      0x28d ./src/main.o
 .debug_abbrev  0x000006bc      0x20f ./src/stm32f0xx_hal_msp.o
 .debug_abbrev  0x000008cb      0x1cc ./lib/Middlewares/Third_Party/FreeRTOS/Source/portable/MemMang/heap_4.o
 .debug_abbrev  0x00000a97      0x197 ./lib/Middlewares/Third_Party/FreeRTOS/Source/portable/GCC/ARM_CM0/port.o
 .debug_abbrev  0x00000c2e      0x35b ./lib/Middlewares/Third_Party/FreeRTOS/Source/CMSIS_RTOS/cmsis_os.o
 .debug_abbrev  0x00000f89       0xdf ./lib/Middlewares/Third_Party/FreeRTOS/Source/list.o
 .debug_abbrev  0x00001068      0x291 ./lib/Middlewares/Third_Party/FreeRTOS/Source/tasks.o
 .debug_abbrev  0x000012f9      0x208 ./lib/Drivers/STM32F0xx_HAL_Driver/Src/stm32f0xx_hal.o
 .debug_abbrev  0x00001501      0x24c ./lib/Drivers/STM32F0xx_HAL_Driver/Src/stm32f0xx_hal_adc.o
 .debug_abbrev  0x0000174d      0x250 ./lib/Drivers/STM32F0xx_HAL_Driver/Src/stm32f0xx_hal_cortex.o
 .debug_abbrev  0x0000199d      0x1d8 ./lib/Drivers/STM32F0xx_HAL_Driver/Src/stm32f0xx_hal_dma.o
 .debug_abbrev  0x00001b75      0x1f8 ./lib/Drivers/STM32F0xx_HAL_Driver/Src/stm32f0xx_hal_gpio.o
 .debug_abbrev  0x00001d6d      0x251 ./lib/Drivers/STM32F0xx_HAL_Driver/Src/stm32f0xx_hal_rcc.o
 .debug_abbrev  0x00001fbe      0x1b4 ./lib/Drivers/STM32F0xx_HAL_Driver/Src/stm32f0xx_hal_rcc_ex.o
 .debug_abbrev  0x00002172      0x270 ./lib/Drivers/STM32F0xx_HAL_Driver/Src/stm32f0xx_hal_spi.o
 .debug_abbrev  0x000023e2      0x25f ./lib/Drivers/STM32F0xx_HAL_Driver/Src/stm32f0xx_hal_tim.o
 .debug_abbrev  0x00002641      0x22a ./lib/Drivers/STM32F0xx_HAL_Driver/Src/stm32f0xx_hal_tim_ex.o
 .debug_abbrev  0x0000286b      0x202 ./lib/Drivers/STM32F0xx_HAL_Driver/Src/stm32f0xx_hal_uart.o
 .debug_abbrev  0x00002a6d       0xf3 ./lib/Drivers/CMSIS/Device/ST/STM32F0xx/Source/Templates/system_stm32f0xx.o

.debug_line     0x00000000     0xdb00
 *(.debug_line)
 .debug_line    0x00000000      0x2cd ./system/src/newlib/_exit.o
 .debug_line    0x000002cd      0x32f ./system/src/newlib/_startup.o
 .debug_line    0x000005fc      0x3ab ./system/src/newlib/_syscalls.o
 .debug_line    0x000009a7      0x1ad ./system/src/cortexm/_initialize_hardware.o
 .debug_line    0x00000b54      0x1f1 ./src/freertos.o
 .debug_line    0x00000d45      0x8f3 ./src/main.o
 .debug_line    0x00001638      0x6c1 ./src/stm32f0xx_hal_msp.o
 .debug_line    0x00001cf9      0x4c4 ./lib/Middlewares/Third_Party/FreeRTOS/Source/portable/MemMang/heap_4.o
 .debug_line    0x000021bd      0x2ef ./lib/Middlewares/Third_Party/FreeRTOS/Source/portable/GCC/ARM_CM0/port.o
 .debug_line    0x000024ac      0x98b ./lib/Middlewares/Third_Party/FreeRTOS/Source/CMSIS_RTOS/cmsis_os.o
 .debug_line    0x00002e37      0x40c ./lib/Middlewares/Third_Party/FreeRTOS/Source/list.o
 .debug_line    0x00003243      0xcfd ./lib/Middlewares/Third_Party/FreeRTOS/Source/tasks.o
 .debug_line    0x00003f40      0x726 ./lib/Drivers/STM32F0xx_HAL_Driver/Src/stm32f0xx_hal.o
 .debug_line    0x00004666      0xd4e ./lib/Drivers/STM32F0xx_HAL_Driver/Src/stm32f0xx_hal_adc.o
 .debug_line    0x000053b4      0x77e ./lib/Drivers/STM32F0xx_HAL_Driver/Src/stm32f0xx_hal_cortex.o
 .debug_line    0x00005b32      0x9b2 ./lib/Drivers/STM32F0xx_HAL_Driver/Src/stm32f0xx_hal_dma.o
 .debug_line    0x000064e4      0x811 ./lib/Drivers/STM32F0xx_HAL_Driver/Src/stm32f0xx_hal_gpio.o
 .debug_line    0x00006cf5      0xa82 ./lib/Drivers/STM32F0xx_HAL_Driver/Src/stm32f0xx_hal_rcc.o
 .debug_line    0x00007777      0x6ff ./lib/Drivers/STM32F0xx_HAL_Driver/Src/stm32f0xx_hal_rcc_ex.o
 .debug_line    0x00007e76     0x1098 ./lib/Drivers/STM32F0xx_HAL_Driver/Src/stm32f0xx_hal_spi.o
 .debug_line    0x00008f0e     0x2af5 ./lib/Drivers/STM32F0xx_HAL_Driver/Src/stm32f0xx_hal_tim.o
 .debug_line    0x0000ba03     0x1148 ./lib/Drivers/STM32F0xx_HAL_Driver/Src/stm32f0xx_hal_tim_ex.o
 .debug_line    0x0000cb4b      0xdde ./lib/Drivers/STM32F0xx_HAL_Driver/Src/stm32f0xx_hal_uart.o
 .debug_line    0x0000d929      0x1d7 ./lib/Drivers/CMSIS/Device/ST/STM32F0xx/Source/Templates/system_stm32f0xx.o

.debug_frame    0x00000000     0x2fc4
 *(.debug_frame)
 .debug_frame   0x00000000       0x38 ./system/src/newlib/_exit.o
 .debug_frame   0x00000038       0x80 ./system/src/newlib/_startup.o
 .debug_frame   0x000000b8       0x50 ./system/src/newlib/_syscalls.o
 .debug_frame   0x00000108       0x40 ./system/src/cortexm/_initialize_hardware.o
 .debug_frame   0x00000148       0x30 ./src/freertos.o
 .debug_frame   0x00000178      0x164 ./src/main.o
 .debug_frame   0x000002dc       0xf0 ./src/stm32f0xx_hal_msp.o
 .debug_frame   0x000003cc       0xa0 ./lib/Middlewares/Third_Party/FreeRTOS/Source/portable/MemMang/heap_4.o
 .debug_frame   0x0000046c      0x110 ./lib/Middlewares/Third_Party/FreeRTOS/Source/portable/GCC/ARM_CM0/port.o
 .debug_frame   0x0000057c      0x4e0 ./lib/Middlewares/Third_Party/FreeRTOS/Source/CMSIS_RTOS/cmsis_os.o
 .debug_frame   0x00000a5c       0x6c ./lib/Middlewares/Third_Party/FreeRTOS/Source/list.o
 .debug_frame   0x00000ac8      0x4dc ./lib/Middlewares/Third_Party/FreeRTOS/Source/tasks.o
 .debug_frame   0x00000fa4      0x144 ./lib/Drivers/STM32F0xx_HAL_Driver/Src/stm32f0xx_hal.o
 .debug_frame   0x000010e8      0x2b0 ./lib/Drivers/STM32F0xx_HAL_Driver/Src/stm32f0xx_hal_adc.o
 .debug_frame   0x00001398      0x114 ./lib/Drivers/STM32F0xx_HAL_Driver/Src/stm32f0xx_hal_cortex.o
 .debug_frame   0x000014ac      0x110 ./lib/Drivers/STM32F0xx_HAL_Driver/Src/stm32f0xx_hal_dma.o
 .debug_frame   0x000015bc       0xfc ./lib/Drivers/STM32F0xx_HAL_Driver/Src/stm32f0xx_hal_gpio.o
 .debug_frame   0x000016b8      0x13c ./lib/Drivers/STM32F0xx_HAL_Driver/Src/stm32f0xx_hal_rcc.o
 .debug_frame   0x000017f4       0x54 ./lib/Drivers/STM32F0xx_HAL_Driver/Src/stm32f0xx_hal_rcc_ex.o
 .debug_frame   0x00001848      0x50c ./lib/Drivers/STM32F0xx_HAL_Driver/Src/stm32f0xx_hal_spi.o
 .debug_frame   0x00001d54      0xa74 ./lib/Drivers/STM32F0xx_HAL_Driver/Src/stm32f0xx_hal_tim.o
 .debug_frame   0x000027c8      0x3d4 ./lib/Drivers/STM32F0xx_HAL_Driver/Src/stm32f0xx_hal_tim_ex.o
 .debug_frame   0x00002b9c      0x388 ./lib/Drivers/STM32F0xx_HAL_Driver/Src/stm32f0xx_hal_uart.o
 .debug_frame   0x00002f24       0x38 ./lib/Drivers/CMSIS/Device/ST/STM32F0xx/Source/Templates/system_stm32f0xx.o
 .debug_frame   0x00002f5c       0x20 c:/program files (x86)/gnu tools arm embedded/4.9 2015q2/bin/../lib/gcc/arm-none-eabi/4.9.3/armv6-m\libgcc.a(_udivsi3.o)
 .debug_frame   0x00002f7c       0x28 c:/program files (x86)/gnu tools arm embedded/4.9 2015q2/bin/../lib/gcc/arm-none-eabi/4.9.3/../../../../arm-none-eabi/lib/armv6-m\libg_nano.a(lib_a-memcpy.o)
 .debug_frame   0x00002fa4       0x20 c:/program files (x86)/gnu tools arm embedded/4.9 2015q2/bin/../lib/gcc/arm-none-eabi/4.9.3/../../../../arm-none-eabi/lib/armv6-m\libg_nano.a(lib_a-memset.o)

.debug_str      0x00000000    0x59d05
 *(.debug_str)
 .debug_str     0x00000000     0x5ba6 ./system/src/newlib/_exit.o
                               0x5d15 (size before relaxing)
 .debug_str     0x00005ba6      0xbc5 ./system/src/newlib/_startup.o
                               0x405f (size before relaxing)
 .debug_str     0x0000676b     0x15e3 ./system/src/newlib/_syscalls.o
                               0x6481 (size before relaxing)
 .debug_str     0x00007d4e    0x1812a ./system/src/cortexm/_initialize_hardware.o
                              0x1afd8 (size before relaxing)
 .debug_str     0x0001fe78     0x2dc2 ./src/freertos.o
                               0x5f4e (size before relaxing)
 .debug_str     0x00022c3a    0x327f2 ./src/main.o
                              0x5306c (size before relaxing)
 .debug_str     0x0005542c      0x10d ./src/stm32f0xx_hal_msp.o
                              0x4dd05 (size before relaxing)
 .debug_str     0x00055539      0x2d0 ./lib/Middlewares/Third_Party/FreeRTOS/Source/portable/MemMang/heap_4.o
                               0x85a0 (size before relaxing)
 .debug_str     0x00055809      0x4ed ./lib/Middlewares/Third_Party/FreeRTOS/Source/portable/GCC/ARM_CM0/port.o
                               0x6451 (size before relaxing)
 .debug_str     0x00055cf6      0x84b ./lib/Middlewares/Third_Party/FreeRTOS/Source/CMSIS_RTOS/cmsis_os.o
                               0xad62 (size before relaxing)
 .debug_str     0x00056541      0x141 ./lib/Middlewares/Third_Party/FreeRTOS/Source/list.o
                               0x7e75 (size before relaxing)
 .debug_str     0x00056682      0xe7f ./lib/Middlewares/Third_Party/FreeRTOS/Source/tasks.o
                               0x9dc3 (size before relaxing)
 .debug_str     0x00057501      0x2a0 ./lib/Drivers/STM32F0xx_HAL_Driver/Src/stm32f0xx_hal.o
                              0x4d5d9 (size before relaxing)
 .debug_str     0x000577a1      0x3ac ./lib/Drivers/STM32F0xx_HAL_Driver/Src/stm32f0xx_hal_adc.o
                              0x4d80b (size before relaxing)
 .debug_str     0x00057b4d      0x168 ./lib/Drivers/STM32F0xx_HAL_Driver/Src/stm32f0xx_hal_cortex.o
                              0x4d4a3 (size before relaxing)
 .debug_str     0x00057cb5      0x138 ./lib/Drivers/STM32F0xx_HAL_Driver/Src/stm32f0xx_hal_dma.o
                              0x4d3c1 (size before relaxing)
 .debug_str     0x00057ded      0x252 ./lib/Drivers/STM32F0xx_HAL_Driver/Src/stm32f0xx_hal_gpio.o
                              0x4d3ba (size before relaxing)
 .debug_str     0x0005803f      0x1e8 ./lib/Drivers/STM32F0xx_HAL_Driver/Src/stm32f0xx_hal_rcc.o
                              0x4d4f1 (size before relaxing)
 .debug_str     0x00058227       0xea ./lib/Drivers/STM32F0xx_HAL_Driver/Src/stm32f0xx_hal_rcc_ex.o
                              0x4d296 (size before relaxing)
 .debug_str     0x00058311      0x4a0 ./lib/Drivers/STM32F0xx_HAL_Driver/Src/stm32f0xx_hal_spi.o
                              0x4d941 (size before relaxing)
 .debug_str     0x000587b1      0xc50 ./lib/Drivers/STM32F0xx_HAL_Driver/Src/stm32f0xx_hal_tim.o
                              0x4e1b0 (size before relaxing)
 .debug_str     0x00059401      0x3da ./lib/Drivers/STM32F0xx_HAL_Driver/Src/stm32f0xx_hal_tim_ex.o
                              0x4da66 (size before relaxing)
 .debug_str     0x000597db      0x4be ./lib/Drivers/STM32F0xx_HAL_Driver/Src/stm32f0xx_hal_uart.o
                              0x4daab (size before relaxing)
 .debug_str     0x00059c99       0x6c ./lib/Drivers/CMSIS/Device/ST/STM32F0xx/Source/Templates/system_stm32f0xx.o
                              0x1b06c (size before relaxing)

.debug_loc      0x00000000     0xa133
 *(.debug_loc)
 .debug_loc     0x00000000      0x265 ./system/src/newlib/_startup.o
 .debug_loc     0x00000265       0x63 ./system/src/newlib/_syscalls.o
 .debug_loc     0x000002c8       0x21 ./src/main.o
 .debug_loc     0x000002e9      0x1b4 ./src/stm32f0xx_hal_msp.o
 .debug_loc     0x0000049d      0x287 ./lib/Middlewares/Third_Party/FreeRTOS/Source/portable/MemMang/heap_4.o
 .debug_loc     0x00000724       0xa6 ./lib/Middlewares/Third_Party/FreeRTOS/Source/portable/GCC/ARM_CM0/port.o
 .debug_loc     0x000007ca     0x1048 ./lib/Middlewares/Third_Party/FreeRTOS/Source/CMSIS_RTOS/cmsis_os.o
 .debug_loc     0x00001812       0x65 ./lib/Middlewares/Third_Party/FreeRTOS/Source/list.o
 .debug_loc     0x00001877     0x1560 ./lib/Middlewares/Third_Party/FreeRTOS/Source/tasks.o
 .debug_loc     0x00002dd7       0x6a ./lib/Drivers/STM32F0xx_HAL_Driver/Src/stm32f0xx_hal.o
 .debug_loc     0x00002e41      0xa00 ./lib/Drivers/STM32F0xx_HAL_Driver/Src/stm32f0xx_hal_adc.o
 .debug_loc     0x00003841      0x2b0 ./lib/Drivers/STM32F0xx_HAL_Driver/Src/stm32f0xx_hal_cortex.o
 .debug_loc     0x00003af1      0x48a ./lib/Drivers/STM32F0xx_HAL_Driver/Src/stm32f0xx_hal_dma.o
 .debug_loc     0x00003f7b      0x411 ./lib/Drivers/STM32F0xx_HAL_Driver/Src/stm32f0xx_hal_gpio.o
 .debug_loc     0x0000438c      0x553 ./lib/Drivers/STM32F0xx_HAL_Driver/Src/stm32f0xx_hal_rcc.o
 .debug_loc     0x000048df      0x1d9 ./lib/Drivers/STM32F0xx_HAL_Driver/Src/stm32f0xx_hal_rcc_ex.o
 .debug_loc     0x00004ab8     0x1087 ./lib/Drivers/STM32F0xx_HAL_Driver/Src/stm32f0xx_hal_spi.o
 .debug_loc     0x00005b3f     0x288f ./lib/Drivers/STM32F0xx_HAL_Driver/Src/stm32f0xx_hal_tim.o
 .debug_loc     0x000083ce      0xc2b ./lib/Drivers/STM32F0xx_HAL_Driver/Src/stm32f0xx_hal_tim_ex.o
 .debug_loc     0x00008ff9     0x103c ./lib/Drivers/STM32F0xx_HAL_Driver/Src/stm32f0xx_hal_uart.o
 .debug_loc     0x0000a035       0xfe ./lib/Drivers/CMSIS/Device/ST/STM32F0xx/Source/Templates/system_stm32f0xx.o

.debug_macinfo
 *(.debug_macinfo)

.debug_weaknames
 *(.debug_weaknames)

.debug_funcnames
 *(.debug_funcnames)

.debug_typenames
 *(.debug_typenames)

.debug_varnames
 *(.debug_varnames)
OUTPUT(EEE3061WDesignProjectCode-rtos.elf elf32-littlearm)

.debug_ranges   0x00000000     0x1040
 .debug_ranges  0x00000000       0x18 ./system/src/newlib/_exit.o
 .debug_ranges  0x00000018       0x48 ./system/src/newlib/_startup.o
 .debug_ranges  0x00000060       0x20 ./system/src/newlib/_syscalls.o
 .debug_ranges  0x00000080       0x18 ./system/src/cortexm/_initialize_hardware.o
 .debug_ranges  0x00000098       0x18 ./src/freertos.o
 .debug_ranges  0x000000b0       0x70 ./src/main.o
 .debug_ranges  0x00000120       0x50 ./src/stm32f0xx_hal_msp.o
 .debug_ranges  0x00000170       0x40 ./lib/Middlewares/Third_Party/FreeRTOS/Source/portable/MemMang/heap_4.o
 .debug_ranges  0x000001b0       0x78 ./lib/Middlewares/Third_Party/FreeRTOS/Source/portable/GCC/ARM_CM0/port.o
 .debug_ranges  0x00000228      0x1a0 ./lib/Middlewares/Third_Party/FreeRTOS/Source/CMSIS_RTOS/cmsis_os.o
 .debug_ranges  0x000003c8       0x30 ./lib/Middlewares/Third_Party/FreeRTOS/Source/list.o
 .debug_ranges  0x000003f8      0x1b0 ./lib/Middlewares/Third_Party/FreeRTOS/Source/tasks.o
 .debug_ranges  0x000005a8       0x90 ./lib/Drivers/STM32F0xx_HAL_Driver/Src/stm32f0xx_hal.o
 .debug_ranges  0x00000638       0xe8 ./lib/Drivers/STM32F0xx_HAL_Driver/Src/stm32f0xx_hal_adc.o
 .debug_ranges  0x00000720       0x68 ./lib/Drivers/STM32F0xx_HAL_Driver/Src/stm32f0xx_hal_cortex.o
 .debug_ranges  0x00000788       0x58 ./lib/Drivers/STM32F0xx_HAL_Driver/Src/stm32f0xx_hal_dma.o
 .debug_ranges  0x000007e0       0x48 ./lib/Drivers/STM32F0xx_HAL_Driver/Src/stm32f0xx_hal_gpio.o
 .debug_ranges  0x00000828       0x70 ./lib/Drivers/STM32F0xx_HAL_Driver/Src/stm32f0xx_hal_rcc.o
 .debug_ranges  0x00000898       0x20 ./lib/Drivers/STM32F0xx_HAL_Driver/Src/stm32f0xx_hal_rcc_ex.o
 .debug_ranges  0x000008b8      0x1a8 ./lib/Drivers/STM32F0xx_HAL_Driver/Src/stm32f0xx_hal_spi.o
 .debug_ranges  0x00000a60      0x358 ./lib/Drivers/STM32F0xx_HAL_Driver/Src/stm32f0xx_hal_tim.o
 .debug_ranges  0x00000db8      0x130 ./lib/Drivers/STM32F0xx_HAL_Driver/Src/stm32f0xx_hal_tim_ex.o
 .debug_ranges  0x00000ee8      0x140 ./lib/Drivers/STM32F0xx_HAL_Driver/Src/stm32f0xx_hal_uart.o
 .debug_ranges  0x00001028       0x18 ./lib/Drivers/CMSIS/Device/ST/STM32F0xx/Source/Templates/system_stm32f0xx.o

.debug_macro    0x00000000     0xe7e6
 .debug_macro   0x00000000      0x131 ./system/src/newlib/_exit.o
 .debug_macro   0x00000131      0x83e ./system/src/newlib/_exit.o
 .debug_macro   0x0000096f       0x9c ./system/src/newlib/_exit.o
 .debug_macro   0x00000a0b      0x10e ./system/src/newlib/_exit.o
 .debug_macro   0x00000b19       0x86 ./system/src/newlib/_exit.o
 .debug_macro   0x00000b9f       0x43 ./system/src/newlib/_exit.o
 .debug_macro   0x00000be2      0x27a ./system/src/newlib/_exit.o
 .debug_macro   0x00000e5c       0x35 ./system/src/newlib/_exit.o
 .debug_macro   0x00000e91       0xe4 ./system/src/newlib/_startup.o
 .debug_macro   0x00000f75      0x34e ./system/src/newlib/_startup.o
 .debug_macro   0x000012c3      0x1ad ./system/src/newlib/_syscalls.o
 .debug_macro   0x00001470       0x1c ./system/src/newlib/_syscalls.o
 .debug_macro   0x0000148c       0x10 ./system/src/newlib/_syscalls.o
 .debug_macro   0x0000149c       0x10 ./system/src/newlib/_syscalls.o
 .debug_macro   0x000014ac       0x10 ./system/src/newlib/_syscalls.o
 .debug_macro   0x000014bc       0x10 ./system/src/newlib/_syscalls.o
 .debug_macro   0x000014cc       0x35 ./system/src/newlib/_syscalls.o
 .debug_macro   0x00001501      0x122 ./system/src/newlib/_syscalls.o
 .debug_macro   0x00001623       0x2e ./system/src/newlib/_syscalls.o
 .debug_macro   0x00001651       0x82 ./system/src/newlib/_syscalls.o
 .debug_macro   0x000016d3       0x2b ./system/src/newlib/_syscalls.o
 .debug_macro   0x000016fe      0x118 ./system/src/newlib/_syscalls.o
 .debug_macro   0x00001816      0x13e ./system/src/newlib/_syscalls.o
 .debug_macro   0x00001954       0x16 ./system/src/newlib/_syscalls.o
 .debug_macro   0x0000196a       0x7a ./system/src/cortexm/_initialize_hardware.o
 .debug_macro   0x000019e4       0x2e ./system/src/cortexm/_initialize_hardware.o
 .debug_macro   0x00001a12       0x22 ./system/src/cortexm/_initialize_hardware.o
 .debug_macro   0x00001a34       0x3a ./system/src/cortexm/_initialize_hardware.o
 .debug_macro   0x00001a6e       0x1f ./system/src/cortexm/_initialize_hardware.o
 .debug_macro   0x00001a8d      0x242 ./system/src/cortexm/_initialize_hardware.o
 .debug_macro   0x00001ccf     0x3dc2 ./system/src/cortexm/_initialize_hardware.o
 .debug_macro   0x00005a91       0x3c ./system/src/cortexm/_initialize_hardware.o
 .debug_macro   0x00005acd       0x91 ./src/freertos.o
 .debug_macro   0x00005b5e       0xde ./src/freertos.o
 .debug_macro   0x00005c3c       0x5e ./src/freertos.o
 .debug_macro   0x00005c9a       0xb6 ./src/freertos.o
 .debug_macro   0x00005d50       0x10 ./src/freertos.o
 .debug_macro   0x00005d60       0x1f ./src/freertos.o
 .debug_macro   0x00005d7f      0x3b5 ./src/freertos.o
 .debug_macro   0x00006134       0xc0 ./src/freertos.o
 .debug_macro   0x000061f4       0x8c ./src/freertos.o
 .debug_macro   0x00006280      0x32b ./src/main.o
 .debug_macro   0x000065ab       0xaa ./src/main.o
 .debug_macro   0x00006655     0x2ac7 ./src/main.o
 .debug_macro   0x0000911c       0x16 ./src/main.o
 .debug_macro   0x00009132       0x97 ./src/main.o
 .debug_macro   0x000091c9       0xf6 ./src/main.o
 .debug_macro   0x000092bf       0x10 ./src/main.o
 .debug_macro   0x000092cf       0x16 ./src/main.o
 .debug_macro   0x000092e5      0x197 ./src/main.o
 .debug_macro   0x0000947c       0x50 ./src/main.o
 .debug_macro   0x000094cc      0x936 ./src/main.o
 .debug_macro   0x00009e02      0x23c ./src/main.o
 .debug_macro   0x0000a03e      0x13a ./src/main.o
 .debug_macro   0x0000a178      0x114 ./src/main.o
 .debug_macro   0x0000a28c      0x1d8 ./src/main.o
 .debug_macro   0x0000a464       0x2d ./src/main.o
 .debug_macro   0x0000a491       0x43 ./src/main.o
 .debug_macro   0x0000a4d4       0x31 ./src/main.o
 .debug_macro   0x0000a505      0x344 ./src/main.o
 .debug_macro   0x0000a849       0xd6 ./src/main.o
 .debug_macro   0x0000a91f       0xb6 ./src/main.o
 .debug_macro   0x0000a9d5      0x199 ./src/main.o
 .debug_macro   0x0000ab6e       0x4d ./src/main.o
 .debug_macro   0x0000abbb      0x111 ./src/main.o
 .debug_macro   0x0000accc      0x2e2 ./src/main.o
 .debug_macro   0x0000afae      0x829 ./src/main.o
 .debug_macro   0x0000b7d7       0x32 ./src/main.o
 .debug_macro   0x0000b809      0x37c ./src/main.o
 .debug_macro   0x0000bb85      0x1f7 ./src/main.o
 .debug_macro   0x0000bd7c      0x10d ./src/main.o
 .debug_macro   0x0000be89       0x16 ./src/main.o
 .debug_macro   0x0000be9f       0xde ./src/main.o
 .debug_macro   0x0000bf7d       0x91 ./src/main.o
 .debug_macro   0x0000c00e       0xb0 ./src/main.o
 .debug_macro   0x0000c0be       0x7f ./src/main.o
 .debug_macro   0x0000c13d       0xcf ./src/main.o
 .debug_macro   0x0000c20c      0x26d ./src/stm32f0xx_hal_msp.o
 .debug_macro   0x0000c479      0x175 ./lib/Middlewares/Third_Party/FreeRTOS/Source/portable/MemMang/heap_4.o
 .debug_macro   0x0000c5ee       0xfd ./lib/Middlewares/Third_Party/FreeRTOS/Source/portable/GCC/ARM_CM0/port.o
 .debug_macro   0x0000c6eb      0x1a6 ./lib/Middlewares/Third_Party/FreeRTOS/Source/CMSIS_RTOS/cmsis_os.o
 .debug_macro   0x0000c891      0x14e ./lib/Middlewares/Third_Party/FreeRTOS/Source/list.o
 .debug_macro   0x0000c9df      0x203 ./lib/Middlewares/Third_Party/FreeRTOS/Source/tasks.o
 .debug_macro   0x0000cbe2       0x16 ./lib/Middlewares/Third_Party/FreeRTOS/Source/tasks.o
 .debug_macro   0x0000cbf8      0x291 ./lib/Drivers/STM32F0xx_HAL_Driver/Src/stm32f0xx_hal.o
 .debug_macro   0x0000ce89      0x291 ./lib/Drivers/STM32F0xx_HAL_Driver/Src/stm32f0xx_hal_adc.o
 .debug_macro   0x0000d11a      0x26d ./lib/Drivers/STM32F0xx_HAL_Driver/Src/stm32f0xx_hal_cortex.o
 .debug_macro   0x0000d387      0x273 ./lib/Drivers/STM32F0xx_HAL_Driver/Src/stm32f0xx_hal_dma.o
 .debug_macro   0x0000d5fa      0x2a6 ./lib/Drivers/STM32F0xx_HAL_Driver/Src/stm32f0xx_hal_gpio.o
 .debug_macro   0x0000d8a0      0x27f ./lib/Drivers/STM32F0xx_HAL_Driver/Src/stm32f0xx_hal_rcc.o
 .debug_macro   0x0000db1f      0x27f ./lib/Drivers/STM32F0xx_HAL_Driver/Src/stm32f0xx_hal_rcc_ex.o
 .debug_macro   0x0000dd9e      0x274 ./lib/Drivers/STM32F0xx_HAL_Driver/Src/stm32f0xx_hal_spi.o
 .debug_macro   0x0000e012      0x26e ./lib/Drivers/STM32F0xx_HAL_Driver/Src/stm32f0xx_hal_tim.o
 .debug_macro   0x0000e280      0x26d ./lib/Drivers/STM32F0xx_HAL_Driver/Src/stm32f0xx_hal_tim_ex.o
 .debug_macro   0x0000e4ed      0x283 ./lib/Drivers/STM32F0xx_HAL_Driver/Src/stm32f0xx_hal_uart.o
 .debug_macro   0x0000e770       0x76 ./lib/Drivers/CMSIS/Device/ST/STM32F0xx/Source/Templates/system_stm32f0xx.o
